<html>
<body>
<pre>
<h1>µVision Build Log</h1>
<h2>Tool Versions:</h2>
IDE-Version: •ÏVision V5.22.0.0
Copyright (C) 2016 ARM Ltd and ARM Germany GmbH. All rights reserved.
License Information: j j, nb, LIC=FQQ9U-SCYST-MQI0F-6UF0X-3ATNA-EBDDS
 
Tool Versions:
Toolchain:       MDK-ARM Professional  Version: 5.22
Toolchain Path:  C:\Keil_v5\ARM\ARMCC\Bin
C Compiler:      Armcc.exe V5.06 update 4 (build 422)
Assembler:       Armasm.exe V5.06 update 4 (build 422)
Linker/Locator:  ArmLink.exe V5.06 update 4 (build 422)
Library Manager: ArmAr.exe V5.06 update 4 (build 422)
Hex Converter:   FromElf.exe V5.06 update 4 (build 422)
CPU DLL:         SARMCM3.DLL V5.22
Dialog DLL:      DCM.DLL V1.13.9.0
Target DLL:      Segger\JL2CM3.dll V2.99.23.0
Dialog DLL:      TCM.DLL V1.21.0.0
 
<h2>Project:</h2>
D:\project\Mates\cow\COW_EFM\Cow_Sensor\MDK-ARM\ApBoard.uvprojx
Project File Date:  12/15/2017

<h2>Output:</h2>
*** Using Compiler 'V5.06 update 4 (build 422)', folder: 'C:\Keil_v5\ARM\ARMCC\Bin'
Build target 'Apboard'
compiling main.c...
compiling em_rtcc.c...
compiling SEGGER_RTT_printf.c...
compiling api.c...
compiling system.c...
compiling sx1276.c...
linking...
Program Size: Code=16780 RO-data=528 RW-data=372 ZI-data=2612  
".\Objects\ApBoard.axf" - 0 Error(s), 0 Warning(s).

<h2>Collection of Component include folders:</h2>
  D:\project\Mates\cow\COW_EFM\Cow_Sensor\MDK-ARM\RTE\_Apboard
  C:\Keil_v5\ARM\PACK\Keil\EFM32JG1B_DFP\1.1.0\Device\EFM32JG1B\Include

<h2>Collection of Component Files used:</h2>
Build Time Elapsed:  00:00:21
</pre>
</body>
</html>
