<html>
<body>
<pre>
<h1>µVision Build Log</h1>
<h2>Tool Versions:</h2>
IDE-Version: •ÏVision V5.14.0.0
Copyright (C) 2015 ARM Ltd and ARM Germany GmbH. All rights reserved.
License Information: soyu jung, mates, LIC=JGXEV-PBQ4B-UX4UE-56XG8-XTR5Z-CH3W9
 
Tool Versions:
Toolchain:       MDK-ARM Basic (256K)  Version: 5.14.0.0
Toolchain Path:  C:\Keil_v5\ARM\ARMCC\Bin
C Compiler:      Armcc.exe V5.05 update 1 (build 106)
Assembler:       Armasm.exe V5.05 update 1 (build 106)
Linker/Locator:  ArmLink.exe V5.05 update 1 (build 106)
Library Manager: ArmAr.exe V5.05 update 1 (build 106)
Hex Converter:   FromElf.exe V5.05 update 1 (build 106)
CPU DLL:         SARMCM3.DLL V5.14.0.0
Dialog DLL:      DCM.DLL V1.13.1.0
Target DLL:      Segger\JL2CM3.dll V2.99.13.0
Dialog DLL:      TCM.DLL V1.14.4.0
 
<h2>Project:</h2>
C:\Matescorp_Project\03. Farmking\sensor\Cow_Sensor\MDK-ARM\ApBoard.uvprojx
Project File Date:  04/17/2018

<h2>Output:</h2>
Build target 'Apboard'
compiling main.c...
compiling api.c...
compiling sx1276.c...
compiling system.c...
linking...
Program Size: Code=15644 RO-data=528 RW-data=372 ZI-data=1404  
".\Objects\ApBoard.axf" - 0 Error(s), 0 Warning(s).

<h2>Collection of Component include folders:</h2>
  C:\Matescorp_Project\03. Farmking\sensor\Cow_Sensor\MDK-ARM\RTE
  C:\Keil_v5\ARM\PACK\Keil\EFM32JG1B_DFP\1.1.0

<h2>Collection of Component Files used:</h2>
</pre>
</body>
</html>
