<html>
<body>
<pre>
<h1>킮ision Build Log</h1>
<h2>Tool Versions:</h2>
IDE-Version: μVision V5.14.0.0
Copyright (C) 2015 ARM Ltd and ARM Germany GmbH. All rights reserved.
License Information: 11 Microsoft, Microsoft, LIC=2WSAR-K813K-XLLCR-KBEPR-APN1J-W5Z63
 
Tool Versions:
Toolchain:       MDK-ARM Basic (256K)  Version: 5.14.0.0
Toolchain Path:  C:\Keil_v5\ARM\ARMCC\Bin
C Compiler:      Armcc.exe V5.05 update 1 (build 106)
Assembler:       Armasm.exe V5.05 update 1 (build 106)
Linker/Locator:  ArmLink.exe V5.05 update 1 (build 106)
Library Manager: ArmAr.exe V5.05 update 1 (build 106)
Hex Converter:   FromElf.exe V5.05 update 1 (build 106)
CPU DLL:         SARMCM3.DLL V5.14.0.0
Dialog DLL:      DCM.DLL V1.13.1.0
Target DLL:      Segger\JL2CM3.dll V2.99.13.0
Dialog DLL:      TCM.DLL V1.14.4.0
 
<h2>Project:</h2>
E:\JYB\프로젝트 폴더\COW\Cow_Ap\MDK-ARM\ApBoard.uvprojx
Project File Date:  09/25/2017

<h2>Output:</h2>
Build target 'ApBoard'
compiling system.c...
..\Src\system.c(40): warning:  #167-D: argument of type "uint8_t *" is incompatible with parameter of type "char *restrict"
     sprintf(TxBuf,"%x:%x %x %x %x\r\n",DEVICE_ID,ADC_Value[0],Gyro_Buf[0],Gyro_Buf[1],Gyro_Buf[2]);
..\Src\system.c: 1 warning, 0 errors
linking...
Program Size: Code=12496 RO-data=312 RW-data=324 ZI-data=1588  
FromELF: creating hex file...
"ApBoard\ApBoard.axf" - 0 Error(s), 1 Warning(s).

<h2>Software Packages used:</h2>

Package Vendor: ARM
                http://www.keil.com/pack/ARM.CMSIS.5.0.1.pack
                ARM::CMSIS:CORE:5.0.1
                CMSIS (Cortex Microcontroller Software Interface Standard)
   * Component: CORE Version: 5.0.1

<h2>Collection of Component include folders:</h2>
  E:\JYB\프로젝트 폴더\COW\Cow_Ap\MDK-ARM\RTE
  C:\Keil_v5\ARM\PACK\ARM\CMSIS\5.0.1\CMSIS\Include
  C:\Keil_v5\ARM\PACK\Keil\STM32L1xx_DFP\1.2.0

<h2>Collection of Component Files used:</h2>

   * Component: ARM::CMSIS:CORE:5.0.1
</pre>
</body>
</html>
