Component: ARM Compiler 5.05 update 1 (build 106) Tool: armlink [4d0efa]

==============================================================================

Section Cross References

    cli.o(i.cli_init) refers to memmovea.o(.text) for __aeabi_memcpy4
    cli.o(i.cli_init) refers to nrf_cli.o(i.nrf_cli_init) for nrf_cli_init
    cli.o(i.cli_init) refers to app_error.o(i.app_error_handler_bare) for app_error_handler_bare
    cli.o(i.cli_init) refers to cli.o(.constdata) for .constdata
    cli.o(i.cli_process) refers to nrf_cli.o(i.nrf_cli_process) for nrf_cli_process
    cli.o(i.cli_process) refers to cli.o(.constdata) for .constdata
    cli.o(i.cli_start) refers to nrf_cli.o(i.nrf_cli_start) for nrf_cli_start
    cli.o(i.cli_start) refers to app_error.o(i.app_error_handler_bare) for app_error_handler_bare
    cli.o(i.cli_start) refers to cli.o(.constdata) for .constdata
    cli.o(i.cli_wrong_param_count_help) refers to nrf_cli.o(i.nrf_cli_fprintf) for nrf_cli_fprintf
    cli.o(i.delete_all_cmd) refers to cli.o(i.nrf_cli_help_requested) for nrf_cli_help_requested
    cli.o(i.delete_all_cmd) refers to nrf_cli.o(i.nrf_cli_help_print) for nrf_cli_help_print
    cli.o(i.delete_all_cmd) refers to cli.o(i.cli_wrong_param_count_help) for cli_wrong_param_count_help
    cli.o(i.delete_all_cmd) refers to main.o(i.delete_all_begin) for delete_all_begin
    cli.o(i.delete_cmd) refers to cli.o(i.nrf_cli_help_requested) for nrf_cli_help_requested
    cli.o(i.delete_cmd) refers to nrf_cli.o(i.nrf_cli_help_print) for nrf_cli_help_print
    cli.o(i.delete_cmd) refers to cli.o(i.cli_wrong_param_count_help) for cli_wrong_param_count_help
    cli.o(i.delete_cmd) refers to strtol.o(.text) for strtol
    cli.o(i.delete_cmd) refers to cli.o(i.record_delete) for record_delete
    cli.o(i.gc_cmd) refers to fds.o(i.fds_gc) for fds_gc
    cli.o(i.gc_cmd) refers to nrf_cli.o(i.nrf_cli_fprintf) for nrf_cli_fprintf
    cli.o(i.gc_cmd) refers to main.o(.data) for fds_err_str
    cli.o(i.print_all_cmd) refers to fds.o(i.fds_record_open) for fds_record_open
    cli.o(i.print_all_cmd) refers to nrf_cli.o(i.nrf_cli_fprintf) for nrf_cli_fprintf
    cli.o(i.print_all_cmd) refers to fds.o(i.fds_record_close) for fds_record_close
    cli.o(i.print_all_cmd) refers to app_error.o(i.app_error_handler_bare) for app_error_handler_bare
    cli.o(i.print_all_cmd) refers to fds.o(i.fds_record_iterate) for fds_record_iterate
    cli.o(i.print_all_cmd) refers to main.o(.data) for fds_err_str
    cli.o(i.print_cfg_cmd) refers to fds.o(i.fds_record_open) for fds_record_open
    cli.o(i.print_cfg_cmd) refers to nrf_cli.o(i.nrf_cli_fprintf) for nrf_cli_fprintf
    cli.o(i.print_cfg_cmd) refers to fds.o(i.fds_record_close) for fds_record_close
    cli.o(i.print_cfg_cmd) refers to app_error.o(i.app_error_handler_bare) for app_error_handler_bare
    cli.o(i.print_cfg_cmd) refers to fds.o(i.fds_record_find) for fds_record_find
    cli.o(i.print_cfg_cmd) refers to main.o(.data) for fds_err_str
    cli.o(i.print_cmd) refers to cli.o(i.nrf_cli_help_requested) for nrf_cli_help_requested
    cli.o(i.print_cmd) refers to nrf_cli.o(i.nrf_cli_help_print) for nrf_cli_help_print
    cli.o(i.print_cmd) refers to cli.o(i.cli_wrong_param_count_help) for cli_wrong_param_count_help
    cli.o(i.print_cmd) refers to nrf_cli.o(i.nrf_cli_fprintf) for nrf_cli_fprintf
    cli.o(i.record_delete) refers to nrf_cli.o(i.nrf_cli_fprintf) for nrf_cli_fprintf
    cli.o(i.record_delete) refers to fds.o(i.fds_record_find) for fds_record_find
    cli.o(i.record_delete) refers to fds.o(i.fds_record_delete) for fds_record_delete
    cli.o(i.record_delete) refers to main.o(.data) for fds_err_str
    cli.o(i.record_delete_next) refers to fds.o(i.fds_record_iterate) for fds_record_iterate
    cli.o(i.record_delete_next) refers to fds.o(i.fds_record_delete) for fds_record_delete
    cli.o(i.record_update) refers to fds.o(i.fds_record_find) for fds_record_find
    cli.o(i.record_update) refers to nrf_cli.o(i.nrf_cli_fprintf) for nrf_cli_fprintf
    cli.o(i.record_update) refers to fds.o(i.fds_record_update) for fds_record_update
    cli.o(i.record_update) refers to cli.o(.constdata) for .constdata
    cli.o(i.record_update) refers to main.o(.data) for fds_err_str
    cli.o(i.record_write) refers to nrf_cli.o(i.nrf_cli_fprintf) for nrf_cli_fprintf
    cli.o(i.record_write) refers to fds.o(i.fds_record_write) for fds_record_write
    cli.o(i.record_write) refers to cli.o(.conststring) for .conststring
    cli.o(i.record_write) refers to main.o(.data) for fds_err_str
    cli.o(i.stat_cmd) refers to cli.o(i.nrf_cli_help_requested) for nrf_cli_help_requested
    cli.o(i.stat_cmd) refers to nrf_cli.o(i.nrf_cli_help_print) for nrf_cli_help_print
    cli.o(i.stat_cmd) refers to memseta.o(.text) for __aeabi_memclr4
    cli.o(i.stat_cmd) refers to fds.o(i.fds_stat) for fds_stat
[...]
    m_cli_uart_log_backend_queue_nrf_queue_cb 0x20002644   Data          12  cli.o(.bss)
    .bss                                     0x20002650   Section      384  cli.o(.bss)
    m_cli_uart_cmd_hist_memobj_nrf_balloc_pool_mem 0x20002650   Data         384  cli.o(.bss)
    .bss                                     0x200027d0   Section       32  nrf_drv_uart.o(.bss)
    m_cb                                     0x200027d0   Data          32  nrf_drv_uart.o(.bss)
    .bss                                     0x200027f0   Section      268  app_timer.o(.bss)
    m_op_queue                               0x200027f0   Data         268  app_timer.o(.bss)
    .bss                                     0x200028fc   Section       12  app_util_platform.o(.bss)
    .bss                                     0x20002908   Section      224  fds.o(.bss)
    desc                                     0x20002908   Data          12  fds.o(.bss)
    m_cb_table                               0x20002914   Data          16  fds.o(.bss)
    m_queue_data                             0x20002924   Data         140  fds.o(.bss)
    m_pages                                  0x200029b0   Data          40  fds.o(.bss)
    m_gc                                     0x200029d8   Data          16  fds.o(.bss)
    .bss                                     0x200029e8   Section       16  fds.o(.bss)
    m_queue_inst                             0x200029e8   Data          16  fds.o(.bss)
    .bss                                     0x200029f8   Section      160  nrf_fstorage_sd.o(.bss)
    m_fifo_data                              0x200029f8   Data         140  nrf_fstorage_sd.o(.bss)
    m_flags                                  0x20002a84   Data          20  nrf_fstorage_sd.o(.bss)
    .bss                                     0x20002a98   Section       16  nrf_fstorage_sd.o(.bss)
    m_fifo_inst                              0x20002a98   Data          16  nrf_fstorage_sd.o(.bss)
    .bss                                     0x20002aa8   Section      192  nrf_log_frontend.o(.bss)
    mempool_nrf_balloc_pool_mem              0x20002aa8   Data         192  nrf_log_frontend.o(.bss)
    .bss                                     0x20002b68   Section     1056  nrf_log_frontend.o(.bss)
    m_log_data                               0x20002b68   Data        1056  nrf_log_frontend.o(.bss)
    STACK                                    0x20002f88   Section     8192  arm_startup_nrf52.o(STACK)

    Global Symbols

    Symbol Name                              Value     Ov Type        Size  Object(Section)

    BuildAttributes$$THM_ISAv4$E$P$D$K$B$S$7EM$VFPi3$EXTD16$VFPS$VFMA$PE$A:L22UL41UL21$X:L11$S22US41US21$IEEE1$IW$USESV6$~STKCKD$USESV7$~SHL$OSPACE$EBA8$MICROLIB$REQ8$PRES8$EABIv2 0x00000000   Number         0  anon$$obj.o ABSOLUTE
    __ARM_use_no_argv                        0x00000000   Number         0  main.o ABSOLUTE
    __cpp_initialize__aeabi_                  - Undefined Weak Reference
    __cxa_finalize                            - Undefined Weak Reference
    _clock_init                               - Undefined Weak Reference
    _microlib_exit                            - Undefined Weak Reference
    pwr_mgmt_data0$$Base                      - Undefined Reference
    pwr_mgmt_data0$$Limit                     - Undefined Reference
    pwr_mgmt_data1$$Base                      - Undefined Reference
    pwr_mgmt_data1$$Limit                     - Undefined Reference
    pwr_mgmt_data2$$Base                      - Undefined Reference
    pwr_mgmt_data2$$Limit                     - Undefined Reference
    sdh_ble_observers0$$Base                  - Undefined Reference
    sdh_ble_observers0$$Limit                 - Undefined Reference
    sdh_ble_observers1$$Base                  - Undefined Reference
    sdh_ble_observers1$$Limit                 - Undefined Reference
    sdh_ble_observers2$$Base                  - Undefined Reference
    sdh_ble_observers2$$Limit                 - Undefined Reference
    sdh_ble_observers3$$Base                  - Undefined Reference
    sdh_ble_observers3$$Limit                 - Undefined Reference
    sdh_req_observers1$$Base                  - Undefined Reference
    sdh_req_observers1$$Limit                 - Undefined Reference
    sdh_soc_observers1$$Base                  - Undefined Reference
    sdh_soc_observers1$$Limit                 - Undefined Reference
    sdh_stack_observers1$$Base                - Undefined Reference
    sdh_stack_observers1$$Limit               - Undefined Reference
    sdh_state_observers1$$Base                - Undefined Reference
    sdh_state_observers1$$Limit               - Undefined Reference
    __Vectors_Size                           0x00000200   Number         0  arm_startup_nrf52.o ABSOLUTE
    __Vectors                                0x00023000   Data           4  arm_startup_nrf52.o(RESET)
    __Vectors_End                            0x00023200   Data           0  arm_startup_nrf52.o(RESET)
    __main                                   0x00023201   Thumb Code     0  entry.o(.ARM.Collect$$$$00000000)
    _main_stk                                0x00023201   Thumb Code     0  entry2.o(.ARM.Collect$$$$00000001)
    _main_scatterload                        0x00023205   Thumb Code     0  entry5.o(.ARM.Collect$$$$00000004)
    __main_after_scatterload                 0x00023209   Thumb Code     0  entry5.o(.ARM.Collect$$$$00000004)
    _main_clock                              0x00023209   Thumb Code     0  entry7b.o(.ARM.Collect$$$$00000008)
    _main_cpp_init                           0x00023209   Thumb Code     0  entry8b.o(.ARM.Collect$$$$0000000A)
    _main_init                               0x00023209   Thumb Code     0  entry9a.o(.ARM.Collect$$$$0000000B)
    __rt_final_cpp                           0x00023211   Thumb Code     0  entry10a.o(.ARM.Collect$$$$0000000D)
    __rt_final_exit                          0x00023211   Thumb Code     0  entry11a.o(.ARM.Collect$$$$0000000F)
    __asm___5_fds_c_m_fs__nrf_atomic_internal_mov 0x00023215   Thumb Code    24  fds.o(.emb_text)
    __asm___5_fds_c_m_fs__nrf_atomic_internal_orr 0x0002322d   Thumb Code    26  fds.o(.emb_text)
    __asm___5_fds_c_m_fs__nrf_atomic_internal_and 0x00023247   Thumb Code    26  fds.o(.emb_text)
    __asm___5_fds_c_m_fs__nrf_atomic_internal_eor 0x00023261   Thumb Code    26  fds.o(.emb_text)
    __asm___5_fds_c_m_fs__nrf_atomic_internal_add 0x0002327b   Thumb Code    26  fds.o(.emb_text)
    __asm___5_fds_c_m_fs__nrf_atomic_internal_sub 0x00023295   Thumb Code    26  fds.o(.emb_text)
    __asm___12_nrf_atfifo_c_51f461e1__nrf_atfifo_wspace_req 0x000232b1   Thumb Code    56  nrf_atfifo.o(.emb_text)
    __asm___12_nrf_atfifo_c_51f461e1__nrf_atfifo_wspace_close 0x000232e9   Thumb Code    18  nrf_atfifo.o(.emb_text)
    __asm___12_nrf_atfifo_c_51f461e1__nrf_atfifo_rspace_req 0x000232fb   Thumb Code    58  nrf_atfifo.o(.emb_text)
    __asm___12_nrf_atfifo_c_51f461e1__nrf_atfifo_rspace_close 0x00023335   Thumb Code    18  nrf_atfifo.o(.emb_text)
    __asm___12_nrf_atfifo_c_51f461e1__nrf_atfifo_space_clear 0x00023347   Thumb Code    50  nrf_atfifo.o(.emb_text)
    __asm___17_nrf_fstorage_sd_c_6e7dbfe9__nrf_atomic_internal_mov 0x00023379   Thumb Code    24  nrf_fstorage_sd.o(.emb_text)
    __asm___17_nrf_fstorage_sd_c_6e7dbfe9__nrf_atomic_internal_orr 0x00023391   Thumb Code    26  nrf_fstorage_sd.o(.emb_text)
    __asm___17_nrf_fstorage_sd_c_6e7dbfe9__nrf_atomic_internal_and 0x000233ab   Thumb Code    26  nrf_fstorage_sd.o(.emb_text)
    __asm___17_nrf_fstorage_sd_c_6e7dbfe9__nrf_atomic_internal_eor 0x000233c5   Thumb Code    26  nrf_fstorage_sd.o(.emb_text)
    __asm___17_nrf_fstorage_sd_c_6e7dbfe9__nrf_atomic_internal_add 0x000233df   Thumb Code    26  nrf_fstorage_sd.o(.emb_text)
    __asm___17_nrf_fstorage_sd_c_6e7dbfe9__nrf_atomic_internal_sub 0x000233f9   Thumb Code    26  nrf_fstorage_sd.o(.emb_text)
    __asm___12_nrf_memobj_c_9bb9f865__nrf_atomic_internal_mov 0x00023415   Thumb Code    24  nrf_memobj.o(.emb_text)
    __asm___12_nrf_memobj_c_9bb9f865__nrf_atomic_internal_orr 0x0002342d   Thumb Code    26  nrf_memobj.o(.emb_text)
    __asm___12_nrf_memobj_c_9bb9f865__nrf_atomic_internal_and 0x00023447   Thumb Code    26  nrf_memobj.o(.emb_text)
    __asm___12_nrf_memobj_c_9bb9f865__nrf_atomic_internal_eor 0x00023461   Thumb Code    26  nrf_memobj.o(.emb_text)
    __asm___12_nrf_memobj_c_9bb9f865__nrf_atomic_internal_add 0x0002347b   Thumb Code    26  nrf_memobj.o(.emb_text)
    __asm___12_nrf_memobj_c_9bb9f865__nrf_atomic_internal_sub 0x00023495   Thumb Code    26  nrf_memobj.o(.emb_text)
    __asm___13_nrf_ringbuf_c_bac3c598__nrf_atomic_internal_mov 0x000234b1   Thumb Code    24  nrf_ringbuf.o(.emb_text)
    __asm___13_nrf_ringbuf_c_bac3c598__nrf_atomic_internal_orr 0x000234c9   Thumb Code    26  nrf_ringbuf.o(.emb_text)
    __asm___13_nrf_ringbuf_c_bac3c598__nrf_atomic_internal_and 0x000234e3   Thumb Code    26  nrf_ringbuf.o(.emb_text)
    __asm___13_nrf_ringbuf_c_bac3c598__nrf_atomic_internal_eor 0x000234fd   Thumb Code    26  nrf_ringbuf.o(.emb_text)
    __asm___13_nrf_ringbuf_c_bac3c598__nrf_atomic_internal_add 0x00023517   Thumb Code    26  nrf_ringbuf.o(.emb_text)
    __asm___13_nrf_ringbuf_c_bac3c598__nrf_atomic_internal_sub 0x00023531   Thumb Code    26  nrf_ringbuf.o(.emb_text)
    __asm___18_nrf_log_frontend_c_bc460776__nrf_atomic_internal_mov 0x0002354d   Thumb Code    24  nrf_log_frontend.o(.emb_text)
    __asm___18_nrf_log_frontend_c_bc460776__nrf_atomic_internal_orr 0x00023565   Thumb Code    26  nrf_log_frontend.o(.emb_text)
    __asm___18_nrf_log_frontend_c_bc460776__nrf_atomic_internal_and 0x0002357f   Thumb Code    26  nrf_log_frontend.o(.emb_text)
    __asm___18_nrf_log_frontend_c_bc460776__nrf_atomic_internal_eor 0x00023599   Thumb Code    26  nrf_log_frontend.o(.emb_text)
    __asm___18_nrf_log_frontend_c_bc460776__nrf_atomic_internal_add 0x000235b3   Thumb Code    26  nrf_log_frontend.o(.emb_text)
    __asm___18_nrf_log_frontend_c_bc460776__nrf_atomic_internal_sub 0x000235cd   Thumb Code    26  nrf_log_frontend.o(.emb_text)
    Reset_Handler                            0x000235e9   Thumb Code     8  arm_startup_nrf52.o(.text)
    NMI_Handler                              0x000235f1   Thumb Code     2  arm_startup_nrf52.o(.text)
    HardFault_Handler                        0x000235f3   Thumb Code     2  arm_startup_nrf52.o(.text)
    MemoryManagement_Handler                 0x000235f5   Thumb Code     2  arm_startup_nrf52.o(.text)
    BusFault_Handler                         0x000235f7   Thumb Code     2  arm_startup_nrf52.o(.text)
    UsageFault_Handler                       0x000235f9   Thumb Code     2  arm_startup_nrf52.o(.text)
    SVC_Handler                              0x000235fb   Thumb Code     2  arm_startup_nrf52.o(.text)
    DebugMon_Handler                         0x000235fd   Thumb Code     2  arm_startup_nrf52.o(.text)
    PendSV_Handler                           0x000235ff   Thumb Code     2  arm_startup_nrf52.o(.text)
    SysTick_Handler                          0x00023601   Thumb Code     2  arm_startup_nrf52.o(.text)
    CCM_AAR_IRQHandler                       0x00023603   Thumb Code     0  arm_startup_nrf52.o(.text)
    COMP_LPCOMP_IRQHandler                   0x00023603   Thumb Code     0  arm_startup_nrf52.o(.text)
    ECB_IRQHandler                           0x00023603   Thumb Code     0  arm_startup_nrf52.o(.text)
    FPU_IRQHandler                           0x00023603   Thumb Code     0  arm_startup_nrf52.o(.text)
    GPIOTE_IRQHandler                        0x00023603   Thumb Code     0  arm_startup_nrf52.o(.text)
    I2S_IRQHandler                           0x00023603   Thumb Code     0  arm_startup_nrf52.o(.text)
    MWU_IRQHandler                           0x00023603   Thumb Code     0  arm_startup_nrf52.o(.text)
    NFCT_IRQHandler                          0x00023603   Thumb Code     0  arm_startup_nrf52.o(.text)
    PDM_IRQHandler                           0x00023603   Thumb Code     0  arm_startup_nrf52.o(.text)
    POWER_CLOCK_IRQHandler                   0x00023603   Thumb Code     0  arm_startup_nrf52.o(.text)
    PWM0_IRQHandler                          0x00023603   Thumb Code     0  arm_startup_nrf52.o(.text)
    PWM1_IRQHandler                          0x00023603   Thumb Code     0  arm_startup_nrf52.o(.text)
    PWM2_IRQHandler                          0x00023603   Thumb Code     0  arm_startup_nrf52.o(.text)
    QDEC_IRQHandler                          0x00023603   Thumb Code     0  arm_startup_nrf52.o(.text)
    RADIO_IRQHandler                         0x00023603   Thumb Code     0  arm_startup_nrf52.o(.text)
    RNG_IRQHandler                           0x00023603   Thumb Code     0  arm_startup_nrf52.o(.text)
    RTC0_IRQHandler                          0x00023603   Thumb Code     0  arm_startup_nrf52.o(.text)
    RTC2_IRQHandler                          0x00023603   Thumb Code     0  arm_startup_nrf52.o(.text)
    SAADC_IRQHandler                         0x00023603   Thumb Code     0  arm_startup_nrf52.o(.text)
    SPIM0_SPIS0_TWIM0_TWIS0_SPI0_TWI0_IRQHandler 0x00023603   Thumb Code     0  arm_startup_nrf52.o(.text)
    SPIM1_SPIS1_TWIM1_TWIS1_SPI1_TWI1_IRQHandler 0x00023603   Thumb Code     0  arm_startup_nrf52.o(.text)
    SPIM2_SPIS2_SPI2_IRQHandler              0x00023603   Thumb Code     0  arm_startup_nrf52.o(.text)
    SWI1_EGU1_IRQHandler                     0x00023603   Thumb Code     0  arm_startup_nrf52.o(.text)
    SWI3_EGU3_IRQHandler                     0x00023603   Thumb Code     0  arm_startup_nrf52.o(.text)
    SWI4_EGU4_IRQHandler                     0x00023603   Thumb Code     0  arm_startup_nrf52.o(.text)
    SWI5_EGU5_IRQHandler                     0x00023603   Thumb Code     0  arm_startup_nrf52.o(.text)
    TEMP_IRQHandler                          0x00023603   Thumb Code     0  arm_startup_nrf52.o(.text)
    TIMER0_IRQHandler                        0x00023603   Thumb Code     0  arm_startup_nrf52.o(.text)
    TIMER1_IRQHandler                        0x00023603   Thumb Code     0  arm_startup_nrf52.o(.text)
    TIMER2_IRQHandler                        0x00023603   Thumb Code     0  arm_startup_nrf52.o(.text)
    TIMER3_IRQHandler                        0x00023603   Thumb Code     0  arm_startup_nrf52.o(.text)
    TIMER4_IRQHandler                        0x00023603   Thumb Code     0  arm_startup_nrf52.o(.text)
    WDT_IRQHandler                           0x00023603   Thumb Code     0  arm_startup_nrf52.o(.text)
    __rt_ctype_table                         0x0002360d   Thumb Code     4  ctype_o.o(.text)
    qsort                                    0x00023615   Thumb Code   156  qsort.o(.text)
    ___aeabi_memcpy8$move                    0x000236b1   Thumb Code     0  memmovea.o(.text)
    __aeabi_memcpy                           0x000236b1   Thumb Code    64  memmovea.o(.text)
    __aeabi_memcpy4                          0x000236b1   Thumb Code     0  memmovea.o(.text)
    __aeabi_memmove                          0x000236b1   Thumb Code     0  memmovea.o(.text)
    __aeabi_memmove4                         0x000236b1   Thumb Code     0  memmovea.o(.text)
    __aeabi_memmove8                         0x000236b1   Thumb Code     0  memmovea.o(.text)
    __aeabi_memset                           0x000236f1   Thumb Code    14  memseta.o(.text)
    __aeabi_memset4                          0x000236f1   Thumb Code     0  memseta.o(.text)
    __aeabi_memset8                          0x000236f1   Thumb Code     0  memseta.o(.text)
    __aeabi_memclr                           0x000236ff   Thumb Code     4  memseta.o(.text)
    __aeabi_memclr4                          0x000236ff   Thumb Code     0  memseta.o(.text)
    __aeabi_memclr8                          0x000236ff   Thumb Code     0  memseta.o(.text)
    _memset$wrapper                          0x00023703   Thumb Code    18  memseta.o(.text)
    strlen                                   0x00023715   Thumb Code    14  strlen.o(.text)
    strcmp                                   0x00023723   Thumb Code    28  strcmp.o(.text)
    strcpy                                   0x0002373f   Thumb Code    18  strcpy.o(.text)
    strncmp                                  0x00023751   Thumb Code    30  strncmp.o(.text)
    strtol                                   0x0002376f   Thumb Code   112  strtol.o(.text)
    _strtoul                                 0x000237df   Thumb Code   158  _strtoul.o(.text)
    __scatterload                            0x0002387d   Thumb Code    28  init.o(.text)
    __scatterload_rt2                        0x0002387d   Thumb Code     0  init.o(.text)
    _chval                                   0x000238a1   Thumb Code    28  _chval.o(.text)
    __decompress                             0x000238bd   Thumb Code     0  __dczerorl2.o(.text)
    __decompress1                            0x000238bd   Thumb Code    86  __dczerorl2.o(.text)
    RTC1_IRQHandler                          0x00023975   Thumb Code    32  app_timer.o(i.RTC1_IRQHandler)
    SWI0_EGU0_IRQHandler                     0x00023999   Thumb Code     4  app_timer.o(i.SWI0_EGU0_IRQHandler)
    SWI2_EGU2_IRQHandler                     0x0002399d   Thumb Code     4  nrf_sdh.o(i.SWI2_EGU2_IRQHandler)
    SystemInit                               0x000239a1   Thumb Code   700  system_nrf52.o(i.SystemInit)
    UARTE0_UART0_IRQHandler                  0x00023c9d   Thumb Code    20  nrf_drv_uart.o(i.UARTE0_UART0_IRQHandler)
    __aeabi_errno_addr                       0x00023cb9   Thumb Code     4  errno.o(i.__aeabi_errno_addr)
    __rt_errno_addr                          0x00023cb9   Thumb Code     0  errno.o(i.__aeabi_errno_addr)
    __scatterload_copy                       0x00023cc1   Thumb Code    14  handlers.o(i.__scatterload_copy)
    __scatterload_null                       0x00023ccf   Thumb Code     2  handlers.o(i.__scatterload_null)
    __scatterload_zeroinit                   0x00023cd1   Thumb Code    14  handlers.o(i.__scatterload_zeroinit)
    app_error_fault_handler                  0x00023d41   Thumb Code    90  app_error_weak.o(i.app_error_fault_handler)
    app_error_handler_bare                   0x00023dc5   Thumb Code    22  app_error.o(i.app_error_handler_bare)
    app_timer_create                         0x00023ddd   Thumb Code    32  app_timer.o(i.app_timer_create)
    app_timer_init                           0x00023e01   Thumb Code    70  app_timer.o(i.app_timer_init)
    app_timer_start                          0x00023e55   Thumb Code   128  app_timer.o(i.app_timer_start)
    app_timer_stop                           0x00023edd   Thumb Code    26  app_timer.o(i.app_timer_stop)
    app_util_critical_region_enter           0x00023efd   Thumb Code    64  app_util_platform.o(i.app_util_critical_region_enter)
    app_util_critical_region_exit            0x00023f45   Thumb Code    46  app_util_platform.o(i.app_util_critical_region_exit)
    buffer_is_empty                          0x000240b5   Thumb Code    16  nrf_log_frontend.o(i.buffer_is_empty)
    cli_init                                 0x00024591   Thumb Code    58  cli.o(i.cli_init)
    cli_process                              0x00024741   Thumb Code     6  cli.o(i.cli_process)
    cli_start                                0x0002475d   Thumb Code    22  cli.o(i.cli_start)
    crc16_compute                            0x000250c5   Thumb Code    54  crc16.o(i.crc16_compute)
    delete_all_begin                         0x000253d1   Thumb Code     8  main.o(i.delete_all_begin)
    delete_all_process                       0x0002541d   Thumb Code    76  main.o(i.delete_all_process)
    fds_gc                                   0x0002582d   Thumb Code    52  fds.o(i.fds_gc)
    fds_init                                 0x00025869   Thumb Code   192  fds.o(i.fds_init)
    fds_record_close                         0x0002593d   Thumb Code    60  fds.o(i.fds_record_close)
    fds_record_delete                        0x0002597d   Thumb Code    58  fds.o(i.fds_record_delete)
    fds_record_find                          0x000259bd   Thumb Code    14  fds.o(i.fds_record_find)
    fds_record_iterate                       0x000259cb   Thumb Code    12  fds.o(i.fds_record_iterate)
    fds_record_open                          0x000259d9   Thumb Code   122  fds.o(i.fds_record_open)
    fds_record_update                        0x00025a59   Thumb Code    14  fds.o(i.fds_record_update)
    fds_record_write                         0x00025a67   Thumb Code     8  fds.o(i.fds_record_write)
    fds_register                             0x00025a71   Thumb Code    38  fds.o(i.fds_register)
    fds_stat                                 0x00025aa1   Thumb Code   148  fds.o(i.fds_stat)
    main                                     0x000268a1   Thumb Code   550  main.o(i.main)
    nrf_atfifo_clear                         0x00026f5d   Thumb Code    16  nrf_atfifo.o(i.nrf_atfifo_clear)
    nrf_atfifo_init                          0x00026f6d   Thumb Code    38  nrf_atfifo.o(i.nrf_atfifo_init)
    nrf_atfifo_item_alloc                    0x00026f93   Thumb Code    22  nrf_atfifo.o(i.nrf_atfifo_item_alloc)
    nrf_atfifo_item_free                     0x00026fa9   Thumb Code    22  nrf_atfifo.o(i.nrf_atfifo_item_free)
    nrf_atfifo_item_get                      0x00026fbf   Thumb Code    22  nrf_atfifo.o(i.nrf_atfifo_item_get)
    nrf_atfifo_item_put                      0x00026fd5   Thumb Code    22  nrf_atfifo.o(i.nrf_atfifo_item_put)
    nrf_balloc_alloc                         0x0002701f   Thumb Code    68  nrf_balloc.o(i.nrf_balloc_alloc)
    nrf_balloc_free                          0x00027063   Thumb Code    48  nrf_balloc.o(i.nrf_balloc_free)
    nrf_balloc_init                          0x00027093   Thumb Code    48  nrf_balloc.o(i.nrf_balloc_init)
    nrf_cli_cmd_cli_stats                    0x00027155   Thumb Code    70  nrf_cli.o(i.nrf_cli_cmd_cli_stats)
    nrf_cli_cmd_cli_stats_get                0x000271ad   Thumb Code    78  nrf_cli.o(i.nrf_cli_cmd_cli_stats_get)
    nrf_cli_cmd_cli_stats_reset              0x00027239   Thumb Code    46  nrf_cli.o(i.nrf_cli_cmd_cli_stats_reset)
    nrf_cli_fprintf                          0x00027551   Thumb Code    80  nrf_cli.o(i.nrf_cli_fprintf)
    nrf_cli_help_print                       0x000275a1   Thumb Code   562  nrf_cli.o(i.nrf_cli_help_print)
    nrf_cli_init                             0x00027835   Thumb Code    48  nrf_cli.o(i.nrf_cli_init)
    nrf_cli_print_stream                     0x00027919   Thumb Code     6  nrf_cli.o(i.nrf_cli_print_stream)
    nrf_cli_process                          0x00027921   Thumb Code    76  nrf_cli.o(i.nrf_cli_process)
    nrf_cli_start                            0x00027971   Thumb Code    66  nrf_cli.o(i.nrf_cli_start)
    nrf_drv_common_irq_enable                0x00027ae7   Thumb Code    56  nrf_drv_common.o(i.nrf_drv_common_irq_enable)
    nrf_drv_uart_init                        0x00027b35   Thumb Code    98  nrf_drv_uart.o(i.nrf_drv_uart_init)
    nrf_drv_uart_rx                          0x00027b9d   Thumb Code   170  nrf_drv_uart.o(i.nrf_drv_uart_rx)
    nrf_drv_uart_rx_abort                    0x00027c4d   Thumb Code    34  nrf_drv_uart.o(i.nrf_drv_uart_rx_abort)
    nrf_drv_uart_tx                          0x00027dcd   Thumb Code   262  nrf_drv_uart.o(i.nrf_drv_uart_tx)
    nrf_drv_uart_tx_in_progress              0x00027ed9   Thumb Code    18  nrf_drv_uart.o(i.nrf_drv_uart_tx_in_progress)
    nrf_drv_uart_uninit                      0x00027ef1   Thumb Code    74  nrf_drv_uart.o(i.nrf_drv_uart_uninit)
    nrf_fprintf                              0x00027f45   Thumb Code    26  nrf_fprintf.o(i.nrf_fprintf)
    nrf_fprintf_buffer_flush                 0x00027f5f   Thumb Code    24  nrf_fprintf.o(i.nrf_fprintf_buffer_flush)
    nrf_fprintf_fmt                          0x00027f77   Thumb Code   474  nrf_fprintf_format.o(i.nrf_fprintf_fmt)
    nrf_fstorage_erase                       0x00028151   Thumb Code    78  nrf_fstorage.o(i.nrf_fstorage_erase)
    nrf_fstorage_init                        0x0002819f   Thumb Code    16  nrf_fstorage.o(i.nrf_fstorage_init)
    nrf_fstorage_sdh_req_handler             0x000281b1   Thumb Code    18  nrf_fstorage_sd.o(i.nrf_fstorage_sdh_req_handler)
    nrf_fstorage_sdh_state_handler           0x000281c9   Thumb Code    28  nrf_fstorage_sd.o(i.nrf_fstorage_sdh_state_handler)
    nrf_fstorage_sys_evt_handler             0x000281e9   Thumb Code   150  nrf_fstorage_sd.o(i.nrf_fstorage_sys_evt_handler)
    nrf_fstorage_write                       0x0002828d   Thumb Code   102  nrf_fstorage.o(i.nrf_fstorage_write)
    nrf_log_backend_add                      0x00028351   Thumb Code   124  nrf_log_frontend.o(i.nrf_log_backend_add)
    nrf_log_color_id_get                     0x00028441   Thumb Code    42  nrf_log_frontend.o(i.nrf_log_color_id_get)
    nrf_log_frontend_dequeue                 0x00028471   Thumb Code   522  nrf_log_frontend.o(i.nrf_log_frontend_dequeue)
    nrf_log_frontend_std_0                   0x00028689   Thumb Code     8  nrf_log_frontend.o(i.nrf_log_frontend_std_0)
    nrf_log_frontend_std_1                   0x00028691   Thumb Code    14  nrf_log_frontend.o(i.nrf_log_frontend_std_1)
    nrf_log_frontend_std_2                   0x0002869f   Thumb Code    16  nrf_log_frontend.o(i.nrf_log_frontend_std_2)
    nrf_log_hexdump_entry_process            0x000286b1   Thumb Code   146  nrf_log_str_formatter.o(i.nrf_log_hexdump_entry_process)
    nrf_log_init                             0x0002875d   Thumb Code   124  nrf_log_frontend.o(i.nrf_log_init)
    nrf_log_module_cnt_get                   0x000287ed   Thumb Code    10  nrf_log_frontend.o(i.nrf_log_module_cnt_get)
    nrf_log_module_filter_get                0x00028801   Thumb Code    66  nrf_log_frontend.o(i.nrf_log_module_filter_get)
    nrf_log_module_filter_set                0x0002884d   Thumb Code    64  nrf_log_frontend.o(i.nrf_log_module_filter_set)
    nrf_log_module_name_get                  0x00028891   Thumb Code    24  nrf_log_frontend.o(i.nrf_log_module_name_get)
    nrf_log_panic                            0x000288ad   Thumb Code    34  nrf_log_frontend.o(i.nrf_log_panic)
    nrf_log_std_entry_process                0x000288d5   Thumb Code   182  nrf_log_str_formatter.o(i.nrf_log_std_entry_process)
    nrf_memobj_alloc                         0x0002898b   Thumb Code    96  nrf_memobj.o(i.nrf_memobj_alloc)
    nrf_memobj_free                          0x000289eb   Thumb Code    50  nrf_memobj.o(i.nrf_memobj_free)
    nrf_memobj_get                           0x00028a1d   Thumb Code    14  nrf_memobj.o(i.nrf_memobj_get)
    nrf_memobj_pool_init                     0x00028a2b   Thumb Code     4  nrf_memobj.o(i.nrf_memobj_pool_init)
    nrf_memobj_put                           0x00028a2f   Thumb Code    34  nrf_memobj.o(i.nrf_memobj_put)
    nrf_memobj_read                          0x00028a51   Thumb Code    12  nrf_memobj.o(i.nrf_memobj_read)
    nrf_memobj_write                         0x00028a5d   Thumb Code    12  nrf_memobj.o(i.nrf_memobj_write)
    nrf_pwr_mgmt_feed                        0x00028a69   Thumb Code     2  nrf_pwr_mgmt.o(i.nrf_pwr_mgmt_feed)
    nrf_queue_generic_pop                    0x00028a6b   Thumb Code   142  nrf_queue.o(i.nrf_queue_generic_pop)
    nrf_queue_is_empty                       0x00028af9   Thumb Code    18  nrf_queue.o(i.nrf_queue_is_empty)
    nrf_queue_is_full                        0x00028b0b   Thumb Code    30  nrf_queue.o(i.nrf_queue_is_full)
    nrf_queue_max_utilization_get            0x00028b29   Thumb Code     6  nrf_queue.o(i.nrf_queue_max_utilization_get)
    nrf_queue_max_utilization_reset          0x00028b2f   Thumb Code     8  nrf_queue.o(i.nrf_queue_max_utilization_reset)
    nrf_queue_push                           0x00028b45   Thumb Code   178  nrf_queue.o(i.nrf_queue_push)
    nrf_ringbuf_alloc                        0x00028bf7   Thumb Code   110  nrf_ringbuf.o(i.nrf_ringbuf_alloc)
    nrf_ringbuf_cpy_get                      0x00028c65   Thumb Code   124  nrf_ringbuf.o(i.nrf_ringbuf_cpy_get)
    nrf_ringbuf_cpy_put                      0x00028ce1   Thumb Code   114  nrf_ringbuf.o(i.nrf_ringbuf_cpy_put)
    nrf_ringbuf_free                         0x00028d53   Thumb Code    38  nrf_ringbuf.o(i.nrf_ringbuf_free)
    nrf_ringbuf_get                          0x00028d79   Thumb Code   112  nrf_ringbuf.o(i.nrf_ringbuf_get)
    nrf_ringbuf_init                         0x00028de9   Thumb Code    28  nrf_ringbuf.o(i.nrf_ringbuf_init)
    nrf_ringbuf_put                          0x00028e05   Thumb Code    52  nrf_ringbuf.o(i.nrf_ringbuf_put)
    nrf_sdh_ble_app_ram_start_get            0x00028e39   Thumb Code    16  nrf_sdh_ble.o(i.nrf_sdh_ble_app_ram_start_get)
    nrf_sdh_ble_default_cfg_set              0x00028e4d   Thumb Code   256  nrf_sdh_ble.o(i.nrf_sdh_ble_default_cfg_set)
    nrf_sdh_ble_enable                       0x00028f65   Thumb Code   112  nrf_sdh_ble.o(i.nrf_sdh_ble_enable)
    nrf_sdh_disable_request                  0x0002909d   Thumb Code    54  nrf_sdh.o(i.nrf_sdh_disable_request)
    nrf_sdh_enable_request                   0x000290d9   Thumb Code    96  nrf_sdh.o(i.nrf_sdh_enable_request)
    nrf_sdh_evts_poll                        0x00029145   Thumb Code    32  nrf_sdh.o(i.nrf_sdh_evts_poll)
    nrf_sdh_is_enabled                       0x00029169   Thumb Code     6  nrf_sdh.o(i.nrf_sdh_is_enabled)
    nrf_sdh_request_continue                 0x00029175   Thumb Code    22  nrf_sdh.o(i.nrf_sdh_request_continue)
    nrf_section_iter_init                    0x000291cd   Thumb Code    10  nrf_section_iter.o(i.nrf_section_iter_init)
    nrf_section_iter_next                    0x000291fb   Thumb Code    32  nrf_section_iter.o(i.nrf_section_iter_next)
    nrf_strerror_find                        0x0002921d   Thumb Code    52  nrf_strerror.o(i.nrf_strerror_find)
    nrf_strerror_get                         0x00029255   Thumb Code    14  nrf_strerror.o(i.nrf_strerror_get)
    record_delete_next                       0x00029c05   Thumb Code    44  cli.o(i.record_delete_next)
    nrf_cli_print_raw                        0x0002ae7c   Data          16  cli.o(.constdata)
    nrf_cli_write_raw                        0x0002ae8c   Data          16  cli.o(.constdata)
    nrf_cli_update_raw                       0x0002ae9c   Data          16  cli.o(.constdata)
    nrf_cli_delete_raw                       0x0002aeac   Data          16  cli.o(.constdata)
    nrf_cli_delete_all_raw                   0x0002aebc   Data          16  cli.o(.constdata)
    nrf_cli_gc_raw                           0x0002aecc   Data          16  cli.o(.constdata)
    nrf_cli_stat_raw                         0x0002aedc   Data          16  cli.o(.constdata)
    nrf_log_backend_cli_api                  0x0002af78   Data          12  nrf_cli.o(.constdata)
    nrf_cli_clear_raw                        0x0002af84   Data          16  nrf_cli.o(.constdata)
    nrf_cli_colors_raw                       0x0002afcc   Data          16  nrf_cli.o(.constdata)
    nrf_cli_echo_raw                         0x0002b014   Data          16  nrf_cli.o(.constdata)
    nrf_cli_history_raw                      0x0002b024   Data          16  nrf_cli.o(.constdata)
    nrf_cli_resize_raw                       0x0002b05c   Data          16  nrf_cli.o(.constdata)
    nrf_cli_cli_stats_raw                    0x0002b0a4   Data          16  nrf_cli.o(.constdata)
    nrf_cli_uart_transport_api               0x0002b0b4   Data          20  nrf_cli_uart.o(.constdata)
    nrf_fstorage_sd                          0x0002b0e8   Data          32  nrf_fstorage_sd.o(.constdata)
    nrf_cli_log_raw                          0x0002b298   Data          16  nrf_log_frontend.o(.constdata)
    m_ram_start                              0x0002b320   Data           4  nrf_sdh_ble.o(.constdata)
    __ctype_table                            0x0002b34c   Data         129  ctype_o.o(.constdata)
    Region$$Table$$Base                      0x0002c23c   Number         0  anon$$obj.o(Region$$Table)
    Region$$Table$$Limit                     0x0002c25c   Number         0  anon$$obj.o(Region$$Table)
    cli_command$$Base                        0x0002c25c   Number         0  cli.o(cli_command)
    nrf_cli_print_const                      0x0002c25c   Data           8  cli.o(cli_command)
    nrf_cli_write_const                      0x0002c264   Data           8  cli.o(cli_command)
    nrf_cli_update_const                     0x0002c26c   Data           8  cli.o(cli_command)
    nrf_cli_delete_const                     0x0002c274   Data           8  cli.o(cli_command)
    nrf_cli_delete_all_const                 0x0002c27c   Data           8  cli.o(cli_command)
    nrf_cli_gc_const                         0x0002c284   Data           8  cli.o(cli_command)
    nrf_cli_stat_const                       0x0002c28c   Data           8  cli.o(cli_command)
    nrf_cli_clear_const                      0x0002c294   Data           8  nrf_cli.o(cli_command)
    nrf_cli_colors_const                     0x0002c29c   Data           8  nrf_cli.o(cli_command)
    nrf_cli_echo_const                       0x0002c2a4   Data           8  nrf_cli.o(cli_command)
    nrf_cli_history_const                    0x0002c2ac   Data           8  nrf_cli.o(cli_command)
    nrf_cli_resize_const                     0x0002c2b4   Data           8  nrf_cli.o(cli_command)
    nrf_cli_cli_stats_const                  0x0002c2bc   Data           8  nrf_cli.o(cli_command)
    nrf_cli_log_const                        0x0002c2c4   Data           8  nrf_log_frontend.o(cli_command)
    cli_command$$Limit                       0x0002c2cc   Number         0  nrf_log_frontend.o(cli_command)
    log_const_data$$Base                     0x0002c2cc   Number         0  nrf_drv_uart.o(log_const_data)
    m_nrf_log_uart_logs_data_const           0x0002c2cc   Data           8  nrf_drv_uart.o(log_const_data)
    m_nrf_log_balloc_logs_data_const         0x0002c2d4   Data           8  nrf_balloc.o(log_const_data)
    m_nrf_log_cli_uart_logs_data_const       0x0002c2dc   Data           8  nrf_cli_uart.o(log_const_data)
    m_nrf_log_pwr_mgmt_logs_data_const       0x0002c2e4   Data           8  nrf_pwr_mgmt.o(log_const_data)
    m_nrf_log_app_logs_data_const            0x0002c2ec   Data           8  nrf_log_frontend.o(log_const_data)
    m_nrf_log_nrf_sdh_logs_data_const        0x0002c2f4   Data           8  nrf_sdh.o(log_const_data)
    m_nrf_log_nrf_sdh_ble_logs_data_const    0x0002c2fc   Data           8  nrf_sdh_ble.o(log_const_data)
    m_nrf_log_nrf_sdh_soc_logs_data_const    0x0002c304   Data           8  nrf_sdh_soc.o(log_const_data)
    log_const_data$$Limit                    0x0002c30c   Number         0  nrf_sdh_soc.o(log_const_data)
    m_req_obs                                0x0002c30c   Data           8  nrf_fstorage_sd.o(sdh_req_observers0)
    sdh_req_observers0$$Base                 0x0002c30c   Number         0  nrf_fstorage_sd.o(sdh_req_observers0)
    sdh_req_observers0$$Limit                0x0002c314   Number         0  nrf_fstorage_sd.o(sdh_req_observers0)
    sdh_soc_observers0$$Base                 0x0002c314   Number         0  nrf_fstorage_sd.o(sdh_soc_observers0)
    sdh_soc_observers0$$Limit                0x0002c31c   Number         0  nrf_fstorage_sd.o(sdh_soc_observers0)
    sdh_stack_observers0$$Base               0x0002c31c   Number         0  nrf_sdh_ble.o(sdh_stack_observers0)
    sdh_stack_observers0$$Limit              0x0002c32c   Number         0  nrf_sdh_soc.o(sdh_stack_observers0)
    sdh_state_observers0$$Base               0x0002c32c   Number         0  nrf_fstorage_sd.o(sdh_state_observers0)
    sdh_state_observers0$$Limit              0x0002c334   Number         0  nrf_fstorage_sd.o(sdh_state_observers0)
    Image$$RW_IRAM1$$Base                    0x200020e0   Number         0  anon$$obj.o ABSOLUTE
    fds_err_str                              0x20002124   Data          64  main.o(.data)
    SystemCoreClock                          0x20002258   Data           4  system_nrf52.o(.data)
    cli_sorted_cmd_ptrs$$Base                0x20002260   Number         0  cli.o(cli_sorted_cmd_ptrs)
    print_str_ptr                            0x20002260   Data           4  cli.o(cli_sorted_cmd_ptrs)
    write_str_ptr                            0x20002264   Data           4  cli.o(cli_sorted_cmd_ptrs)
    update_str_ptr                           0x20002268   Data           4  cli.o(cli_sorted_cmd_ptrs)
    delete_str_ptr                           0x2000226c   Data           4  cli.o(cli_sorted_cmd_ptrs)
    delete_all_str_ptr                       0x20002270   Data           4  cli.o(cli_sorted_cmd_ptrs)
    gc_str_ptr                               0x20002274   Data           4  cli.o(cli_sorted_cmd_ptrs)
    stat_str_ptr                             0x20002278   Data           4  cli.o(cli_sorted_cmd_ptrs)
    clear_str_ptr                            0x2000227c   Data           4  nrf_cli.o(cli_sorted_cmd_ptrs)
    colors_str_ptr                           0x20002280   Data           4  nrf_cli.o(cli_sorted_cmd_ptrs)
    echo_str_ptr                             0x20002284   Data           4  nrf_cli.o(cli_sorted_cmd_ptrs)
    history_str_ptr                          0x20002288   Data           4  nrf_cli.o(cli_sorted_cmd_ptrs)
    resize_str_ptr                           0x2000228c   Data           4  nrf_cli.o(cli_sorted_cmd_ptrs)
    cli_stats_str_ptr                        0x20002290   Data           4  nrf_cli.o(cli_sorted_cmd_ptrs)
    log_str_ptr                              0x20002294   Data           4  nrf_log_frontend.o(cli_sorted_cmd_ptrs)
    fs_data$$Base                            0x20002298   Number         0  fds.o(fs_data)
    m_fs                                     0x20002298   Data          20  fds.o(fs_data)
    fs_data$$Limit                           0x200022ac   Number         0  fds.o(fs_data)
    log_dynamic_data$$Base                   0x200022ac   Number         0  nrf_drv_uart.o(log_dynamic_data)
    m_nrf_log_uart_logs_data_dynamic         0x200022ac   Data          12  nrf_drv_uart.o(log_dynamic_data)
    m_nrf_log_balloc_logs_data_dynamic       0x200022b8   Data          12  nrf_balloc.o(log_dynamic_data)
    m_nrf_log_cli_uart_logs_data_dynamic     0x200022c4   Data          12  nrf_cli_uart.o(log_dynamic_data)
    m_nrf_log_pwr_mgmt_logs_data_dynamic     0x200022d0   Data          12  nrf_pwr_mgmt.o(log_dynamic_data)
    m_nrf_log_app_logs_data_dynamic          0x200022dc   Data          12  nrf_log_frontend.o(log_dynamic_data)
    m_nrf_log_nrf_sdh_logs_data_dynamic      0x200022e8   Data          12  nrf_sdh.o(log_dynamic_data)
    m_nrf_log_nrf_sdh_ble_logs_data_dynamic  0x200022f4   Data          12  nrf_sdh_ble.o(log_dynamic_data)
    m_nrf_log_nrf_sdh_soc_logs_data_dynamic  0x20002300   Data          12  nrf_sdh_soc.o(log_dynamic_data)
    nrf_nvic_state                           0x200028fc   Data          12  app_util_platform.o(.bss)
    __initial_sp                             0x20004f88   Data           0  arm_startup_nrf52.o(STACK)



==============================================================================

Memory Map of the image

  Image Entry point : 0x00023201

  Load Region LR_IROM1 (Base: 0x00023000, Size: 0x00009560, Max: 0x0005d000, ABSOLUTE, COMPRESSED[0x000093e4])

    Execution Region ER_IROM1 (Base: 0x00023000, Size: 0x00009334, Max: 0x0005d000, ABSOLUTE)

    Base Addr    Size         Type   Attr      Idx    E Section Name        Object

    0x00023000   0x00000200   Data   RO         3654    RESET               arm_startup_nrf52.o
    0x00023200   0x00000000   Code   RO         3695  * .ARM.Collect$$$$00000000  mc_w.l(entry.o)
    0x00023200   0x00000004   Code   RO         3748    .ARM.Collect$$$$00000001  mc_w.l(entry2.o)
    0x00023204   0x00000004   Code   RO         3751    .ARM.Collect$$$$00000004  mc_w.l(entry5.o)
    0x00023208   0x00000000   Code   RO         3753    .ARM.Collect$$$$00000008  mc_w.l(entry7b.o)
    0x00023208   0x00000000   Code   RO         3755    .ARM.Collect$$$$0000000A  mc_w.l(entry8b.o)
    0x00023208   0x00000008   Code   RO         3756    .ARM.Collect$$$$0000000B  mc_w.l(entry9a.o)
    0x00023210   0x00000000   Code   RO         3758    .ARM.Collect$$$$0000000D  mc_w.l(entry10a.o)
    0x00023210   0x00000000   Code   RO         3760    .ARM.Collect$$$$0000000F  mc_w.l(entry11a.o)
    0x00023210   0x00000004   Code   RO         3749    .ARM.Collect$$$$00002712  mc_w.l(entry2.o)
    0x00023214   0x0000009a   Code   RO         1315    .emb_text           fds.o
    0x000232ae   0x00000002   PAD
    0x000232b0   0x000000c8   Code   RO         1674    .emb_text           nrf_atfifo.o
    0x00023378   0x0000009a   Code   RO         2454    .emb_text           nrf_fstorage_sd.o
    0x00023412   0x00000002   PAD
    0x00023414   0x0000009a   Code   RO         2574    .emb_text           nrf_memobj.o
    0x000234ae   0x00000002   PAD
    0x000234b0   0x0000009a   Code   RO         2849    .emb_text           nrf_ringbuf.o
    0x0002354a   0x00000002   PAD
    0x0002354c   0x0000009a   Code   RO         3133    .emb_text           nrf_log_frontend.o
    0x000235e6   0x00000002   PAD
    0x000235e8   0x00000024   Code   RO         3655    .text               arm_startup_nrf52.o
    0x0002360c   0x00000008   Code   RO         3698    .text               mc_w.l(ctype_o.o)
    0x00023614   0x0000009c   Code   RO         3726    .text               mc_w.l(qsort.o)
    0x000236b0   0x00000040   Code   RO         3730    .text               mc_w.l(memmovea.o)
    0x000236f0   0x00000024   Code   RO         3732    .text               mc_w.l(memseta.o)
    0x00023714   0x0000000e   Code   RO         3734    .text               mc_w.l(strlen.o)
    0x00023722   0x0000001c   Code   RO         3736    .text               mc_w.l(strcmp.o)
    0x0002373e   0x00000012   Code   RO         3738    .text               mc_w.l(strcpy.o)
    0x00023750   0x0000001e   Code   RO         3740    .text               mc_w.l(strncmp.o)
    0x0002376e   0x00000070   Code   RO         3746    .text               mc_w.l(strtol.o)
    0x000237de   0x0000009e   Code   RO         3769    .text               mc_w.l(_strtoul.o)
    0x0002387c   0x00000024   Code   RO         3771    .text               mc_w.l(init.o)
    0x000238a0   0x0000001c   Code   RO         3773    .text               mc_w.l(_chval.o)
    0x000238bc   0x00000056   Code   RO         3783    .text               mc_w.l(__dczerorl2.o)
    0x00023912   0x00000016   Code   RO         1048    i.NVIC_ClearPendingIRQ  app_timer.o
    0x00023928   0x00000016   Code   RO         1049    i.NVIC_EnableIRQ    app_timer.o
    0x0002393e   0x00000016   Code   RO         1050    i.NVIC_SetPendingIRQ  app_timer.o
    0x00023954   0x00000020   Code   RO         1051    i.NVIC_SetPriority  app_timer.o
    0x00023974   0x00000024   Code   RO         1052    i.RTC1_IRQHandler   app_timer.o
    0x00023998   0x00000004   Code   RO         1053    i.SWI0_EGU0_IRQHandler  app_timer.o
    0x0002399c   0x00000004   Code   RO         3421    i.SWI2_EGU2_IRQHandler  nrf_sdh.o
    0x000239a0   0x000002fc   Code   RO         3663    i.SystemInit        system_nrf52.o
    0x00023c9c   0x0000001c   Code   RO          647    i.UARTE0_UART0_IRQHandler  nrf_drv_uart.o
    0x00023cb8   0x00000008   Code   RO         3762    i.__aeabi_errno_addr  mc_w.l(errno.o)
    0x00023cc0   0x0000000e   Code   RO         3777    i.__scatterload_copy  mc_w.l(handlers.o)
    0x00023cce   0x00000002   Code   RO         3778    i.__scatterload_null  mc_w.l(handlers.o)
    0x00023cd0   0x0000000e   Code   RO         3779    i.__scatterload_zeroinit  mc_w.l(handlers.o)
    0x00023cde   0x00000002   PAD
    0x00023ce0   0x00000024   Code   RO         3422    i.__sd_nvic_app_accessible_irq  nrf_sdh.o
    0x00023d04   0x00000016   Code   RO         3423    i.__sd_nvic_is_app_accessible_priority  nrf_sdh.o
    0x00023d1a   0x0000000c   Code   RO         2386    i.addr_is_aligned32  nrf_fstorage.o
    0x00023d26   0x00000018   Code   RO         2387    i.addr_within_bounds  nrf_fstorage.o
    0x00023d3e   0x00000002   PAD
    0x00023d40   0x00000084   Code   RO          935    i.app_error_fault_handler  app_error_weak.o
    0x00023dc4   0x00000016   Code   RO          896    i.app_error_handler_bare  app_error.o
    0x00023dda   0x00000002   PAD
    0x00023ddc   0x00000024   Code   RO         1056    i.app_timer_create  app_timer.o
    0x00023e00   0x00000054   Code   RO         1057    i.app_timer_init    app_timer.o
    0x00023e54   0x00000088   Code   RO         1060    i.app_timer_start   app_timer.o
    0x00023edc   0x00000020   Code   RO         1061    i.app_timer_stop    app_timer.o
    0x00023efc   0x00000048   Code   RO         1220    i.app_util_critical_region_enter  app_util_platform.o
    0x00023f44   0x00000034   Code   RO         1221    i.app_util_critical_region_exit  app_util_platform.o
    0x00023f78   0x000000b8   Code   RO          648    i.apply_config      nrf_drv_uart.o
    0x00024030   0x00000064   Code   RO         3134    i.buf_prealloc      nrf_log_frontend.o
    0x00024094   0x0000001e   Code   RO         2349    i.buffer_add        nrf_fprintf_format.o
    0x000240b2   0x00000002   PAD
    0x000240b4   0x00000014   Code   RO         3135    i.buffer_is_empty   nrf_log_frontend.o
    0x000240c8   0x000000b8   Code   RO         1785    i.char_backspace    nrf_cli.o
    0x00024180   0x00000094   Code   RO         1786    i.char_delete       nrf_cli.o
    0x00024214   0x00000140   Code   RO         1787    i.char_insert       nrf_cli.o
    0x00024354   0x00000014   Code   RO         1788    i.cli_clear_eos     nrf_cli.o
    0x00024368   0x00000014   Code   RO         1789    i.cli_cursor_restore  nrf_cli.o
    0x0002437c   0x00000014   Code   RO         1790    i.cli_cursor_save   nrf_cli.o
    0x00024390   0x00000200   Code   RO         1791    i.cli_execute       nrf_cli.o
    0x00024590   0x00000040   Code   RO            5    i.cli_init          cli.o
    0x000245d0   0x00000170   Code   RO         1792    i.cli_log_entry_process  nrf_cli.o
    0x00024740   0x0000000c   Code   RO            6    i.cli_process       cli.o
    0x0002474c   0x0000000e   Code   RO         1793    i.cli_read          nrf_cli.o
    0x0002475a   0x00000002   PAD
    0x0002475c   0x0000001c   Code   RO            7    i.cli_start         cli.o
    0x00024778   0x000001d6   Code   RO         1794    i.cli_state_collect  nrf_cli.o
    0x0002494e   0x00000002   PAD
    0x00024950   0x00000028   Code   RO         1795    i.cli_state_set     nrf_cli.o
    0x00024978   0x0000000a   Code   RO         1796    i.cli_strlen        nrf_cli.o
    0x00024982   0x00000002   PAD
    0x00024984   0x0000030c   Code   RO         1797    i.cli_tab_handle    nrf_cli.o
    0x00024c90   0x0000000e   Code   RO         1798    i.cli_transport_evt_handler  nrf_cli.o
    0x00024c9e   0x00000002   PAD
    0x00024ca0   0x0000006c   Code   RO         2227    i.cli_uart_enable   nrf_cli_uart.o
    0x00024d0c   0x0000004c   Code   RO         2228    i.cli_uart_init     nrf_cli_uart.o
    0x00024d58   0x0000000a   Code   RO         2229    i.cli_uart_read     nrf_cli_uart.o
    0x00024d62   0x00000016   Code   RO         2230    i.cli_uart_uninit   nrf_cli_uart.o
    0x00024d78   0x00000050   Code   RO         2231    i.cli_uart_write    nrf_cli_uart.o
    0x00024dc8   0x00000052   Code   RO         1799    i.cli_write         nrf_cli.o
    0x00024e1a   0x00000002   PAD
    0x00024e1c   0x00000044   Code   RO            8    i.cli_wrong_param_count_help  cli.o
    0x00024e60   0x00000088   Code   RO         1800    i.cmd_get           nrf_cli.o
    0x00024ee8   0x0000009a   Code   RO         1801    i.cmd_trim          nrf_cli.o
    0x00024f82   0x00000002   PAD
    0x00024f84   0x000000ac   Code   RO         1063    i.compare_reg_update  app_timer.o
    0x00025030   0x00000094   Code   RO         1802    i.completion_insert  nrf_cli.o
    0x000250c4   0x00000036   Code   RO         1288    i.crc16_compute     crc16.o
    0x000250fa   0x00000002   PAD
    0x000250fc   0x00000018   Code   RO         1803    i.cursor_down_move  nrf_cli.o
    0x00025114   0x00000052   Code   RO         1804    i.cursor_end_position_move  nrf_cli.o
    0x00025166   0x00000054   Code   RO         1805    i.cursor_home_position_move  nrf_cli.o
    0x000251ba   0x00000026   Code   RO         1806    i.cursor_in_empty_line  nrf_cli.o
    0x000251e0   0x00000018   Code   RO         1807    i.cursor_left_move  nrf_cli.o
    0x000251f8   0x00000014   Code   RO         1808    i.cursor_next_line_move  nrf_cli.o
    0x0002520c   0x00000128   Code   RO         1809    i.cursor_position_get  nrf_cli.o
    0x00025334   0x0000006a   Code   RO         1810    i.cursor_position_synchronize  nrf_cli.o
    0x0002539e   0x00000002   PAD
    0x000253a0   0x00000018   Code   RO         1811    i.cursor_right_move  nrf_cli.o
    0x000253b8   0x00000018   Code   RO         1812    i.cursor_up_move    nrf_cli.o
    0x000253d0   0x0000000c   Code   RO          362    i.delete_all_begin  main.o
    0x000253dc   0x00000040   Code   RO            9    i.delete_all_cmd    cli.o
    0x0002541c   0x00000090   Code   RO          363    i.delete_all_process  main.o
    0x000254ac   0x00000058   Code   RO           10    i.delete_cmd        cli.o
    0x00025504   0x00000080   Code   RO         1316    i.delete_execute    fds.o
    0x00025584   0x00000040   Code   RO         1064    i.elapsed_ticks_acquire  app_timer.o
    0x000255c4   0x0000004c   Code   RO         2455    i.erase             nrf_fstorage_sd.o
    0x00025610   0x00000074   Code   RO         1317    i.event_prepare     fds.o
    0x00025684   0x00000020   Code   RO         1318    i.event_send        fds.o
    0x000256a4   0x0000004e   Code   RO         2456    i.event_send        nrf_fstorage_sd.o
    0x000256f2   0x00000002   PAD
    0x000256f4   0x00000138   Code   RO          364    i.fds_evt_handler   main.o
    0x0002582c   0x0000003c   Code   RO         1321    i.fds_gc            fds.o
    0x00025868   0x000000d4   Code   RO         1322    i.fds_init          fds.o
    0x0002593c   0x00000040   Code   RO         1323    i.fds_record_close  fds.o
    0x0002597c   0x00000040   Code   RO         1324    i.fds_record_delete  fds.o
    0x000259bc   0x0000000e   Code   RO         1325    i.fds_record_find   fds.o
    0x000259ca   0x0000000c   Code   RO         1329    i.fds_record_iterate  fds.o
    0x000259d6   0x00000002   PAD
    0x000259d8   0x00000080   Code   RO         1330    i.fds_record_open   fds.o
    0x00025a58   0x0000000e   Code   RO         1331    i.fds_record_update  fds.o
    0x00025a66   0x00000008   Code   RO         1332    i.fds_record_write  fds.o
    0x00025a6e   0x00000002   PAD
    0x00025a70   0x00000030   Code   RO         1334    i.fds_register      fds.o
    0x00025aa0   0x0000009c   Code   RO         1337    i.fds_stat          fds.o
    0x00025b3c   0x000000f2   Code   RO         1813    i.format_offset_string_print  nrf_cli.o
    0x00025c2e   0x00000006   Code   RO         1338    i.fs_event_handler  fds.o
    0x00025c34   0x00000026   Code   RO         1814    i.full_line_cmd     nrf_cli.o
    0x00025c5a   0x00000002   PAD
    0x00025c5c   0x00000050   Code   RO           11    i.gc_cmd            cli.o
    0x00025cac   0x00000074   Code   RO         1339    i.gc_execute        fds.o
    0x00025d20   0x0000004c   Code   RO         1340    i.gc_next_page      fds.o
    0x00025d6c   0x00000040   Code   RO         1341    i.gc_page_erase     fds.o
    0x00025dac   0x00000034   Code   RO         1342    i.gc_record_copy    fds.o
    0x00025de0   0x00000024   Code   RO         1343    i.gc_record_find_next  fds.o
    0x00025e04   0x00000088   Code   RO         1344    i.gc_state_advance  fds.o
    0x00025e8c   0x00000026   Code   RO         1345    i.header_check      fds.o
    0x00025eb2   0x00000012   Code   RO         1346    i.header_has_next   fds.o
    0x00025ec4   0x00000144   Code   RO         1815    i.history_handle    nrf_cli.o
    0x00026008   0x00000078   Code   RO         1816    i.history_list_element_add  nrf_cli.o
    0x00026080   0x00000068   Code   RO         1817    i.history_list_element_oldest_remove  nrf_cli.o
    0x000260e8   0x00000086   Code   RO         1818    i.history_save      nrf_cli.o
    0x0002616e   0x00000002   PAD
    0x00026170   0x00000038   Code   RO         2457    i.init              nrf_fstorage_sd.o
    0x000261a8   0x000000c8   Code   RO         1347    i.init_execute      fds.o
    0x00026270   0x000000a6   Code   RO         2350    i.int_print         nrf_fprintf_format.o
    0x00026316   0x00000002   PAD
    0x00026318   0x00000078   Code   RO          649    i.interrupts_enable  nrf_drv_uart.o
    0x00026390   0x00000010   Code   RO         2458    i.is_busy           nrf_fstorage_sd.o
    0x000263a0   0x0000000c   Code   RO         1348    i.is_word_aligned   fds.o
    0x000263ac   0x000000f8   Code   RO         1065    i.list_insertions_handler  app_timer.o
    0x000264a4   0x00000058   Code   RO         3137    i.log_cmd           nrf_log_frontend.o
    0x000264fc   0x000001d8   Code   RO         3138    i.log_ctrl          nrf_log_frontend.o
    0x000266d4   0x00000008   Code   RO         3139    i.log_go            nrf_log_frontend.o
    0x000266dc   0x00000008   Code   RO         3140    i.log_halt          nrf_log_frontend.o
    0x000266e4   0x00000094   Code   RO         3141    i.log_skip          nrf_log_frontend.o
    0x00026778   0x00000128   Code   RO         3142    i.log_status        nrf_log_frontend.o
    0x000268a0   0x00000424   Code   RO          365    i.main              main.o
    0x00026cc4   0x0000015a   Code   RO         1819    i.make_argv         nrf_cli.o
    0x00026e1e   0x00000076   Code   RO         2575    i.memobj_op         nrf_memobj.o
    0x00026e94   0x00000026   Code   RO         3143    i.module_id_filter_set  nrf_log_frontend.o
    0x00026eba   0x00000002   PAD
    0x00026ebc   0x00000034   Code   RO         3144    i.module_idx_get    nrf_log_frontend.o
    0x00026ef0   0x0000001c   Code   RO         3145    i.module_name_get   nrf_log_frontend.o
    0x00026f0c   0x00000050   Code   RO         1820    i.multiline_console_data_check  nrf_cli.o
    0x00026f5c   0x00000010   Code   RO         1676    i.nrf_atfifo_clear  nrf_atfifo.o
    0x00026f6c   0x00000026   Code   RO         1678    i.nrf_atfifo_init   nrf_atfifo.o
    0x00026f92   0x00000016   Code   RO         1679    i.nrf_atfifo_item_alloc  nrf_atfifo.o
    0x00026fa8   0x00000016   Code   RO         1680    i.nrf_atfifo_item_free  nrf_atfifo.o
    0x00026fbe   0x00000016   Code   RO         1681    i.nrf_atfifo_item_get  nrf_atfifo.o
    0x00026fd4   0x00000016   Code   RO         1682    i.nrf_atfifo_item_put  nrf_atfifo.o
    0x00026fea   0x0000000e   Code   RO         2850    i.nrf_atomic_flag_clear  nrf_ringbuf.o
    0x00026ff8   0x0000000e   Code   RO         3146    i.nrf_atomic_flag_set  nrf_log_frontend.o
    0x00027006   0x0000000c   Code   RO         2851    i.nrf_atomic_flag_set_fetch  nrf_ringbuf.o
    0x00027012   0x0000000c   Code   RO         1349    i.nrf_atomic_u32_add  fds.o
    0x0002701e   0x00000044   Code   RO         1744    i.nrf_balloc_alloc  nrf_balloc.o
    0x00027062   0x00000030   Code   RO         1745    i.nrf_balloc_free   nrf_balloc.o
    0x00027092   0x00000030   Code   RO         1746    i.nrf_balloc_init   nrf_balloc.o
    0x000270c2   0x00000002   PAD
    0x000270c4   0x0000004c   Code   RO         1821    i.nrf_cli_build_in_cmd_common_executed  nrf_cli.o
    0x00027110   0x00000044   Code   RO         1822    i.nrf_cli_cmd_clear  nrf_cli.o
    0x00027154   0x00000058   Code   RO         1823    i.nrf_cli_cmd_cli_stats  nrf_cli.o
    0x000271ac   0x0000008c   Code   RO         1824    i.nrf_cli_cmd_cli_stats_get  nrf_cli.o
    0x00027238   0x0000002e   Code   RO         1825    i.nrf_cli_cmd_cli_stats_reset  nrf_cli.o
    0x00027266   0x00000002   PAD
    0x00027268   0x00000054   Code   RO         1826    i.nrf_cli_cmd_colors  nrf_cli.o
    0x000272bc   0x0000002a   Code   RO         1827    i.nrf_cli_cmd_colors_off  nrf_cli.o
    0x000272e6   0x0000002a   Code   RO         1828    i.nrf_cli_cmd_colors_on  nrf_cli.o
    0x00027310   0x00000084   Code   RO         1829    i.nrf_cli_cmd_echo  nrf_cli.o
    0x00027394   0x0000002a   Code   RO         1830    i.nrf_cli_cmd_echo_off  nrf_cli.o
    0x000273be   0x0000002a   Code   RO         1831    i.nrf_cli_cmd_echo_on  nrf_cli.o
    0x000273e8   0x00000078   Code   RO         1832    i.nrf_cli_cmd_history  nrf_cli.o
    0x00027460   0x000000b4   Code   RO         1833    i.nrf_cli_cmd_resize  nrf_cli.o
    0x00027514   0x0000003c   Code   RO         1834    i.nrf_cli_cmd_resize_default  nrf_cli.o
    0x00027550   0x00000050   Code   RO         1835    i.nrf_cli_fprintf   nrf_cli.o
    0x000275a0   0x00000288   Code   RO         1836    i.nrf_cli_help_print  nrf_cli.o
    0x00027828   0x0000000c   Code   RO           12    i.nrf_cli_help_requested  cli.o
    0x00027834   0x00000030   Code   RO         1837    i.nrf_cli_init      nrf_cli.o
    0x00027864   0x000000b4   Code   RO         1838    i.nrf_cli_instance_init  nrf_cli.o
    0x00027918   0x00000006   Code   RO         1839    i.nrf_cli_print_stream  nrf_cli.o
    0x0002791e   0x00000002   PAD
    0x00027920   0x00000050   Code   RO         1840    i.nrf_cli_process   nrf_cli.o
    0x00027970   0x00000048   Code   RO         1841    i.nrf_cli_start     nrf_cli.o
    0x000279b8   0x0000008c   Code   RO         1066    i.nrf_delay_us      app_timer.o
    0x00027a44   0x0000008c   Code   RO         1845    i.nrf_delay_us      nrf_cli.o
    0x00027ad0   0x00000016   Code   RO          650    i.nrf_drv_common_irq_disable  nrf_drv_uart.o
    0x00027ae6   0x00000038   Code   RO          592    i.nrf_drv_common_irq_enable  nrf_drv_common.o
    0x00027b1e   0x00000006   Code   RO          651    i.nrf_drv_get_IRQn  nrf_drv_uart.o
    0x00027b24   0x00000010   Code   RO          652    i.nrf_drv_is_in_RAM  nrf_drv_uart.o
    0x00027b34   0x00000068   Code   RO          654    i.nrf_drv_uart_init  nrf_drv_uart.o
    0x00027b9c   0x000000b0   Code   RO          655    i.nrf_drv_uart_rx   nrf_drv_uart.o
    0x00027c4c   0x00000028   Code   RO          656    i.nrf_drv_uart_rx_abort  nrf_drv_uart.o
    0x00027c74   0x000000a8   Code   RO          659    i.nrf_drv_uart_rx_for_uart  nrf_drv_uart.o
    0x00027d1c   0x000000b0   Code   RO          660    i.nrf_drv_uart_rx_for_uarte  nrf_drv_uart.o
    0x00027dcc   0x0000010c   Code   RO          662    i.nrf_drv_uart_tx   nrf_drv_uart.o
    0x00027ed8   0x00000018   Code   RO          664    i.nrf_drv_uart_tx_in_progress  nrf_drv_uart.o
    0x00027ef0   0x00000054   Code   RO          665    i.nrf_drv_uart_uninit  nrf_drv_uart.o
    0x00027f44   0x0000001a   Code   RO         2319    i.nrf_fprintf       nrf_fprintf.o
    0x00027f5e   0x00000018   Code   RO         2320    i.nrf_fprintf_buffer_flush  nrf_fprintf.o
    0x00027f76   0x000001da   Code   RO         2351    i.nrf_fprintf_fmt   nrf_fprintf_format.o
    0x00028150   0x0000004e   Code   RO         2388    i.nrf_fstorage_erase  nrf_fstorage.o
    0x0002819e   0x00000010   Code   RO         2389    i.nrf_fstorage_init  nrf_fstorage.o
    0x000281ae   0x00000002   PAD
    0x000281b0   0x00000018   Code   RO         2459    i.nrf_fstorage_sdh_req_handler  nrf_fstorage_sd.o
    0x000281c8   0x00000020   Code   RO         2460    i.nrf_fstorage_sdh_state_handler  nrf_fstorage_sd.o
    0x000281e8   0x000000a4   Code   RO         2461    i.nrf_fstorage_sys_evt_handler  nrf_fstorage_sd.o
    0x0002828c   0x00000066   Code   RO         2395    i.nrf_fstorage_write  nrf_fstorage.o
    0x000282f2   0x00000024   Code   RO          666    i.nrf_gpio_cfg      nrf_drv_uart.o
    0x00028316   0x00000012   Code   RO          667    i.nrf_gpio_cfg_default  nrf_drv_uart.o
    0x00028328   0x00000012   Code   RO          668    i.nrf_gpio_cfg_input  nrf_drv_uart.o
    0x0002833a   0x00000014   Code   RO          669    i.nrf_gpio_cfg_output  nrf_drv_uart.o
    0x0002834e   0x00000002   PAD
    0x00028350   0x00000080   Code   RO         3147    i.nrf_log_backend_add  nrf_log_frontend.o
    0x000283d0   0x00000002   Code   RO         1846    i.nrf_log_backend_cli_flush  nrf_cli.o
    0x000283d2   0x0000001c   Code   RO         1847    i.nrf_log_backend_cli_panic_set  nrf_cli.o
    0x000283ee   0x00000052   Code   RO         1848    i.nrf_log_backend_cli_put  nrf_cli.o
    0x00028440   0x00000030   Code   RO         3149    i.nrf_log_color_id_get  nrf_log_frontend.o
    0x00028470   0x00000218   Code   RO         3150    i.nrf_log_frontend_dequeue  nrf_log_frontend.o
    0x00028688   0x00000008   Code   RO         3152    i.nrf_log_frontend_std_0  nrf_log_frontend.o
    0x00028690   0x0000000e   Code   RO         3153    i.nrf_log_frontend_std_1  nrf_log_frontend.o
    0x0002869e   0x00000010   Code   RO         3154    i.nrf_log_frontend_std_2  nrf_log_frontend.o
    0x000286ae   0x00000002   PAD
    0x000286b0   0x000000ac   Code   RO         3378    i.nrf_log_hexdump_entry_process  nrf_log_str_formatter.o
    0x0002875c   0x00000090   Code   RO         3159    i.nrf_log_init      nrf_log_frontend.o
    0x000287ec   0x00000014   Code   RO         3160    i.nrf_log_module_cnt_get  nrf_log_frontend.o
    0x00028800   0x0000004c   Code   RO         3161    i.nrf_log_module_filter_get  nrf_log_frontend.o
    0x0002884c   0x00000044   Code   RO         3162    i.nrf_log_module_filter_set  nrf_log_frontend.o
    0x00028890   0x0000001c   Code   RO         3163    i.nrf_log_module_name_get  nrf_log_frontend.o
    0x000288ac   0x00000028   Code   RO         3164    i.nrf_log_panic     nrf_log_frontend.o
    0x000288d4   0x000000b6   Code   RO         3379    i.nrf_log_std_entry_process  nrf_log_str_formatter.o
    0x0002898a   0x00000060   Code   RO         2576    i.nrf_memobj_alloc  nrf_memobj.o
    0x000289ea   0x00000032   Code   RO         2577    i.nrf_memobj_free   nrf_memobj.o
    0x00028a1c   0x0000000e   Code   RO         2578    i.nrf_memobj_get    nrf_memobj.o
    0x00028a2a   0x00000004   Code   RO         2579    i.nrf_memobj_pool_init  nrf_memobj.o
    0x00028a2e   0x00000022   Code   RO         2580    i.nrf_memobj_put    nrf_memobj.o
    0x00028a50   0x0000000c   Code   RO         2581    i.nrf_memobj_read   nrf_memobj.o
    0x00028a5c   0x0000000c   Code   RO         2582    i.nrf_memobj_write  nrf_memobj.o
    0x00028a68   0x00000002   Code   RO         2660    i.nrf_pwr_mgmt_feed  nrf_pwr_mgmt.o
    0x00028a6a   0x0000008e   Code   RO         2737    i.nrf_queue_generic_pop  nrf_queue.o
    0x00028af8   0x00000012   Code   RO         2739    i.nrf_queue_is_empty  nrf_queue.o
    0x00028b0a   0x0000001e   Code   RO         2740    i.nrf_queue_is_full  nrf_queue.o
    0x00028b28   0x00000006   Code   RO         2741    i.nrf_queue_max_utilization_get  nrf_queue.o
    0x00028b2e   0x00000008   Code   RO         2742    i.nrf_queue_max_utilization_reset  nrf_queue.o
    0x00028b36   0x0000000e   Code   RO         2743    i.nrf_queue_next_idx  nrf_queue.o
    0x00028b44   0x000000b2   Code   RO         2745    i.nrf_queue_push    nrf_queue.o
    0x00028bf6   0x0000006e   Code   RO         2852    i.nrf_ringbuf_alloc  nrf_ringbuf.o
    0x00028c64   0x0000007c   Code   RO         2853    i.nrf_ringbuf_cpy_get  nrf_ringbuf.o
    0x00028ce0   0x00000072   Code   RO         2854    i.nrf_ringbuf_cpy_put  nrf_ringbuf.o
    0x00028d52   0x00000026   Code   RO         2855    i.nrf_ringbuf_free  nrf_ringbuf.o
    0x00028d78   0x00000070   Code   RO         2856    i.nrf_ringbuf_get   nrf_ringbuf.o
    0x00028de8   0x0000001c   Code   RO         2857    i.nrf_ringbuf_init  nrf_ringbuf.o
    0x00028e04   0x00000034   Code   RO         2858    i.nrf_ringbuf_put   nrf_ringbuf.o
    0x00028e38   0x00000014   Code   RO         3549    i.nrf_sdh_ble_app_ram_start_get  nrf_sdh_ble.o
    0x00028e4c   0x00000118   Code   RO         3550    i.nrf_sdh_ble_default_cfg_set  nrf_sdh_ble.o
    0x00028f64   0x000000e8   Code   RO         3551    i.nrf_sdh_ble_enable  nrf_sdh_ble.o
    0x0002904c   0x00000050   Code   RO         3552    i.nrf_sdh_ble_evts_poll  nrf_sdh_ble.o
    0x0002909c   0x0000003c   Code   RO         3424    i.nrf_sdh_disable_request  nrf_sdh.o
    0x000290d8   0x0000006c   Code   RO         3425    i.nrf_sdh_enable_request  nrf_sdh.o
    0x00029144   0x00000024   Code   RO         3426    i.nrf_sdh_evts_poll  nrf_sdh.o
    0x00029168   0x0000000c   Code   RO         3427    i.nrf_sdh_is_enabled  nrf_sdh.o
    0x00029174   0x0000001c   Code   RO         3429    i.nrf_sdh_request_continue  nrf_sdh.o
    0x00029190   0x0000003c   Code   RO         3623    i.nrf_sdh_soc_evts_poll  nrf_sdh_soc.o
    0x000291cc   0x0000000a   Code   RO         2929    i.nrf_section_iter_init  nrf_section_iter.o
    0x000291d6   0x00000024   Code   RO         2930    i.nrf_section_iter_item_set  nrf_section_iter.o
    0x000291fa   0x00000020   Code   RO         2931    i.nrf_section_iter_next  nrf_section_iter.o
    0x0002921a   0x00000002   PAD
    0x0002921c   0x00000038   Code   RO         2964    i.nrf_strerror_find  nrf_strerror.o
    0x00029254   0x00000014   Code   RO         2965    i.nrf_strerror_get  nrf_strerror.o
    0x00029268   0x0000000a   Code   RO          670    i.nrf_uart_event_check  nrf_drv_uart.o
    0x00029272   0x0000000c   Code   RO          671    i.nrf_uart_event_clear  nrf_drv_uart.o
    0x0002927e   0x0000000c   Code   RO          672    i.nrf_uart_int_enable_check  nrf_drv_uart.o
    0x0002928a   0x0000000a   Code   RO          673    i.nrf_uarte_event_check  nrf_drv_uart.o
    0x00029294   0x0000000c   Code   RO          674    i.nrf_uarte_event_clear  nrf_drv_uart.o
    0x000292a0   0x00000090   Code   RO         1849    i.option_print      nrf_cli.o
    0x00029330   0x00000024   Code   RO         1350    i.page_identify     fds.o
    0x00029354   0x00000012   Code   RO         1351    i.page_offsets_update  fds.o
    0x00029366   0x00000002   PAD
    0x00029368   0x0000006c   Code   RO         1352    i.page_scan         fds.o
    0x000293d4   0x0000001c   Code   RO         1353    i.page_tag_write_data  fds.o
    0x000293f0   0x00000024   Code   RO         1354    i.page_tag_write_swap  fds.o
    0x00029414   0x0000011c   Code   RO         1355    i.pages_init        fds.o
    0x00029530   0x00000078   Code   RO          675    i.pins_to_default   nrf_drv_uart.o
    0x000295a8   0x0000003c   Code   RO         3380    i.postfix_process   nrf_log_str_formatter.o
    0x000295e4   0x0000005c   Code   RO         3381    i.prefix_process    nrf_log_str_formatter.o
    0x00029640   0x00000138   Code   RO           13    i.print_all_cmd     cli.o
    0x00029778   0x00000140   Code   RO           14    i.print_cfg_cmd     cli.o
    0x000298b8   0x00000080   Code   RO           15    i.print_cmd         cli.o
    0x00029938   0x0000001c   Code   RO         1356    i.queue_buf_get     fds.o
    0x00029954   0x00000010   Code   RO         1357    i.queue_buf_store   fds.o
    0x00029964   0x000000a8   Code   RO         1358    i.queue_process     fds.o
    0x00029a0c   0x00000098   Code   RO         2462    i.queue_process     nrf_fstorage_sd.o
    0x00029aa4   0x00000020   Code   RO         1359    i.queue_start       fds.o
    0x00029ac4   0x00000028   Code   RO         2463    i.queue_start       nrf_fstorage_sd.o
    0x00029aec   0x00000018   Code   RO         2751    i.queue_utilization_get  nrf_queue.o
    0x00029b04   0x0000000e   Code   RO         2464    i.read              nrf_fstorage_sd.o
    0x00029b12   0x00000002   PAD
    0x00029b14   0x000000f0   Code   RO           16    i.record_delete     cli.o
    0x00029c04   0x0000002c   Code   RO           17    i.record_delete_next  cli.o
    0x00029c30   0x00000088   Code   RO         1360    i.record_find       fds.o
    0x00029cb8   0x000000a0   Code   RO         1361    i.record_find_by_desc  fds.o
    0x00029d58   0x0000005c   Code   RO         1362    i.record_find_next  fds.o
    0x00029db4   0x00000038   Code   RO         1363    i.record_header_flag_dirty  fds.o
    0x00029dec   0x000000bc   Code   RO           18    i.record_update     cli.o
    0x00029ea8   0x00000080   Code   RO           19    i.record_write      cli.o
    0x00029f28   0x00000088   Code   RO         1364    i.records_stat      fds.o
    0x00029fb0   0x00000004   Code   RO         2465    i.rmap              nrf_fstorage_sd.o
    0x00029fb4   0x0000003c   Code   RO         1067    i.rtc1_stop         app_timer.o
    0x00029ff0   0x00000032   Code   RO          676    i.rx_byte           nrf_drv_uart.o
    0x0002a022   0x00000018   Code   RO          677    i.rx_done_event     nrf_drv_uart.o
    0x0002a03a   0x00000020   Code   RO          678    i.rx_enable         nrf_drv_uart.o
    0x0002a05a   0x0000003c   Code   RO         2232    i.rx_try            nrf_cli_uart.o
    0x0002a096   0x00000042   Code   RO         3432    i.sd_nvic_SetPriority  nrf_sdh.o
    0x0002a0d8   0x00000030   Code   RO         3433    i.sdh_request_observer_notify  nrf_sdh.o
    0x0002a108   0x0000002c   Code   RO         3434    i.sdh_state_observer_notify  nrf_sdh.o
    0x0002a134   0x00000024   Code   RO         3166    i.severity_lvl_get  nrf_log_frontend.o
    0x0002a158   0x00000038   Code   RO         3435    i.softdevice_evt_irq_disable  nrf_sdh.o
    0x0002a190   0x00000050   Code   RO         3436    i.softdevices_evt_irq_enable  nrf_sdh.o
    0x0002a1e0   0x00000068   Code   RO           20    i.stat_cmd          cli.o
    0x0002a248   0x00000090   Code   RO         3167    i.std_n             nrf_log_frontend.o
    0x0002a2d8   0x00000008   Code   RO         1850    i.string_cmp        nrf_cli.o
    0x0002a2e0   0x00000060   Code   RO         1851    i.terminal_size_get  nrf_cli.o
    0x0002a340   0x00000006   Code   RO         2233    i.timer_handler     nrf_cli_uart.o
    0x0002a346   0x00000002   PAD
    0x0002a348   0x00000080   Code   RO         1068    i.timer_list_handler  app_timer.o
    0x0002a3c8   0x0000003c   Code   RO         1069    i.timer_list_insert  app_timer.o
    0x0002a404   0x00000060   Code   RO         1070    i.timer_list_remove  app_timer.o
    0x0002a464   0x00000048   Code   RO         1071    i.timer_stop_op_schedule  app_timer.o
    0x0002a4ac   0x00000074   Code   RO         1072    i.timer_timeouts_check  app_timer.o
    0x0002a520   0x00000020   Code   RO          679    i.tx_byte           nrf_drv_uart.o
    0x0002a540   0x0000001c   Code   RO          680    i.tx_done_event     nrf_drv_uart.o
    0x0002a55c   0x0000006e   Code   RO         2234    i.uart_event_handler  nrf_cli_uart.o
    0x0002a5ca   0x0000011e   Code   RO          681    i.uart_irq_handler  nrf_drv_uart.o
    0x0002a6e8   0x000000f0   Code   RO          682    i.uarte_irq_handler  nrf_drv_uart.o
    0x0002a7d8   0x00000020   Code   RO         2466    i.uninit            nrf_fstorage_sd.o
    0x0002a7f8   0x000000b4   Code   RO         2352    i.unsigned_print    nrf_fprintf_format.o
    0x0002a8ac   0x000000d0   Code   RO           21    i.update_cmd        cli.o
    0x0002a97c   0x00000030   Code   RO         1073    i.user_op_alloc     app_timer.o
    0x0002a9ac   0x0000003c   Code   RO         1852    i.vt100_bgcolor_set  nrf_cli.o
    0x0002a9e8   0x00000050   Code   RO         1853    i.vt100_color_set   nrf_cli.o
    0x0002aa38   0x00000004   Code   RO         2467    i.wmap              nrf_fstorage_sd.o
    0x0002aa3c   0x00000050   Code   RO         2468    i.write             nrf_fstorage_sd.o
    0x0002aa8c   0x00000094   Code   RO           22    i.write_cmd         cli.o
    0x0002ab20   0x00000110   Code   RO         1365    i.write_enqueue     fds.o
    0x0002ac30   0x000000f4   Code   RO         1366    i.write_execute     fds.o
    0x0002ad24   0x00000018   Code   RO         1367    i.write_space_free  fds.o
    0x0002ad3c   0x0000005c   Code   RO         1368    i.write_space_reserve  fds.o
    0x0002ad98   0x00000004   Data   RO           34    .constdata          cli.o
    0x0002ad9c   0x0000000c   Data   RO           35    .constdata          cli.o
    0x0002ada8   0x0000000c   Data   RO           36    .constdata          cli.o
    0x0002adb4   0x00000008   Data   RO           37    .constdata          cli.o
    0x0002adbc   0x00000018   Data   RO           38    .constdata          cli.o
    0x0002add4   0x00000014   Data   RO           39    .constdata          cli.o
    0x0002ade8   0x00000014   Data   RO           40    .constdata          cli.o
    0x0002adfc   0x00000048   Data   RO           41    .constdata          cli.o
    0x0002ae44   0x00000008   Data   RO           42    .constdata          cli.o
    0x0002ae4c   0x00000030   Data   RO           43    .constdata          cli.o
    0x0002ae7c   0x00000010   Data   RO           44    .constdata          cli.o
    0x0002ae8c   0x00000010   Data   RO           45    .constdata          cli.o
    0x0002ae9c   0x00000010   Data   RO           46    .constdata          cli.o
    0x0002aeac   0x00000010   Data   RO           47    .constdata          cli.o
    0x0002aebc   0x00000010   Data   RO           48    .constdata          cli.o
    0x0002aecc   0x00000010   Data   RO           49    .constdata          cli.o
    0x0002aedc   0x00000010   Data   RO           50    .constdata          cli.o
    0x0002aeec   0x0000000c   Data   RO          366    .constdata          main.o
    0x0002aef8   0x00000018   Data   RO         1371    .constdata          fds.o
    0x0002af10   0x00000068   Data   RO         1854    .constdata          nrf_cli.o
    0x0002af78   0x0000000c   Data   RO         1855    .constdata          nrf_cli.o
    0x0002af84   0x00000010   Data   RO         1856    .constdata          nrf_cli.o
    0x0002af94   0x00000008   Data   RO         1857    .constdata          nrf_cli.o
    0x0002af9c   0x00000030   Data   RO         1858    .constdata          nrf_cli.o
    0x0002afcc   0x00000010   Data   RO         1859    .constdata          nrf_cli.o
    0x0002afdc   0x00000008   Data   RO         1860    .constdata          nrf_cli.o
    0x0002afe4   0x00000030   Data   RO         1861    .constdata          nrf_cli.o
    0x0002b014   0x00000010   Data   RO         1862    .constdata          nrf_cli.o
    0x0002b024   0x00000010   Data   RO         1863    .constdata          nrf_cli.o
    0x0002b034   0x00000008   Data   RO         1864    .constdata          nrf_cli.o
    0x0002b03c   0x00000020   Data   RO         1865    .constdata          nrf_cli.o
    0x0002b05c   0x00000010   Data   RO         1866    .constdata          nrf_cli.o
    0x0002b06c   0x00000008   Data   RO         1867    .constdata          nrf_cli.o
    0x0002b074   0x00000030   Data   RO         1868    .constdata          nrf_cli.o
    0x0002b0a4   0x00000010   Data   RO         1869    .constdata          nrf_cli.o
    0x0002b0b4   0x00000014   Data   RO         2235    .constdata          nrf_cli_uart.o
    0x0002b0c8   0x00000010   Data   RO         2353    .constdata          nrf_fprintf_format.o
    0x0002b0d8   0x00000010   Data   RO         2471    .constdata          nrf_fstorage_sd.o
    0x0002b0e8   0x00000020   Data   RO         2472    .constdata          nrf_fstorage_sd.o
    0x0002b108   0x00000104   Data   RO         2966    .constdata          nrf_strerror.o
    0x0002b20c   0x0000001c   Data   RO         3170    .constdata          nrf_log_frontend.o
    0x0002b228   0x00000008   Data   RO         3171    .constdata          nrf_log_frontend.o
    0x0002b230   0x00000008   Data   RO         3172    .constdata          nrf_log_frontend.o
    0x0002b238   0x00000060   Data   RO         3173    .constdata          nrf_log_frontend.o
    0x0002b298   0x00000010   Data   RO         3174    .constdata          nrf_log_frontend.o
    0x0002b2a8   0x00000010   Data   RO         3437    .constdata          nrf_sdh.o
    0x0002b2b8   0x00000028   Data   RO         3438    .constdata          nrf_sdh.o
    0x0002b2e0   0x00000010   Data   RO         3439    .constdata          nrf_sdh.o
    0x0002b2f0   0x00000010   Data   RO         3440    .constdata          nrf_sdh.o
    0x0002b300   0x00000020   Data   RO         3553    .constdata          nrf_sdh_ble.o
    0x0002b320   0x00000010   Data   RO         3554    .constdata          nrf_sdh_ble.o
    0x0002b330   0x00000010   Data   RO         3624    .constdata          nrf_sdh_soc.o
    0x0002b340   0x0000000c   Data   RO         3625    .constdata          nrf_sdh_soc.o
    0x0002b34c   0x00000081   Data   RO         3699    .constdata          mc_w.l(ctype_o.o)
    0x0002b3cd   0x00000003   PAD
    0x0002b3d0   0x00000004   Data   RO         3700    .constdata          mc_w.l(ctype_o.o)
    0x0002b3d4   0x00000120   Data   RO           51    .conststring        cli.o
    0x0002b4f4   0x00000054   Data   RO           52    .conststring        cli.o
    0x0002b548   0x0000002e   Data   RO           53    .conststring        cli.o
    0x0002b576   0x00000002   PAD
    0x0002b578   0x00000088   Data   RO           54    .conststring        cli.o
    0x0002b600   0x00000053   Data   RO           55    .conststring        cli.o
    0x0002b653   0x00000001   PAD
    0x0002b654   0x0000006b   Data   RO           56    .conststring        cli.o
    0x0002b6bf   0x00000001   PAD
    0x0002b6c0   0x00000033   Data   RO           57    .conststring        cli.o
    0x0002b6f3   0x00000001   PAD
    0x0002b6f4   0x00000027   Data   RO           58    .conststring        cli.o
    0x0002b71b   0x00000001   PAD
    0x0002b71c   0x00000025   Data   RO           59    .conststring        cli.o
    0x0002b741   0x00000003   PAD
    0x0002b744   0x000001d1   Data   RO          367    .conststring        main.o
    0x0002b915   0x00000003   PAD
    0x0002b918   0x00000016   Data   RO         1870    .conststring        nrf_cli.o
    0x0002b92e   0x00000002   PAD
    0x0002b930   0x00000037   Data   RO         1871    .conststring        nrf_cli.o
    0x0002b967   0x00000001   PAD
    0x0002b968   0x0000001f   Data   RO         1872    .conststring        nrf_cli.o
    0x0002b987   0x00000001   PAD
    0x0002b988   0x0000005c   Data   RO         1873    .conststring        nrf_cli.o
    0x0002b9e4   0x00000019   Data   RO         1874    .conststring        nrf_cli.o
    0x0002b9fd   0x00000003   PAD
    0x0002ba00   0x0000001c   Data   RO         1875    .conststring        nrf_cli.o
    0x0002ba1c   0x00000050   Data   RO         1876    .conststring        nrf_cli.o
    0x0002ba6c   0x000000a3   Data   RO         1877    .conststring        nrf_cli.o
    0x0002bb0f   0x00000001   PAD
    0x0002bb10   0x00000056   Data   RO         1878    .conststring        nrf_cli.o
    0x0002bb66   0x00000002   PAD
    0x0002bb68   0x0000001a   Data   RO         1879    .conststring        nrf_cli.o
    0x0002bb82   0x00000002   PAD
    0x0002bb84   0x00000003   Data   RO         1880    .conststring        nrf_cli.o
    0x0002bb87   0x00000001   PAD
    0x0002bb88   0x00000307   Data   RO         2967    .conststring        nrf_strerror.o
    0x0002be8f   0x00000001   PAD
    0x0002be90   0x00000026   Data   RO         3176    .conststring        nrf_log_frontend.o
    0x0002beb6   0x00000002   PAD
    0x0002beb8   0x00000141   Data   RO         3177    .conststring        nrf_log_frontend.o
    0x0002bff9   0x00000003   PAD
    0x0002bffc   0x00000024   Data   RO         3178    .conststring        nrf_log_frontend.o
    0x0002c020   0x00000048   Data   RO         3382    .conststring        nrf_log_str_formatter.o
    0x0002c068   0x00000188   Data   RO         3555    .conststring        nrf_sdh_ble.o
    0x0002c1f0   0x00000005   Data   RO          684    .conststrlit        nrf_drv_uart.o
    0x0002c1f5   0x00000003   PAD
    0x0002c1f8   0x00000007   Data   RO         1747    .conststrlit        nrf_balloc.o
    0x0002c1ff   0x00000001   PAD
    0x0002c200   0x00000009   Data   RO         2236    .conststrlit        nrf_cli_uart.o
    0x0002c209   0x00000003   PAD
    0x0002c20c   0x00000009   Data   RO         2668    .conststrlit        nrf_pwr_mgmt.o
    0x0002c215   0x00000003   PAD
    0x0002c218   0x00000004   Data   RO         3179    .conststrlit        nrf_log_frontend.o
    0x0002c21c   0x00000008   Data   RO         3441    .conststrlit        nrf_sdh.o
    0x0002c224   0x0000000c   Data   RO         3556    .conststrlit        nrf_sdh_ble.o
    0x0002c230   0x0000000c   Data   RO         3626    .conststrlit        nrf_sdh_soc.o
    0x0002c23c   0x00000020   Data   RO         3775    Region$$Table       anon$$obj.o
    0x0002c25c   0x00000038   Data   RO           64    cli_command         cli.o
    0x0002c294   0x00000030   Data   RO         1882    cli_command         nrf_cli.o
    0x0002c2c4   0x00000008   Data   RO         3184    cli_command         nrf_log_frontend.o
    0x0002c2cc   0x00000008   Data   RO          685    log_const_data      nrf_drv_uart.o
    0x0002c2d4   0x00000008   Data   RO         1748    log_const_data      nrf_balloc.o
    0x0002c2dc   0x00000008   Data   RO         2237    log_const_data      nrf_cli_uart.o
    0x0002c2e4   0x00000008   Data   RO         2670    log_const_data      nrf_pwr_mgmt.o
    0x0002c2ec   0x00000008   Data   RO         3186    log_const_data      nrf_log_frontend.o
    0x0002c2f4   0x00000008   Data   RO         3443    log_const_data      nrf_sdh.o
    0x0002c2fc   0x00000008   Data   RO         3557    log_const_data      nrf_sdh_ble.o
    0x0002c304   0x00000008   Data   RO         3627    log_const_data      nrf_sdh_soc.o
    0x0002c30c   0x00000008   Data   RO         2474    sdh_req_observers0  nrf_fstorage_sd.o
    0x0002c314   0x00000008   Data   RO         2475    sdh_soc_observers0  nrf_fstorage_sd.o
    0x0002c31c   0x00000008   Data   RO         3559    sdh_stack_observers0  nrf_sdh_ble.o
    0x0002c324   0x00000008   Data   RO         3629    sdh_stack_observers0  nrf_sdh_soc.o
    0x0002c32c   0x00000008   Data   RO         2476    sdh_state_observers0  nrf_fstorage_sd.o


    Execution Region RW_IRAM1 (Base: 0x200020e0, Size: 0x00002ea8, Max: 0x0000df20, ABSOLUTE, COMPRESSED[0x000000b0])

    Base Addr    Size         Type   Attr      Idx    E Section Name        Object

    0x200020e0   0x00000018   Data   RW           60    .data               cli.o
    0x200020f8   0x00000018   Data   RW           61    .data               cli.o
    0x20002110   0x00000008   Data   RW           62    .data               cli.o
    0x20002118   0x00000008   Data   RW           63    .data               cli.o
    0x20002120   0x00000074   Data   RW          368    .data               main.o
    0x20002194   0x00000014   Data   RW         1075    .data               app_timer.o
    0x200021a8   0x00000030   Data   RW         1372    .data               fds.o
    0x200021d8   0x00000004   Data   RW         1881    .data               nrf_cli.o
    0x200021dc   0x00000008   Data   RW         2473    .data               nrf_fstorage_sd.o
    0x200021e4   0x00000028   Data   RW         3181    .data               nrf_log_frontend.o
    0x2000220c   0x00000008   Data   RW         3182    .data               nrf_log_frontend.o
    0x20002214   0x00000008   Data   RW         3183    .data               nrf_log_frontend.o
    0x2000221c   0x00000038   Data   RW         3383    .data               nrf_log_str_formatter.o
    0x20002254   0x00000003   Data   RW         3442    .data               nrf_sdh.o
    0x20002257   0x00000001   PAD
    0x20002258   0x00000004   Data   RW         3664    .data               system_nrf52.o
    0x2000225c   0x00000004   Data   RW         3765    .data               mc_w.l(errno.o)
    0x20002260   0x0000001c   Data   RW           65    cli_sorted_cmd_ptrs  cli.o
    0x2000227c   0x00000018   Data   RW         1883    cli_sorted_cmd_ptrs  nrf_cli.o
    0x20002294   0x00000004   Data   RW         3185    cli_sorted_cmd_ptrs  nrf_log_frontend.o
    0x20002298   0x00000014   Data   RW         1373    fs_data             fds.o
    0x200022ac   0x0000000c   Data   RW          686    log_dynamic_data    nrf_drv_uart.o
    0x200022b8   0x0000000c   Data   RW         1749    log_dynamic_data    nrf_balloc.o
    0x200022c4   0x0000000c   Data   RW         2238    log_dynamic_data    nrf_cli_uart.o
    0x200022d0   0x0000000c   Data   RW         2671    log_dynamic_data    nrf_pwr_mgmt.o
    0x200022dc   0x0000000c   Data   RW         3187    log_dynamic_data    nrf_log_frontend.o
    0x200022e8   0x0000000c   Data   RW         3444    log_dynamic_data    nrf_sdh.o
    0x200022f4   0x0000000c   Data   RW         3558    log_dynamic_data    nrf_sdh_ble.o
    0x20002300   0x0000000c   Data   RW         3628    log_dynamic_data    nrf_sdh_soc.o
    0x2000230c   0x00000020   Zero   RW           23    .bss                cli.o
    0x2000232c   0x00000118   Zero   RW           24    .bss                cli.o
    0x20002444   0x00000040   Zero   RW           25    .bss                cli.o
    0x20002484   0x00000018   Zero   RW           26    .bss                cli.o
    0x2000249c   0x00000010   Zero   RW           27    .bss                cli.o
    0x200024ac   0x00000018   Zero   RW           28    .bss                cli.o
    0x200024c4   0x0000002c   Zero   RW           29    .bss                cli.o
    0x200024f0   0x00000140   Zero   RW           30    .bss                cli.o
    0x20002630   0x00000014   Zero   RW           31    .bss                cli.o
    0x20002644   0x0000000c   Zero   RW           32    .bss                cli.o
    0x20002650   0x00000180   Zero   RW           33    .bss                cli.o
    0x200027d0   0x00000020   Zero   RW          683    .bss                nrf_drv_uart.o
    0x200027f0   0x0000010c   Zero   RW         1074    .bss                app_timer.o
    0x200028fc   0x0000000c   Zero   RW         1226    .bss                app_util_platform.o
    0x20002908   0x000000e0   Zero   RW         1369    .bss                fds.o
    0x200029e8   0x00000010   Zero   RW         1370    .bss                fds.o
    0x200029f8   0x000000a0   Zero   RW         2469    .bss                nrf_fstorage_sd.o
    0x20002a98   0x00000010   Zero   RW         2470    .bss                nrf_fstorage_sd.o
    0x20002aa8   0x000000c0   Zero   RW         3168    .bss                nrf_log_frontend.o
    0x20002b68   0x00000420   Zero   RW         3169    .bss                nrf_log_frontend.o
    0x20002f88   0x00002000   Zero   RW         3652    STACK               arm_startup_nrf52.o


==============================================================================

Image component sizes


      Code (inc. data)   RO Data    RW Data    ZI Data      Debug   Object Name

        22          0          0          0          0       2085   app_error.o
       132         42          0          0          0      44787   app_error_weak.o
         0          0          0          0          0      21020   app_scheduler.o
      1630        122          0         20        268      47451   app_timer.o
       124         14          0          0         12       8906   app_util_platform.o
        36          8        512          0       8192        924   arm_startup_nrf52.o
         0          0          0          0          0       2148   boards.o
      2236        864       1267         92       1220      89574   cli.o
        54          0          0          0          0       1300   crc16.o
      3942        332         24         68        240      51056   fds.o
      1528        678        477        116          0       7181   main.o
       342          0          0          0          0       6158   nrf_atfifo.o
       164          0         15         12          0       3805   nrf_balloc.o
      8466        812       1079         28          0      76364   nrf_cli.o
       472         10         37         12          0      31639   nrf_cli_uart.o
        56          0          0          0          0      27463   nrf_drv_common.o
      2376         82         13         12         32      77367   nrf_drv_uart.o
        50          0          0          0          0       1913   nrf_fprintf.o
       850          4         16          0          0       4666   nrf_fprintf_format.o
       232          0          0          0          0       4725   nrf_fstorage.o
       926         72         72          8        176      22055   nrf_fstorage_sd.o
      2732        454        571         72       1248      45265   nrf_log_frontend.o
       506         66         72         56          0       4928   nrf_log_str_formatter.o
       494          0          0          0          0      12247   nrf_memobj.o
         2          0         17         12          0       6505   nrf_pwr_mgmt.o
       420          0          0          0          0       6872   nrf_queue.o
       758          0          0          0          0      12466   nrf_ringbuf.o
       600         60        104         15          0      42900   nrf_sdh.o
       612        154        468         12          0      45913   nrf_sdh_ble.o
        60          4         56         12          0       2544   nrf_sdh_soc.o
        78          0          0          0          0       2660   nrf_section_iter.o
        76         10       1035          0          0       2563   nrf_strerror.o
       764         64          0          4          0       2943   system_nrf52.o

    ----------------------------------------------------------------------
     30806       3852       5908        552      11388     720393   Object Totals
         0          0         32          0          0          0   (incl. Generated)
        66          0         41          1          0          0   (incl. Padding)

    ----------------------------------------------------------------------

      Code (inc. data)   RO Data    RW Data    ZI Data      Debug   Library Member Name

        86          0          0          0          0          0   __dczerorl2.o
        28          0          0          0          0         68   _chval.o
       158          0          0          0          0         92   _strtoul.o
         8          4        133          0          0         68   ctype_o.o
         0          0          0          0          0          0   entry.o
         0          0          0          0          0          0   entry10a.o
         0          0          0          0          0          0   entry11a.o
         8          4          0          0          0          0   entry2.o
         4          0          0          0          0          0   entry5.o
         0          0          0          0          0          0   entry7b.o
         0          0          0          0          0          0   entry8b.o
         8          4          0          0          0          0   entry9a.o
         8          4          0          4          0         68   errno.o
        30          0          0          0          0          0   handlers.o
        36          8          0          0          0         68   init.o
        64          0          0          0          0         76   memmovea.o
        36          0          0          0          0        108   memseta.o
       156          0          0          0          0         88   qsort.o
        28          0          0          0          0         76   strcmp.o
        18          0          0          0          0         68   strcpy.o
        14          0          0          0          0         68   strlen.o
        30          0          0          0          0         80   strncmp.o
       112          0          0          0          0         88   strtol.o

    ----------------------------------------------------------------------
       834         24        136          4          0       1016   Library Totals
         2          0          3          0          0          0   (incl. Padding)

    ----------------------------------------------------------------------

      Code (inc. data)   RO Data    RW Data    ZI Data      Debug   Library Name

       832         24        133          4          0       1016   mc_w.l

    ----------------------------------------------------------------------
       834         24        136          4          0       1016   Library Totals

    ----------------------------------------------------------------------

==============================================================================


      Code (inc. data)   RO Data    RW Data    ZI Data      Debug   

     31640       3876       6044        556      11388     690077   Grand Totals
     31640       3876       6044        176      11388     690077   ELF Image Totals (compressed)
     31640       3876       6044        176          0          0   ROM Totals

==============================================================================

    Total RO  Size (Code + RO Data)                37684 (  36.80kB)
    Total RW  Size (RW Data + ZI Data)             11944 (  11.66kB)
    Total ROM Size (Code + RO Data + RW Data)      37860 (  36.97kB)

==============================================================================

