Component: ARM Compiler 5.05 update 1 (build 106) Tool: armlink [4d0efa]

==============================================================================

Section Cross References

    main.o(i.flash_page_init) refers to nrf_nvmc.o(i.nrf_nvmc_page_erase) for nrf_nvmc_page_erase
    main.o(i.flash_page_init) refers to main.o(.bss) for .bss
    main.o(i.flashwrite_cmd) refers to nrf_cli.o(i.nrf_cli_help_print) for nrf_cli_help_print
    main.o(i.flashwrite_cmd) refers to nrf_cli.o(i.nrf_cli_fprintf) for nrf_cli_fprintf
    main.o(i.flashwrite_erase_cmd) refers to nrf_nvmc.o(i.nrf_nvmc_page_erase) for nrf_nvmc_page_erase
    main.o(i.flashwrite_erase_cmd) refers to main.o(.bss) for .bss
    main.o(i.flashwrite_read_cmd) refers to nrf_cli.o(i.nrf_cli_fprintf) for nrf_cli_fprintf
    main.o(i.flashwrite_read_cmd) refers to main.o(.bss) for .bss
    main.o(i.flashwrite_write_cmd) refers to nrf_cli.o(i.nrf_cli_fprintf) for nrf_cli_fprintf
    main.o(i.flashwrite_write_cmd) refers to strlen.o(.text) for strlen
    main.o(i.flashwrite_write_cmd) refers to nrf_nvmc.o(i.nrf_nvmc_write_word) for nrf_nvmc_write_word
    main.o(i.flashwrite_write_cmd) refers to main.o(.bss) for .bss
    main.o(i.main) refers to nrf_log_frontend.o(i.nrf_log_init) for nrf_log_init
    main.o(i.main) refers to app_error.o(i.app_error_handler_bare) for app_error_handler_bare
    main.o(i.main) refers to app_timer.o(i.app_timer_init) for app_timer_init
    main.o(i.main) refers to nrf_drv_clock.o(i.nrf_drv_clock_init) for nrf_drv_clock_init
    main.o(i.main) refers to nrf_drv_clock.o(i.nrf_drv_clock_lfclk_request) for nrf_drv_clock_lfclk_request
    main.o(i.main) refers to main.o(i.flash_page_init) for flash_page_init
    main.o(i.main) refers to memmovea.o(.text) for __aeabi_memcpy4
    main.o(i.main) refers to nrf_cli.o(i.nrf_cli_init) for nrf_cli_init
    main.o(i.main) refers to nrf_cli.o(i.nrf_cli_start) for nrf_cli_start
    main.o(i.main) refers to nrf_log_frontend.o(i.nrf_log_frontend_std_0) for nrf_log_frontend_std_0
    main.o(i.main) refers to nrf_log_frontend.o(i.nrf_log_frontend_dequeue) for nrf_log_frontend_dequeue
    main.o(i.main) refers to nrf_cli.o(i.nrf_cli_process) for nrf_cli_process
    main.o(i.main) refers to main.o(.constdata) for .constdata
    main.o(i.main) refers to nrf_log_frontend.o(log_dynamic_data) for m_nrf_log_app_logs_data_dynamic
    main.o(i.main) refers to main.o(.conststring) for .conststring
    main.o(.constdata) refers to main.o(.bss) for m_cli_uart_transport_timer_data
    main.o(.constdata) refers to main.o(.bss) for m_cli_uart_transport_tx_ringbuf_buf
    main.o(.constdata) refers to main.o(.bss) for m_cli_uart_transport_tx_ringbuf_cb
    main.o(.constdata) refers to main.o(.bss) for m_cli_uart_transport_rx_ringbuf_buf
    main.o(.constdata) refers to main.o(.bss) for m_cli_uart_transport_rx_ringbuf_cb
    main.o(.constdata) refers to nrf_cli_uart.o(.constdata) for nrf_cli_uart_transport_api
    main.o(.constdata) refers to main.o(.bss) for m_cli_uart_transport_cb
    main.o(.constdata) refers to main.o(.constdata) for m_cli_uart_transport_timer
    main.o(.constdata) refers to main.o(.constdata) for m_cli_uart_transport_rx_ringbuf
    main.o(.constdata) refers to main.o(.constdata) for m_cli_uart_transport_tx_ringbuf
    main.o(.constdata) refers to main.o(.constdata) for m_cli_uart_transport_uart
    main.o(.constdata) refers to main.o(.bss) for m_cli_uart_log_backend_queue_nrf_queue_cb
    main.o(.constdata) refers to main.o(.bss) for m_cli_uart_log_backend_queue_nrf_queue_buffer
    main.o(.constdata) refers to main.o(.data) for m_cli_uart_cmd_hist_memobj_nrf_balloc_cb
    main.o(.constdata) refers to main.o(.data) for m_cli_uart_cmd_hist_memobj_nrf_balloc_pool_stack
    main.o(.constdata) refers to main.o(.bss) for m_cli_uart_cmd_hist_memobj_nrf_balloc_pool_mem
    main.o(.constdata) refers to main.o(.conststring) for .conststring
    main.o(.constdata) refers to main.o(.constdata) for m_cli_uart_transport
    main.o(.constdata) refers to main.o(.bss) for m_cli_uart_ctx
    main.o(.constdata) refers to main.o(.data) for m_cli_uart_log_backend
    main.o(.constdata) refers to main.o(.data) for m_cli_uart_fprintf_ctx
    main.o(.constdata) refers to main.o(.constdata) for m_cli_uart_cmd_hist_memobj
    main.o(.constdata) refers to main.o(.constdata) for m_sub_flash_raw
    main.o(.constdata) refers to main.o(.conststring) for .conststring
    main.o(.constdata) refers to main.o(i.flashwrite_erase_cmd) for flashwrite_erase_cmd
    main.o(.constdata) refers to main.o(i.flashwrite_read_cmd) for flashwrite_read_cmd
    main.o(.constdata) refers to main.o(i.flashwrite_write_cmd) for flashwrite_write_cmd
    main.o(.constdata) refers to main.o(.conststring) for .conststring
    main.o(.constdata) refers to main.o(.constdata) for m_sub_flash
    main.o(.constdata) refers to main.o(i.flashwrite_cmd) for flashwrite_cmd
[...]
    i.nrf_uart_event_check                   0x00004dc0   Section        0  nrf_drv_uart.o(i.nrf_uart_event_check)
    nrf_uart_event_check                     0x00004dc1   Thumb Code    10  nrf_drv_uart.o(i.nrf_uart_event_check)
    i.nrf_uart_event_clear                   0x00004dca   Section        0  nrf_drv_uart.o(i.nrf_uart_event_clear)
    nrf_uart_event_clear                     0x00004dcb   Thumb Code    12  nrf_drv_uart.o(i.nrf_uart_event_clear)
    i.nrf_uart_int_enable_check              0x00004dd6   Section        0  nrf_drv_uart.o(i.nrf_uart_int_enable_check)
    nrf_uart_int_enable_check                0x00004dd7   Thumb Code    12  nrf_drv_uart.o(i.nrf_uart_int_enable_check)
    i.nrf_uarte_event_check                  0x00004de2   Section        0  nrf_drv_uart.o(i.nrf_uarte_event_check)
    nrf_uarte_event_check                    0x00004de3   Thumb Code    10  nrf_drv_uart.o(i.nrf_uarte_event_check)
    i.nrf_uarte_event_clear                  0x00004dec   Section        0  nrf_drv_uart.o(i.nrf_uarte_event_clear)
    nrf_uarte_event_clear                    0x00004ded   Thumb Code    12  nrf_drv_uart.o(i.nrf_uarte_event_clear)
    i.option_print                           0x00004df8   Section        0  nrf_cli.o(i.option_print)
    option_print                             0x00004df9   Thumb Code   128  nrf_cli.o(i.option_print)
    i.pins_to_default                        0x00004e88   Section        0  nrf_drv_uart.o(i.pins_to_default)
    pins_to_default                          0x00004e89   Thumb Code   114  nrf_drv_uart.o(i.pins_to_default)
    i.postfix_process                        0x00004f00   Section        0  nrf_log_str_formatter.o(i.postfix_process)
    postfix_process                          0x00004f01   Thumb Code    48  nrf_log_str_formatter.o(i.postfix_process)
    i.prefix_process                         0x00004f3c   Section        0  nrf_log_str_formatter.o(i.prefix_process)
    prefix_process                           0x00004f3d   Thumb Code    72  nrf_log_str_formatter.o(i.prefix_process)
    i.queue_utilization_get                  0x00004f98   Section        0  nrf_queue.o(i.queue_utilization_get)
    queue_utilization_get                    0x00004f99   Thumb Code    24  nrf_queue.o(i.queue_utilization_get)
    i.rtc1_stop                              0x00004fb0   Section        0  app_timer.o(i.rtc1_stop)
    rtc1_stop                                0x00004fb1   Thumb Code    52  app_timer.o(i.rtc1_stop)
    i.rx_byte                                0x00004fec   Section        0  nrf_drv_uart.o(i.rx_byte)
    rx_byte                                  0x00004fed   Thumb Code    50  nrf_drv_uart.o(i.rx_byte)
    i.rx_done_event                          0x0000501e   Section        0  nrf_drv_uart.o(i.rx_done_event)
    rx_done_event                            0x0000501f   Thumb Code    24  nrf_drv_uart.o(i.rx_done_event)
    i.rx_enable                              0x00005036   Section        0  nrf_drv_uart.o(i.rx_enable)
    rx_enable                                0x00005037   Thumb Code    32  nrf_drv_uart.o(i.rx_enable)
    i.rx_try                                 0x00005056   Section        0  nrf_cli_uart.o(i.rx_try)
    rx_try                                   0x00005057   Thumb Code    60  nrf_cli_uart.o(i.rx_try)
    i.severity_lvl_get                       0x00005094   Section        0  nrf_log_frontend.o(i.severity_lvl_get)
    severity_lvl_get                         0x00005095   Thumb Code    28  nrf_log_frontend.o(i.severity_lvl_get)
    i.std_n                                  0x000050b8   Section        0  nrf_log_frontend.o(i.std_n)
    std_n                                    0x000050b9   Thumb Code   140  nrf_log_frontend.o(i.std_n)
    i.string_cmp                             0x00005148   Section        0  nrf_cli.o(i.string_cmp)
    string_cmp                               0x00005149   Thumb Code     8  nrf_cli.o(i.string_cmp)
    i.terminal_size_get                      0x00005150   Section        0  nrf_cli.o(i.terminal_size_get)
    terminal_size_get                        0x00005151   Thumb Code    96  nrf_cli.o(i.terminal_size_get)
    i.timer_handler                          0x000051b0   Section        0  nrf_cli_uart.o(i.timer_handler)
    timer_handler                            0x000051b1   Thumb Code     6  nrf_cli_uart.o(i.timer_handler)
    i.timer_list_handler                     0x000051b8   Section        0  app_timer.o(i.timer_list_handler)
    timer_list_handler                       0x000051b9   Thumb Code   122  app_timer.o(i.timer_list_handler)
    i.timer_list_insert                      0x00005238   Section        0  app_timer.o(i.timer_list_insert)
    timer_list_insert                        0x00005239   Thumb Code    56  app_timer.o(i.timer_list_insert)
    i.timer_list_remove                      0x00005274   Section        0  app_timer.o(i.timer_list_remove)
    timer_list_remove                        0x00005275   Thumb Code    88  app_timer.o(i.timer_list_remove)
    i.timer_stop_op_schedule                 0x000052d4   Section        0  app_timer.o(i.timer_stop_op_schedule)
    timer_stop_op_schedule                   0x000052d5   Thumb Code    60  app_timer.o(i.timer_stop_op_schedule)
    i.timer_timeouts_check                   0x00005314   Section        0  app_timer.o(i.timer_timeouts_check)
    timer_timeouts_check                     0x00005315   Thumb Code   106  app_timer.o(i.timer_timeouts_check)
    i.tx_byte                                0x00005388   Section        0  nrf_drv_uart.o(i.tx_byte)
    tx_byte                                  0x00005389   Thumb Code    32  nrf_drv_uart.o(i.tx_byte)
    i.tx_done_event                          0x000053a8   Section        0  nrf_drv_uart.o(i.tx_done_event)
    tx_done_event                            0x000053a9   Thumb Code    28  nrf_drv_uart.o(i.tx_done_event)
    i.uart_event_handler                     0x000053c4   Section        0  nrf_cli_uart.o(i.uart_event_handler)
    uart_event_handler                       0x000053c5   Thumb Code   110  nrf_cli_uart.o(i.uart_event_handler)
    i.uart_irq_handler                       0x00005432   Section        0  nrf_drv_uart.o(i.uart_irq_handler)
    uart_irq_handler                         0x00005433   Thumb Code   286  nrf_drv_uart.o(i.uart_irq_handler)
    i.uarte_irq_handler                      0x00005550   Section        0  nrf_drv_uart.o(i.uarte_irq_handler)
    uarte_irq_handler                        0x00005551   Thumb Code   240  nrf_drv_uart.o(i.uarte_irq_handler)
    i.unsigned_print                         0x00005640   Section        0  nrf_fprintf_format.o(i.unsigned_print)
    unsigned_print                           0x00005641   Thumb Code   176  nrf_fprintf_format.o(i.unsigned_print)
    i.user_op_alloc                          0x000056f4   Section        0  app_timer.o(i.user_op_alloc)
    user_op_alloc                            0x000056f5   Thumb Code    42  app_timer.o(i.user_op_alloc)
    i.vt100_bgcolor_set                      0x00005724   Section        0  nrf_cli.o(i.vt100_bgcolor_set)
    vt100_bgcolor_set                        0x00005725   Thumb Code    48  nrf_cli.o(i.vt100_bgcolor_set)
    i.vt100_color_set                        0x00005760   Section        0  nrf_cli.o(i.vt100_color_set)
    vt100_color_set                          0x00005761   Thumb Code    64  nrf_cli.o(i.vt100_color_set)
    .constdata                               0x000057b0   Section        4  main.o(.constdata)
    m_cli_uart_transport_timer               0x000057b0   Data           4  main.o(.constdata)
    .constdata                               0x000057b4   Section       12  main.o(.constdata)
    m_cli_uart_transport_tx_ringbuf          0x000057b4   Data          12  main.o(.constdata)
    .constdata                               0x000057c0   Section       12  main.o(.constdata)
    m_cli_uart_transport_rx_ringbuf          0x000057c0   Data          12  main.o(.constdata)
    .constdata                               0x000057cc   Section        8  main.o(.constdata)
    m_cli_uart_transport_uart                0x000057cc   Data           8  main.o(.constdata)
    .constdata                               0x000057d4   Section       24  main.o(.constdata)
    m_cli_uart_transport                     0x000057d4   Data          24  main.o(.constdata)
    .constdata                               0x000057ec   Section       20  main.o(.constdata)
    m_cli_uart_log_backend_queue             0x000057ec   Data          20  main.o(.constdata)
    .constdata                               0x00005800   Section       20  main.o(.constdata)
    m_cli_uart_cmd_hist_memobj               0x00005800   Data          20  main.o(.constdata)
    .constdata                               0x00005814   Section       60  main.o(.constdata)
    m_cli_uart                               0x00005814   Data          28  main.o(.constdata)
    .constdata                               0x00005850   Section        8  main.o(.constdata)
    m_sub_flash                              0x00005850   Data           8  main.o(.constdata)
    .constdata                               0x00005858   Section       64  main.o(.constdata)
    m_sub_flash_raw                          0x00005858   Data          64  main.o(.constdata)
    .constdata                               0x00005898   Section       16  main.o(.constdata)
    .constdata                               0x000058a8   Section      104  nrf_cli.o(.constdata)
    cmd                                      0x000058a8   Data           3  nrf_cli.o(.constdata)
    cmd                                      0x000058ab   Data           3  nrf_cli.o(.constdata)
    cmd                                      0x000058ae   Data           3  nrf_cli.o(.constdata)
    opt_sep                                  0x000058b1   Data           3  nrf_cli.o(.constdata)
    cmd                                      0x000058b4   Data           4  nrf_cli.o(.constdata)
    cmd                                      0x000058b8   Data           4  nrf_cli.o(.constdata)
    cmd_bspace                               0x000058bc   Data           4  nrf_cli.o(.constdata)
    cmd                                      0x000058c0   Data           4  nrf_cli.o(.constdata)
    cmd_sep                                  0x000058c4   Data           4  nrf_cli.o(.constdata)
    cmd                                      0x000058c8   Data           4  nrf_cli.o(.constdata)
    cmd_get_terminal_size                    0x000058cc   Data           5  nrf_cli.o(.constdata)
    cmd                                      0x000058d1   Data           5  nrf_cli.o(.constdata)
    cmd                                      0x000058d6   Data           6  nrf_cli.o(.constdata)
    m_nrf_cli_uknown_parameter               0x000058dc   Data          21  nrf_cli.o(.constdata)
    m_nrf_cli_command_not_found              0x000058f1   Data          20  nrf_cli.o(.constdata)
    help                                     0x00005905   Data          11  nrf_cli.o(.constdata)
    .constdata                               0x00005910   Section       12  nrf_cli.o(.constdata)
    .constdata                               0x0000591c   Section       16  nrf_cli.o(.constdata)
    .constdata                               0x0000592c   Section        8  nrf_cli.o(.constdata)
    m_sub_colors                             0x0000592c   Data           8  nrf_cli.o(.constdata)
    .constdata                               0x00005934   Section       48  nrf_cli.o(.constdata)
    m_sub_colors_raw                         0x00005934   Data          48  nrf_cli.o(.constdata)
    .constdata                               0x00005964   Section       16  nrf_cli.o(.constdata)
    .constdata                               0x00005974   Section        8  nrf_cli.o(.constdata)
    m_sub_echo                               0x00005974   Data           8  nrf_cli.o(.constdata)
    .constdata                               0x0000597c   Section       48  nrf_cli.o(.constdata)
    m_sub_echo_raw                           0x0000597c   Data          48  nrf_cli.o(.constdata)
    .constdata                               0x000059ac   Section       16  nrf_cli.o(.constdata)
    .constdata                               0x000059bc   Section       16  nrf_cli.o(.constdata)
    .constdata                               0x000059cc   Section        8  nrf_cli.o(.constdata)
    m_sub_resize                             0x000059cc   Data           8  nrf_cli.o(.constdata)
    .constdata                               0x000059d4   Section       32  nrf_cli.o(.constdata)
    m_sub_resize_raw                         0x000059d4   Data          32  nrf_cli.o(.constdata)
    .constdata                               0x000059f4   Section       16  nrf_cli.o(.constdata)
    .constdata                               0x00005a04   Section        8  nrf_cli.o(.constdata)
    m_sub_cli_stats                          0x00005a04   Data           8  nrf_cli.o(.constdata)
    .constdata                               0x00005a0c   Section       48  nrf_cli.o(.constdata)
    m_sub_cli_stats_raw                      0x00005a0c   Data          48  nrf_cli.o(.constdata)
    .constdata                               0x00005a3c   Section       16  nrf_cli.o(.constdata)
    .constdata                               0x00005a4c   Section       20  nrf_cli_uart.o(.constdata)
    .constdata                               0x00005a60   Section       16  nrf_fprintf_format.o(.constdata)
    _aV2C                                    0x00005a60   Data          16  nrf_fprintf_format.o(.constdata)
    .constdata                               0x00005a70   Section       28  nrf_log_frontend.o(.constdata)
    m_module_name                            0x00005a70   Data           8  nrf_log_frontend.o(.constdata)
    mempool                                  0x00005a78   Data          20  nrf_log_frontend.o(.constdata)
    .constdata                               0x00005a8c   Section        8  nrf_log_frontend.o(.constdata)
    m_severity_lvl                           0x00005a8c   Data           8  nrf_log_frontend.o(.constdata)
    .constdata                               0x00005a94   Section        8  nrf_log_frontend.o(.constdata)
    m_sub_log_stat                           0x00005a94   Data           8  nrf_log_frontend.o(.constdata)
    .constdata                               0x00005a9c   Section       96  nrf_log_frontend.o(.constdata)
    m_sub_log_stat_raw                       0x00005a9c   Data          96  nrf_log_frontend.o(.constdata)
    .constdata                               0x00005afc   Section       16  nrf_log_frontend.o(.constdata)
    .constdata                               0x00005b0c   Section      129  ctype_o.o(.constdata)
    .constdata                               0x00005b90   Section        4  ctype_o.o(.constdata)
    table                                    0x00005b90   Data           4  ctype_o.o(.constdata)
    .conststring                             0x00005b94   Section      113  main.o(.conststring)
    .conststring                             0x00005c08   Section      158  main.o(.conststring)
    .conststring                             0x00005ca8   Section       30  main.o(.conststring)
    .conststring                             0x00005cc8   Section       22  nrf_cli.o(.conststring)
    .conststring                             0x00005ce0   Section       55  nrf_cli.o(.conststring)
    .conststring                             0x00005d18   Section       31  nrf_cli.o(.conststring)
    .conststring                             0x00005d38   Section       92  nrf_cli.o(.conststring)
    .conststring                             0x00005d94   Section       25  nrf_cli.o(.conststring)
    .conststring                             0x00005db0   Section       28  nrf_cli.o(.conststring)
    .conststring                             0x00005dcc   Section       80  nrf_cli.o(.conststring)
    .conststring                             0x00005e1c   Section      163  nrf_cli.o(.conststring)
    .conststring                             0x00005ec0   Section       86  nrf_cli.o(.conststring)
    .conststring                             0x00005f18   Section       26  nrf_cli.o(.conststring)
    .conststring                             0x00005f34   Section        3  nrf_cli.o(.conststring)
    .conststring                             0x00005f38   Section       38  nrf_log_frontend.o(.conststring)
    .conststring                             0x00005f60   Section      321  nrf_log_frontend.o(.conststring)
    .conststring                             0x000060a4   Section       36  nrf_log_frontend.o(.conststring)
    .conststring                             0x000060c8   Section       72  nrf_log_str_formatter.o(.conststring)
    .conststrlit                             0x00006110   Section        6  nrf_drv_clock.o(.conststrlit)
    .conststrlit                             0x00006118   Section        5  nrf_drv_uart.o(.conststrlit)
    .conststrlit                             0x00006120   Section        7  nrf_balloc.o(.conststrlit)
    .conststrlit                             0x00006128   Section        9  nrf_cli_uart.o(.conststrlit)
    .conststrlit                             0x00006134   Section        9  nrf_pwr_mgmt.o(.conststrlit)
    .conststrlit                             0x00006140   Section        4  nrf_log_frontend.o(.conststrlit)
    cli_command                              0x00006164   Section        8  main.o(cli_command)
    __tagsym$$used                           0x00006164   Number         0  main.o(cli_command)
    cli_command                              0x0000616c   Section       48  nrf_cli.o(cli_command)
    __tagsym$$used                           0x0000616c   Number         0  nrf_cli.o(cli_command)
    __tagsym$$used                           0x00006174   Number         0  nrf_cli.o(cli_command)
    __tagsym$$used                           0x0000617c   Number         0  nrf_cli.o(cli_command)
    __tagsym$$used                           0x00006184   Number         0  nrf_cli.o(cli_command)
    __tagsym$$used                           0x0000618c   Number         0  nrf_cli.o(cli_command)
    __tagsym$$used                           0x00006194   Number         0  nrf_cli.o(cli_command)
    cli_command                              0x0000619c   Section        8  nrf_log_frontend.o(cli_command)
    __tagsym$$used                           0x0000619c   Number         0  nrf_log_frontend.o(cli_command)
    log_const_data                           0x000061a4   Section        8  nrf_drv_clock.o(log_const_data)
    __tagsym$$used                           0x000061a4   Number         0  nrf_drv_clock.o(log_const_data)
    log_const_data                           0x000061ac   Section        8  nrf_drv_uart.o(log_const_data)
    __tagsym$$used                           0x000061ac   Number         0  nrf_drv_uart.o(log_const_data)
    log_const_data                           0x000061b4   Section        8  nrf_balloc.o(log_const_data)
    __tagsym$$used                           0x000061b4   Number         0  nrf_balloc.o(log_const_data)
    log_const_data                           0x000061bc   Section        8  nrf_cli_uart.o(log_const_data)
    __tagsym$$used                           0x000061bc   Number         0  nrf_cli_uart.o(log_const_data)
    log_const_data                           0x000061c4   Section        8  nrf_pwr_mgmt.o(log_const_data)
    __tagsym$$used                           0x000061c4   Number         0  nrf_pwr_mgmt.o(log_const_data)
    log_const_data                           0x000061cc   Section        8  nrf_log_frontend.o(log_const_data)
    __tagsym$$used                           0x000061cc   Number         0  nrf_log_frontend.o(log_const_data)
    .data                                    0x20000000   Section       24  main.o(.data)
    m_cli_uart_fprintf_ctx                   0x20000000   Data          24  main.o(.data)
    .data                                    0x20000018   Section       24  main.o(.data)
    m_cli_uart_log_backend                   0x20000018   Data          24  main.o(.data)
    .data                                    0x20000030   Section        8  main.o(.data)
    m_cli_uart_cmd_hist_memobj_nrf_balloc_pool_stack 0x20000030   Data           8  main.o(.data)
    .data                                    0x20000038   Section        8  main.o(.data)
    m_cli_uart_cmd_hist_memobj_nrf_balloc_cb 0x20000038   Data           8  main.o(.data)
    .data                                    0x20000040   Section       20  app_timer.o(.data)
    m_ticks_elapsed_q_read_ind               0x20000040   Data           1  app_timer.o(.data)
    m_ticks_elapsed_q_write_ind              0x20000041   Data           1  app_timer.o(.data)
    m_rtc1_running                           0x20000042   Data           1  app_timer.o(.data)
    m_rtc1_reset                             0x20000043   Data           1  app_timer.o(.data)
    mp_timer_id_head                         0x20000044   Data           4  app_timer.o(.data)
    m_ticks_latest                           0x20000048   Data           4  app_timer.o(.data)
    m_ticks_elapsed                          0x2000004c   Data           8  app_timer.o(.data)
    .data                                    0x20000054   Section        4  app_util_platform.o(.data)
    m_in_critical_region                     0x20000054   Data           4  app_util_platform.o(.data)
    .data                                    0x20000058   Section        4  nrf_cli.o(.data)
    tab                                      0x20000058   Data           4  nrf_cli.o(.data)
    .data                                    0x2000005c   Section       40  nrf_log_frontend.o(.data)
    m_severity_lvls                          0x2000005c   Data          20  nrf_log_frontend.o(.data)
    m_severity_lvls_sorted                   0x20000070   Data          20  nrf_log_frontend.o(.data)
    .data                                    0x20000084   Section        8  nrf_log_frontend.o(.data)
    mempool_nrf_balloc_pool_stack            0x20000084   Data           8  nrf_log_frontend.o(.data)
    .data                                    0x2000008c   Section        8  nrf_log_frontend.o(.data)
    mempool_nrf_balloc_cb                    0x2000008c   Data           8  nrf_log_frontend.o(.data)
    .data                                    0x20000094   Section       56  nrf_log_str_formatter.o(.data)
    severity_names                           0x20000094   Data          20  nrf_log_str_formatter.o(.data)
    m_colors                                 0x200000a8   Data          36  nrf_log_str_formatter.o(.data)
    .data                                    0x200000cc   Section        4  system_nrf52.o(.data)
    __tagsym$$used                           0x200000cc   Number         0  system_nrf52.o(.data)
    cli_sorted_cmd_ptrs                      0x200000d0   Section        4  main.o(cli_sorted_cmd_ptrs)
    __tagsym$$used                           0x200000d0   Number         0  main.o(cli_sorted_cmd_ptrs)
    cli_sorted_cmd_ptrs                      0x200000d4   Section       24  nrf_cli.o(cli_sorted_cmd_ptrs)
    __tagsym$$used                           0x200000d4   Number         0  nrf_cli.o(cli_sorted_cmd_ptrs)
    __tagsym$$used                           0x200000d8   Number         0  nrf_cli.o(cli_sorted_cmd_ptrs)
    __tagsym$$used                           0x200000dc   Number         0  nrf_cli.o(cli_sorted_cmd_ptrs)
    __tagsym$$used                           0x200000e0   Number         0  nrf_cli.o(cli_sorted_cmd_ptrs)
    __tagsym$$used                           0x200000e4   Number         0  nrf_cli.o(cli_sorted_cmd_ptrs)
    __tagsym$$used                           0x200000e8   Number         0  nrf_cli.o(cli_sorted_cmd_ptrs)
    cli_sorted_cmd_ptrs                      0x200000ec   Section        4  nrf_log_frontend.o(cli_sorted_cmd_ptrs)
    __tagsym$$used                           0x200000ec   Number         0  nrf_log_frontend.o(cli_sorted_cmd_ptrs)
    log_dynamic_data                         0x200000f0   Section       12  nrf_drv_clock.o(log_dynamic_data)
    __tagsym$$used                           0x200000f0   Number         0  nrf_drv_clock.o(log_dynamic_data)
    log_dynamic_data                         0x200000fc   Section       12  nrf_drv_uart.o(log_dynamic_data)
    __tagsym$$used                           0x200000fc   Number         0  nrf_drv_uart.o(log_dynamic_data)
    log_dynamic_data                         0x20000108   Section       12  nrf_balloc.o(log_dynamic_data)
    __tagsym$$used                           0x20000108   Number         0  nrf_balloc.o(log_dynamic_data)
    log_dynamic_data                         0x20000114   Section       12  nrf_cli_uart.o(log_dynamic_data)
    __tagsym$$used                           0x20000114   Number         0  nrf_cli_uart.o(log_dynamic_data)
    log_dynamic_data                         0x20000120   Section       12  nrf_pwr_mgmt.o(log_dynamic_data)
    __tagsym$$used                           0x20000120   Number         0  nrf_pwr_mgmt.o(log_dynamic_data)
    log_dynamic_data                         0x2000012c   Section       12  nrf_log_frontend.o(log_dynamic_data)
    __tagsym$$used                           0x2000012c   Number         0  nrf_log_frontend.o(log_dynamic_data)
    .bss                                     0x20000138   Section       32  main.o(.bss)
    m_cli_uart_transport_timer_data          0x20000138   Data          32  main.o(.bss)
    .bss                                     0x20000158   Section       64  main.o(.bss)
    m_cli_uart_transport_tx_ringbuf_buf      0x20000158   Data          64  main.o(.bss)
    .bss                                     0x20000198   Section       24  main.o(.bss)
    m_cli_uart_transport_tx_ringbuf_cb       0x20000198   Data          24  main.o(.bss)
    .bss                                     0x200001b0   Section       16  main.o(.bss)
    m_cli_uart_transport_rx_ringbuf_buf      0x200001b0   Data          16  main.o(.bss)
    .bss                                     0x200001c0   Section       24  main.o(.bss)
    m_cli_uart_transport_rx_ringbuf_cb       0x200001c0   Data          24  main.o(.bss)
    .bss                                     0x200001d8   Section       44  main.o(.bss)
    m_cli_uart_transport_cb                  0x200001d8   Data          44  main.o(.bss)
    .bss                                     0x20000204   Section      320  main.o(.bss)
    m_cli_uart_ctx                           0x20000204   Data         320  main.o(.bss)
    .bss                                     0x20000344   Section       20  main.o(.bss)
    m_cli_uart_log_backend_queue_nrf_queue_buffer 0x20000344   Data          20  main.o(.bss)
    .bss                                     0x20000358   Section       12  main.o(.bss)
    m_cli_uart_log_backend_queue_nrf_queue_cb 0x20000358   Data          12  main.o(.bss)
    .bss                                     0x20000364   Section      384  main.o(.bss)
    m_cli_uart_cmd_hist_memobj_nrf_balloc_pool_mem 0x20000364   Data         384  main.o(.bss)
    .bss                                     0x200004e4   Section       16  main.o(.bss)
    m_data                                   0x200004e4   Data          16  main.o(.bss)
    .bss                                     0x200004f4   Section       20  nrf_drv_clock.o(.bss)
    m_clock_cb                               0x200004f4   Data          20  nrf_drv_clock.o(.bss)
    .bss                                     0x20000508   Section       32  nrf_drv_uart.o(.bss)
    m_cb                                     0x20000508   Data          32  nrf_drv_uart.o(.bss)
    .bss                                     0x20000528   Section      268  app_timer.o(.bss)
    m_op_queue                               0x20000528   Data         268  app_timer.o(.bss)
    .bss                                     0x20000634   Section      192  nrf_log_frontend.o(.bss)
    mempool_nrf_balloc_pool_mem              0x20000634   Data         192  nrf_log_frontend.o(.bss)
    .bss                                     0x200006f4   Section     1056  nrf_log_frontend.o(.bss)
    m_log_data                               0x200006f4   Data        1056  nrf_log_frontend.o(.bss)
    STACK                                    0x20000b18   Section     8192  arm_startup_nrf52.o(STACK)

    Global Symbols

    Symbol Name                              Value     Ov Type        Size  Object(Section)

    BuildAttributes$$THM_ISAv4$E$P$D$K$B$S$7EM$VFPi3$EXTD16$VFPS$VFMA$PE$A:L22UL41UL21$X:L11$S22US41US21$IEEE1$IW$USESV6$~STKCKD$USESV7$~SHL$OSPACE$EBA8$MICROLIB$REQ8$PRES8$EABIv2 0x00000000   Number         0  anon$$obj.o ABSOLUTE
    __ARM_use_no_argv                        0x00000000   Number         0  main.o ABSOLUTE
    __Vectors                                0x00000000   Data           4  arm_startup_nrf52.o(RESET)
    __use_no_errno                           0x00000000   Number         0  useno.o ABSOLUTE
    __use_no_exception_handling              0x00000000   Number         0  useno.o ABSOLUTE
    __use_no_fp                              0x00000000   Number         0  useno.o ABSOLUTE
    __use_no_heap                            0x00000000   Number         0  useno.o ABSOLUTE
    __use_no_heap_region                     0x00000000   Number         0  useno.o ABSOLUTE
    __use_no_semihosting                     0x00000000   Number         0  useno.o ABSOLUTE
    __use_no_semihosting_swi                 0x00000000   Number         0  useno.o ABSOLUTE
    __use_no_signal_handling                 0x00000000   Number         0  useno.o ABSOLUTE
    __cpp_initialize__aeabi_                  - Undefined Weak Reference
    __cxa_finalize                            - Undefined Weak Reference
    _clock_init                               - Undefined Weak Reference
    _microlib_exit                            - Undefined Weak Reference
    pwr_mgmt_data0$$Base                      - Undefined Reference
    pwr_mgmt_data0$$Limit                     - Undefined Reference
    pwr_mgmt_data1$$Base                      - Undefined Reference
    pwr_mgmt_data1$$Limit                     - Undefined Reference
    pwr_mgmt_data2$$Base                      - Undefined Reference
    pwr_mgmt_data2$$Limit                     - Undefined Reference
    __Vectors_End                            0x00000200   Data           0  arm_startup_nrf52.o(RESET)
    __Vectors_Size                           0x00000200   Number         0  arm_startup_nrf52.o ABSOLUTE
    __main                                   0x00000201   Thumb Code     0  entry.o(.ARM.Collect$$$$00000000)
    _main_stk                                0x00000201   Thumb Code     0  entry2.o(.ARM.Collect$$$$00000001)
    _main_scatterload                        0x00000205   Thumb Code     0  entry5.o(.ARM.Collect$$$$00000004)
    __main_after_scatterload                 0x00000209   Thumb Code     0  entry5.o(.ARM.Collect$$$$00000004)
    _main_clock                              0x00000209   Thumb Code     0  entry7b.o(.ARM.Collect$$$$00000008)
    _main_cpp_init                           0x00000209   Thumb Code     0  entry8b.o(.ARM.Collect$$$$0000000A)
    _main_init                               0x00000209   Thumb Code     0  entry9a.o(.ARM.Collect$$$$0000000B)
    __rt_final_cpp                           0x00000211   Thumb Code     0  entry10a.o(.ARM.Collect$$$$0000000D)
    __rt_final_exit                          0x00000211   Thumb Code     0  entry11a.o(.ARM.Collect$$$$0000000F)
    __asm___12_nrf_memobj_c_9bb9f865__nrf_atomic_internal_mov 0x00000215   Thumb Code    24  nrf_memobj.o(.emb_text)
    __asm___12_nrf_memobj_c_9bb9f865__nrf_atomic_internal_orr 0x0000022d   Thumb Code    26  nrf_memobj.o(.emb_text)
    __asm___12_nrf_memobj_c_9bb9f865__nrf_atomic_internal_and 0x00000247   Thumb Code    26  nrf_memobj.o(.emb_text)
    __asm___12_nrf_memobj_c_9bb9f865__nrf_atomic_internal_eor 0x00000261   Thumb Code    26  nrf_memobj.o(.emb_text)
    __asm___12_nrf_memobj_c_9bb9f865__nrf_atomic_internal_add 0x0000027b   Thumb Code    26  nrf_memobj.o(.emb_text)
    __asm___12_nrf_memobj_c_9bb9f865__nrf_atomic_internal_sub 0x00000295   Thumb Code    26  nrf_memobj.o(.emb_text)
    __asm___13_nrf_ringbuf_c_bac3c598__nrf_atomic_internal_mov 0x000002b1   Thumb Code    24  nrf_ringbuf.o(.emb_text)
    __asm___13_nrf_ringbuf_c_bac3c598__nrf_atomic_internal_orr 0x000002c9   Thumb Code    26  nrf_ringbuf.o(.emb_text)
    __asm___13_nrf_ringbuf_c_bac3c598__nrf_atomic_internal_and 0x000002e3   Thumb Code    26  nrf_ringbuf.o(.emb_text)
    __asm___13_nrf_ringbuf_c_bac3c598__nrf_atomic_internal_eor 0x000002fd   Thumb Code    26  nrf_ringbuf.o(.emb_text)
    __asm___13_nrf_ringbuf_c_bac3c598__nrf_atomic_internal_add 0x00000317   Thumb Code    26  nrf_ringbuf.o(.emb_text)
    __asm___13_nrf_ringbuf_c_bac3c598__nrf_atomic_internal_sub 0x00000331   Thumb Code    26  nrf_ringbuf.o(.emb_text)
    __asm___18_nrf_log_frontend_c_bc460776__nrf_atomic_internal_mov 0x0000034d   Thumb Code    24  nrf_log_frontend.o(.emb_text)
    __asm___18_nrf_log_frontend_c_bc460776__nrf_atomic_internal_orr 0x00000365   Thumb Code    26  nrf_log_frontend.o(.emb_text)
    __asm___18_nrf_log_frontend_c_bc460776__nrf_atomic_internal_and 0x0000037f   Thumb Code    26  nrf_log_frontend.o(.emb_text)
    __asm___18_nrf_log_frontend_c_bc460776__nrf_atomic_internal_eor 0x00000399   Thumb Code    26  nrf_log_frontend.o(.emb_text)
    __asm___18_nrf_log_frontend_c_bc460776__nrf_atomic_internal_add 0x000003b3   Thumb Code    26  nrf_log_frontend.o(.emb_text)
    __asm___18_nrf_log_frontend_c_bc460776__nrf_atomic_internal_sub 0x000003cd   Thumb Code    26  nrf_log_frontend.o(.emb_text)
    Reset_Handler                            0x000003e9   Thumb Code     8  arm_startup_nrf52.o(.text)
    NMI_Handler                              0x000003f1   Thumb Code     2  arm_startup_nrf52.o(.text)
    HardFault_Handler                        0x000003f3   Thumb Code     2  arm_startup_nrf52.o(.text)
    MemoryManagement_Handler                 0x000003f5   Thumb Code     2  arm_startup_nrf52.o(.text)
    BusFault_Handler                         0x000003f7   Thumb Code     2  arm_startup_nrf52.o(.text)
    UsageFault_Handler                       0x000003f9   Thumb Code     2  arm_startup_nrf52.o(.text)
    SVC_Handler                              0x000003fb   Thumb Code     2  arm_startup_nrf52.o(.text)
    DebugMon_Handler                         0x000003fd   Thumb Code     2  arm_startup_nrf52.o(.text)
    PendSV_Handler                           0x000003ff   Thumb Code     2  arm_startup_nrf52.o(.text)
    SysTick_Handler                          0x00000401   Thumb Code     2  arm_startup_nrf52.o(.text)
    CCM_AAR_IRQHandler                       0x00000403   Thumb Code     0  arm_startup_nrf52.o(.text)
    COMP_LPCOMP_IRQHandler                   0x00000403   Thumb Code     0  arm_startup_nrf52.o(.text)
    ECB_IRQHandler                           0x00000403   Thumb Code     0  arm_startup_nrf52.o(.text)
    FPU_IRQHandler                           0x00000403   Thumb Code     0  arm_startup_nrf52.o(.text)
    GPIOTE_IRQHandler                        0x00000403   Thumb Code     0  arm_startup_nrf52.o(.text)
    I2S_IRQHandler                           0x00000403   Thumb Code     0  arm_startup_nrf52.o(.text)
    MWU_IRQHandler                           0x00000403   Thumb Code     0  arm_startup_nrf52.o(.text)
    NFCT_IRQHandler                          0x00000403   Thumb Code     0  arm_startup_nrf52.o(.text)
    PDM_IRQHandler                           0x00000403   Thumb Code     0  arm_startup_nrf52.o(.text)
    PWM0_IRQHandler                          0x00000403   Thumb Code     0  arm_startup_nrf52.o(.text)
    PWM1_IRQHandler                          0x00000403   Thumb Code     0  arm_startup_nrf52.o(.text)
    PWM2_IRQHandler                          0x00000403   Thumb Code     0  arm_startup_nrf52.o(.text)
    QDEC_IRQHandler                          0x00000403   Thumb Code     0  arm_startup_nrf52.o(.text)
    RADIO_IRQHandler                         0x00000403   Thumb Code     0  arm_startup_nrf52.o(.text)
    RNG_IRQHandler                           0x00000403   Thumb Code     0  arm_startup_nrf52.o(.text)
    RTC0_IRQHandler                          0x00000403   Thumb Code     0  arm_startup_nrf52.o(.text)
    RTC2_IRQHandler                          0x00000403   Thumb Code     0  arm_startup_nrf52.o(.text)
    SAADC_IRQHandler                         0x00000403   Thumb Code     0  arm_startup_nrf52.o(.text)
    SPIM0_SPIS0_TWIM0_TWIS0_SPI0_TWI0_IRQHandler 0x00000403   Thumb Code     0  arm_startup_nrf52.o(.text)
    SPIM1_SPIS1_TWIM1_TWIS1_SPI1_TWI1_IRQHandler 0x00000403   Thumb Code     0  arm_startup_nrf52.o(.text)
    SPIM2_SPIS2_SPI2_IRQHandler              0x00000403   Thumb Code     0  arm_startup_nrf52.o(.text)
    SWI1_EGU1_IRQHandler                     0x00000403   Thumb Code     0  arm_startup_nrf52.o(.text)
    SWI2_EGU2_IRQHandler                     0x00000403   Thumb Code     0  arm_startup_nrf52.o(.text)
    SWI3_EGU3_IRQHandler                     0x00000403   Thumb Code     0  arm_startup_nrf52.o(.text)
    SWI4_EGU4_IRQHandler                     0x00000403   Thumb Code     0  arm_startup_nrf52.o(.text)
    SWI5_EGU5_IRQHandler                     0x00000403   Thumb Code     0  arm_startup_nrf52.o(.text)
    TEMP_IRQHandler                          0x00000403   Thumb Code     0  arm_startup_nrf52.o(.text)
    TIMER0_IRQHandler                        0x00000403   Thumb Code     0  arm_startup_nrf52.o(.text)
    TIMER1_IRQHandler                        0x00000403   Thumb Code     0  arm_startup_nrf52.o(.text)
    TIMER2_IRQHandler                        0x00000403   Thumb Code     0  arm_startup_nrf52.o(.text)
    TIMER3_IRQHandler                        0x00000403   Thumb Code     0  arm_startup_nrf52.o(.text)
    TIMER4_IRQHandler                        0x00000403   Thumb Code     0  arm_startup_nrf52.o(.text)
    WDT_IRQHandler                           0x00000403   Thumb Code     0  arm_startup_nrf52.o(.text)
    __rt_ctype_table                         0x0000040d   Thumb Code     4  ctype_o.o(.text)
    qsort                                    0x00000415   Thumb Code   156  qsort.o(.text)
    ___aeabi_memcpy8$move                    0x000004b1   Thumb Code     0  memmovea.o(.text)
    __aeabi_memcpy                           0x000004b1   Thumb Code    64  memmovea.o(.text)
    __aeabi_memcpy4                          0x000004b1   Thumb Code     0  memmovea.o(.text)
    __aeabi_memmove                          0x000004b1   Thumb Code     0  memmovea.o(.text)
    __aeabi_memmove4                         0x000004b1   Thumb Code     0  memmovea.o(.text)
    __aeabi_memmove8                         0x000004b1   Thumb Code     0  memmovea.o(.text)
    __aeabi_memset                           0x000004f1   Thumb Code    14  memseta.o(.text)
    __aeabi_memset4                          0x000004f1   Thumb Code     0  memseta.o(.text)
    __aeabi_memset8                          0x000004f1   Thumb Code     0  memseta.o(.text)
    __aeabi_memclr                           0x000004ff   Thumb Code     4  memseta.o(.text)
    __aeabi_memclr4                          0x000004ff   Thumb Code     0  memseta.o(.text)
    __aeabi_memclr8                          0x000004ff   Thumb Code     0  memseta.o(.text)
    _memset$wrapper                          0x00000503   Thumb Code    18  memseta.o(.text)
    strlen                                   0x00000515   Thumb Code    14  strlen.o(.text)
    strcmp                                   0x00000523   Thumb Code    28  strcmp.o(.text)
    strcpy                                   0x0000053f   Thumb Code    18  strcpy.o(.text)
    strncmp                                  0x00000551   Thumb Code    30  strncmp.o(.text)
    __scatterload                            0x00000571   Thumb Code    28  init.o(.text)
    __scatterload_rt2                        0x00000571   Thumb Code     0  init.o(.text)
    __decompress                             0x00000595   Thumb Code     0  __dczerorl2.o(.text)
    __decompress1                            0x00000595   Thumb Code    86  __dczerorl2.o(.text)
    POWER_CLOCK_IRQHandler                   0x0000064d   Thumb Code    84  nrf_drv_clock.o(i.POWER_CLOCK_IRQHandler)
    RTC1_IRQHandler                          0x000006a5   Thumb Code    32  app_timer.o(i.RTC1_IRQHandler)
    SWI0_EGU0_IRQHandler                     0x000006c9   Thumb Code     4  app_timer.o(i.SWI0_EGU0_IRQHandler)
    SystemInit                               0x000006cd   Thumb Code   700  system_nrf52.o(i.SystemInit)
    UARTE0_UART0_IRQHandler                  0x000009c9   Thumb Code    20  nrf_drv_uart.o(i.UARTE0_UART0_IRQHandler)
    __scatterload_copy                       0x000009e5   Thumb Code    14  handlers.o(i.__scatterload_copy)
    __scatterload_null                       0x000009f3   Thumb Code     2  handlers.o(i.__scatterload_null)
    __scatterload_zeroinit                   0x000009f5   Thumb Code    14  handlers.o(i.__scatterload_zeroinit)
    app_error_fault_handler                  0x00000a05   Thumb Code    90  app_error_weak.o(i.app_error_fault_handler)
    app_error_handler_bare                   0x00000a89   Thumb Code    22  app_error.o(i.app_error_handler_bare)
    app_timer_create                         0x00000aa1   Thumb Code    32  app_timer.o(i.app_timer_create)
    app_timer_init                           0x00000ac5   Thumb Code    70  app_timer.o(i.app_timer_init)
    app_timer_start                          0x00000b19   Thumb Code   120  app_timer.o(i.app_timer_start)
    app_timer_stop                           0x00000b99   Thumb Code    26  app_timer.o(i.app_timer_stop)
    app_util_critical_region_enter           0x00000bb9   Thumb Code     4  app_util_platform.o(i.app_util_critical_region_enter)
    app_util_critical_region_exit            0x00000bbd   Thumb Code     4  app_util_platform.o(i.app_util_critical_region_exit)
    app_util_disable_irq                     0x00000bc1   Thumb Code    12  app_util_platform.o(i.app_util_disable_irq)
    app_util_enable_irq                      0x00000bd1   Thumb Code    14  app_util_platform.o(i.app_util_enable_irq)
    buffer_is_empty                          0x00000d1d   Thumb Code    16  nrf_log_frontend.o(i.buffer_is_empty)
    main                                     0x00002ce9   Thumb Code   164  main.o(i.main)
    nrf_balloc_alloc                         0x00003071   Thumb Code    62  nrf_balloc.o(i.nrf_balloc_alloc)
    nrf_balloc_free                          0x000030af   Thumb Code    42  nrf_balloc.o(i.nrf_balloc_free)
    nrf_balloc_init                          0x000030d9   Thumb Code    48  nrf_balloc.o(i.nrf_balloc_init)
    nrf_cli_cmd_cli_stats                    0x00003199   Thumb Code    70  nrf_cli.o(i.nrf_cli_cmd_cli_stats)
    nrf_cli_cmd_cli_stats_get                0x000031f1   Thumb Code    78  nrf_cli.o(i.nrf_cli_cmd_cli_stats_get)
    nrf_cli_cmd_cli_stats_reset              0x0000327d   Thumb Code    46  nrf_cli.o(i.nrf_cli_cmd_cli_stats_reset)
    nrf_cli_fprintf                          0x00003595   Thumb Code    80  nrf_cli.o(i.nrf_cli_fprintf)
    nrf_cli_help_print                       0x000035e5   Thumb Code   562  nrf_cli.o(i.nrf_cli_help_print)
    nrf_cli_init                             0x0000386d   Thumb Code    48  nrf_cli.o(i.nrf_cli_init)
    nrf_cli_print_stream                     0x00003951   Thumb Code     6  nrf_cli.o(i.nrf_cli_print_stream)
    nrf_cli_process                          0x00003959   Thumb Code    76  nrf_cli.o(i.nrf_cli_process)
    nrf_cli_start                            0x000039a9   Thumb Code    66  nrf_cli.o(i.nrf_cli_start)
    nrf_drv_clock_init                       0x00003b29   Thumb Code    58  nrf_drv_clock.o(i.nrf_drv_clock_init)
    nrf_drv_clock_lfclk_request              0x00003b6d   Thumb Code    86  nrf_drv_clock.o(i.nrf_drv_clock_lfclk_request)
    nrf_drv_common_irq_enable                0x00003be3   Thumb Code    56  nrf_drv_common.o(i.nrf_drv_common_irq_enable)
    nrf_drv_uart_init                        0x00003c31   Thumb Code    98  nrf_drv_uart.o(i.nrf_drv_uart_init)
    nrf_drv_uart_rx                          0x00003c99   Thumb Code   170  nrf_drv_uart.o(i.nrf_drv_uart_rx)
    nrf_drv_uart_rx_abort                    0x00003d49   Thumb Code    34  nrf_drv_uart.o(i.nrf_drv_uart_rx_abort)
    nrf_drv_uart_tx                          0x00003ec9   Thumb Code   262  nrf_drv_uart.o(i.nrf_drv_uart_tx)
    nrf_drv_uart_tx_in_progress              0x00003fd5   Thumb Code    18  nrf_drv_uart.o(i.nrf_drv_uart_tx_in_progress)
    nrf_drv_uart_uninit                      0x00003fed   Thumb Code    74  nrf_drv_uart.o(i.nrf_drv_uart_uninit)
    nrf_fprintf                              0x00004041   Thumb Code    26  nrf_fprintf.o(i.nrf_fprintf)
    nrf_fprintf_buffer_flush                 0x0000405b   Thumb Code    24  nrf_fprintf.o(i.nrf_fprintf_buffer_flush)
    nrf_fprintf_fmt                          0x00004073   Thumb Code   474  nrf_fprintf_format.o(i.nrf_fprintf_fmt)
    nrf_log_backend_add                      0x000042a9   Thumb Code   124  nrf_log_frontend.o(i.nrf_log_backend_add)
    nrf_log_color_id_get                     0x00004399   Thumb Code    42  nrf_log_frontend.o(i.nrf_log_color_id_get)
    nrf_log_frontend_dequeue                 0x000043c9   Thumb Code   520  nrf_log_frontend.o(i.nrf_log_frontend_dequeue)
    nrf_log_frontend_std_0                   0x000045dd   Thumb Code     8  nrf_log_frontend.o(i.nrf_log_frontend_std_0)
    nrf_log_hexdump_entry_process            0x000045e5   Thumb Code   146  nrf_log_str_formatter.o(i.nrf_log_hexdump_entry_process)
    nrf_log_init                             0x00004691   Thumb Code   124  nrf_log_frontend.o(i.nrf_log_init)
    nrf_log_module_cnt_get                   0x00004721   Thumb Code    10  nrf_log_frontend.o(i.nrf_log_module_cnt_get)
    nrf_log_module_filter_get                0x00004735   Thumb Code    66  nrf_log_frontend.o(i.nrf_log_module_filter_get)
    nrf_log_module_filter_set                0x00004781   Thumb Code    64  nrf_log_frontend.o(i.nrf_log_module_filter_set)
    nrf_log_module_name_get                  0x000047c5   Thumb Code    24  nrf_log_frontend.o(i.nrf_log_module_name_get)
    nrf_log_panic                            0x000047e1   Thumb Code    34  nrf_log_frontend.o(i.nrf_log_panic)
    nrf_log_std_entry_process                0x00004809   Thumb Code   182  nrf_log_str_formatter.o(i.nrf_log_std_entry_process)
    nrf_memobj_alloc                         0x000048bf   Thumb Code    96  nrf_memobj.o(i.nrf_memobj_alloc)
    nrf_memobj_free                          0x0000491f   Thumb Code    50  nrf_memobj.o(i.nrf_memobj_free)
    nrf_memobj_get                           0x00004951   Thumb Code    14  nrf_memobj.o(i.nrf_memobj_get)
    nrf_memobj_pool_init                     0x0000495f   Thumb Code     4  nrf_memobj.o(i.nrf_memobj_pool_init)
    nrf_memobj_put                           0x00004963   Thumb Code    34  nrf_memobj.o(i.nrf_memobj_put)
    nrf_memobj_read                          0x00004985   Thumb Code    12  nrf_memobj.o(i.nrf_memobj_read)
    nrf_memobj_write                         0x00004991   Thumb Code    12  nrf_memobj.o(i.nrf_memobj_write)
    nrf_nvmc_page_erase                      0x0000499d   Thumb Code    40  nrf_nvmc.o(i.nrf_nvmc_page_erase)
    nrf_nvmc_write_word                      0x000049cd   Thumb Code    38  nrf_nvmc.o(i.nrf_nvmc_write_word)
    nrf_pwr_mgmt_feed                        0x000049fd   Thumb Code     2  nrf_pwr_mgmt.o(i.nrf_pwr_mgmt_feed)
    nrf_queue_generic_pop                    0x000049ff   Thumb Code   136  nrf_queue.o(i.nrf_queue_generic_pop)
    nrf_queue_is_empty                       0x00004a87   Thumb Code    18  nrf_queue.o(i.nrf_queue_is_empty)
    nrf_queue_is_full                        0x00004a99   Thumb Code    30  nrf_queue.o(i.nrf_queue_is_full)
    nrf_queue_max_utilization_get            0x00004ab7   Thumb Code     6  nrf_queue.o(i.nrf_queue_max_utilization_get)
    nrf_queue_max_utilization_reset          0x00004abd   Thumb Code     8  nrf_queue.o(i.nrf_queue_max_utilization_reset)
    nrf_queue_push                           0x00004ad3   Thumb Code   172  nrf_queue.o(i.nrf_queue_push)
    nrf_ringbuf_alloc                        0x00004b7f   Thumb Code   110  nrf_ringbuf.o(i.nrf_ringbuf_alloc)
    nrf_ringbuf_cpy_get                      0x00004bed   Thumb Code   124  nrf_ringbuf.o(i.nrf_ringbuf_cpy_get)
    nrf_ringbuf_cpy_put                      0x00004c69   Thumb Code   114  nrf_ringbuf.o(i.nrf_ringbuf_cpy_put)
    nrf_ringbuf_free                         0x00004cdb   Thumb Code    38  nrf_ringbuf.o(i.nrf_ringbuf_free)
    nrf_ringbuf_get                          0x00004d01   Thumb Code   112  nrf_ringbuf.o(i.nrf_ringbuf_get)
    nrf_ringbuf_init                         0x00004d71   Thumb Code    28  nrf_ringbuf.o(i.nrf_ringbuf_init)
    nrf_ringbuf_put                          0x00004d8d   Thumb Code    52  nrf_ringbuf.o(i.nrf_ringbuf_put)
    nrf_cli_flash_raw                        0x00005898   Data          16  main.o(.constdata)
    nrf_log_backend_cli_api                  0x00005910   Data          12  nrf_cli.o(.constdata)
    nrf_cli_clear_raw                        0x0000591c   Data          16  nrf_cli.o(.constdata)
    nrf_cli_colors_raw                       0x00005964   Data          16  nrf_cli.o(.constdata)
    nrf_cli_echo_raw                         0x000059ac   Data          16  nrf_cli.o(.constdata)
    nrf_cli_history_raw                      0x000059bc   Data          16  nrf_cli.o(.constdata)
    nrf_cli_resize_raw                       0x000059f4   Data          16  nrf_cli.o(.constdata)
    nrf_cli_cli_stats_raw                    0x00005a3c   Data          16  nrf_cli.o(.constdata)
    nrf_cli_uart_transport_api               0x00005a4c   Data          20  nrf_cli_uart.o(.constdata)
    nrf_cli_log_raw                          0x00005afc   Data          16  nrf_log_frontend.o(.constdata)
    __ctype_table                            0x00005b0c   Data         129  ctype_o.o(.constdata)
    Region$$Table$$Base                      0x00006144   Number         0  anon$$obj.o(Region$$Table)
    Region$$Table$$Limit                     0x00006164   Number         0  anon$$obj.o(Region$$Table)
    cli_command$$Base                        0x00006164   Number         0  main.o(cli_command)
    nrf_cli_flash_const                      0x00006164   Data           8  main.o(cli_command)
    nrf_cli_clear_const                      0x0000616c   Data           8  nrf_cli.o(cli_command)
    nrf_cli_colors_const                     0x00006174   Data           8  nrf_cli.o(cli_command)
    nrf_cli_echo_const                       0x0000617c   Data           8  nrf_cli.o(cli_command)
    nrf_cli_history_const                    0x00006184   Data           8  nrf_cli.o(cli_command)
    nrf_cli_resize_const                     0x0000618c   Data           8  nrf_cli.o(cli_command)
    nrf_cli_cli_stats_const                  0x00006194   Data           8  nrf_cli.o(cli_command)
    nrf_cli_log_const                        0x0000619c   Data           8  nrf_log_frontend.o(cli_command)
    cli_command$$Limit                       0x000061a4   Number         0  nrf_log_frontend.o(cli_command)
    log_const_data$$Base                     0x000061a4   Number         0  nrf_drv_clock.o(log_const_data)
    m_nrf_log_clock_logs_data_const          0x000061a4   Data           8  nrf_drv_clock.o(log_const_data)
    m_nrf_log_uart_logs_data_const           0x000061ac   Data           8  nrf_drv_uart.o(log_const_data)
    m_nrf_log_balloc_logs_data_const         0x000061b4   Data           8  nrf_balloc.o(log_const_data)
    m_nrf_log_cli_uart_logs_data_const       0x000061bc   Data           8  nrf_cli_uart.o(log_const_data)
    m_nrf_log_pwr_mgmt_logs_data_const       0x000061c4   Data           8  nrf_pwr_mgmt.o(log_const_data)
    m_nrf_log_app_logs_data_const            0x000061cc   Data           8  nrf_log_frontend.o(log_const_data)
    log_const_data$$Limit                    0x000061d4   Number         0  nrf_log_frontend.o(log_const_data)
    SystemCoreClock                          0x200000cc   Data           4  system_nrf52.o(.data)
    cli_sorted_cmd_ptrs$$Base                0x200000d0   Number         0  main.o(cli_sorted_cmd_ptrs)
    flash_str_ptr                            0x200000d0   Data           4  main.o(cli_sorted_cmd_ptrs)
    clear_str_ptr                            0x200000d4   Data           4  nrf_cli.o(cli_sorted_cmd_ptrs)
    colors_str_ptr                           0x200000d8   Data           4  nrf_cli.o(cli_sorted_cmd_ptrs)
    echo_str_ptr                             0x200000dc   Data           4  nrf_cli.o(cli_sorted_cmd_ptrs)
    history_str_ptr                          0x200000e0   Data           4  nrf_cli.o(cli_sorted_cmd_ptrs)
    resize_str_ptr                           0x200000e4   Data           4  nrf_cli.o(cli_sorted_cmd_ptrs)
    cli_stats_str_ptr                        0x200000e8   Data           4  nrf_cli.o(cli_sorted_cmd_ptrs)
    log_str_ptr                              0x200000ec   Data           4  nrf_log_frontend.o(cli_sorted_cmd_ptrs)
    log_dynamic_data$$Base                   0x200000f0   Number         0  nrf_drv_clock.o(log_dynamic_data)
    m_nrf_log_clock_logs_data_dynamic        0x200000f0   Data          12  nrf_drv_clock.o(log_dynamic_data)
    m_nrf_log_uart_logs_data_dynamic         0x200000fc   Data          12  nrf_drv_uart.o(log_dynamic_data)
    m_nrf_log_balloc_logs_data_dynamic       0x20000108   Data          12  nrf_balloc.o(log_dynamic_data)
    m_nrf_log_cli_uart_logs_data_dynamic     0x20000114   Data          12  nrf_cli_uart.o(log_dynamic_data)
    m_nrf_log_pwr_mgmt_logs_data_dynamic     0x20000120   Data          12  nrf_pwr_mgmt.o(log_dynamic_data)
    m_nrf_log_app_logs_data_dynamic          0x2000012c   Data          12  nrf_log_frontend.o(log_dynamic_data)
    __initial_sp                             0x20002b18   Data           0  arm_startup_nrf52.o(STACK)



==============================================================================

Memory Map of the image

  Image Entry point : 0x00000201

  Load Region LR_IROM1 (Base: 0x00000000, Size: 0x0000630c, Max: 0x00080000, ABSOLUTE, COMPRESSED[0x00006228])

    Execution Region ER_IROM1 (Base: 0x00000000, Size: 0x000061d4, Max: 0x00080000, ABSOLUTE)

    Base Addr    Size         Type   Attr      Idx    E Section Name        Object

    0x00000000   0x00000200   Data   RO         3250    RESET               arm_startup_nrf52.o
    0x00000200   0x00000000   Code   RO         3291  * .ARM.Collect$$$$00000000  mc_w.l(entry.o)
    0x00000200   0x00000004   Code   RO         3347    .ARM.Collect$$$$00000001  mc_w.l(entry2.o)
    0x00000204   0x00000004   Code   RO         3350    .ARM.Collect$$$$00000004  mc_w.l(entry5.o)
    0x00000208   0x00000000   Code   RO         3352    .ARM.Collect$$$$00000008  mc_w.l(entry7b.o)
    0x00000208   0x00000000   Code   RO         3354    .ARM.Collect$$$$0000000A  mc_w.l(entry8b.o)
    0x00000208   0x00000008   Code   RO         3355    .ARM.Collect$$$$0000000B  mc_w.l(entry9a.o)
    0x00000210   0x00000000   Code   RO         3357    .ARM.Collect$$$$0000000D  mc_w.l(entry10a.o)
    0x00000210   0x00000000   Code   RO         3359    .ARM.Collect$$$$0000000F  mc_w.l(entry11a.o)
    0x00000210   0x00000004   Code   RO         3348    .ARM.Collect$$$$00002712  mc_w.l(entry2.o)
    0x00000214   0x0000009a   Code   RO         2041    .emb_text           nrf_memobj.o
    0x000002ae   0x00000002   PAD
    0x000002b0   0x0000009a   Code   RO         2313    .emb_text           nrf_ringbuf.o
    0x0000034a   0x00000002   PAD
    0x0000034c   0x0000009a   Code   RO         2612    .emb_text           nrf_log_frontend.o
    0x000003e6   0x00000002   PAD
    0x000003e8   0x00000024   Code   RO         3251    .text               arm_startup_nrf52.o
    0x0000040c   0x00000008   Code   RO         3299    .text               mc_w.l(ctype_o.o)
    0x00000414   0x0000009c   Code   RO         3327    .text               mc_w.l(qsort.o)
    0x000004b0   0x00000040   Code   RO         3331    .text               mc_w.l(memmovea.o)
    0x000004f0   0x00000024   Code   RO         3333    .text               mc_w.l(memseta.o)
    0x00000514   0x0000000e   Code   RO         3335    .text               mc_w.l(strlen.o)
    0x00000522   0x0000001c   Code   RO         3337    .text               mc_w.l(strcmp.o)
    0x0000053e   0x00000012   Code   RO         3339    .text               mc_w.l(strcpy.o)
    0x00000550   0x0000001e   Code   RO         3341    .text               mc_w.l(strncmp.o)
    0x0000056e   0x00000002   PAD
    0x00000570   0x00000024   Code   RO         3363    .text               mc_w.l(init.o)
    0x00000594   0x00000056   Code   RO         3373    .text               mc_w.l(__dczerorl2.o)
    0x000005ea   0x00000016   Code   RO         1149    i.NVIC_ClearPendingIRQ  app_timer.o
    0x00000600   0x00000016   Code   RO         1150    i.NVIC_EnableIRQ    app_timer.o
    0x00000616   0x00000016   Code   RO         1151    i.NVIC_SetPendingIRQ  app_timer.o
    0x0000062c   0x00000020   Code   RO         1152    i.NVIC_SetPriority  app_timer.o
    0x0000064c   0x00000058   Code   RO          408    i.POWER_CLOCK_IRQHandler  nrf_drv_clock.o
    0x000006a4   0x00000024   Code   RO         1153    i.RTC1_IRQHandler   app_timer.o
    0x000006c8   0x00000004   Code   RO         1154    i.SWI0_EGU0_IRQHandler  app_timer.o
    0x000006cc   0x000002fc   Code   RO         3259    i.SystemInit        system_nrf52.o
    0x000009c8   0x0000001c   Code   RO          624    i.UARTE0_UART0_IRQHandler  nrf_drv_uart.o
    0x000009e4   0x0000000e   Code   RO         3367    i.__scatterload_copy  mc_w.l(handlers.o)
    0x000009f2   0x00000002   Code   RO         3368    i.__scatterload_null  mc_w.l(handlers.o)
    0x000009f4   0x0000000e   Code   RO         3369    i.__scatterload_zeroinit  mc_w.l(handlers.o)
    0x00000a02   0x00000002   PAD
    0x00000a04   0x00000084   Code   RO         1064    i.app_error_fault_handler  app_error_weak.o
    0x00000a88   0x00000016   Code   RO         1025    i.app_error_handler_bare  app_error.o
    0x00000a9e   0x00000002   PAD
    0x00000aa0   0x00000024   Code   RO         1157    i.app_timer_create  app_timer.o
    0x00000ac4   0x00000054   Code   RO         1158    i.app_timer_init    app_timer.o
    0x00000b18   0x00000080   Code   RO         1161    i.app_timer_start   app_timer.o
    0x00000b98   0x00000020   Code   RO         1162    i.app_timer_stop    app_timer.o
    0x00000bb8   0x00000004   Code   RO         1318    i.app_util_critical_region_enter  app_util_platform.o
    0x00000bbc   0x00000004   Code   RO         1319    i.app_util_critical_region_exit  app_util_platform.o
    0x00000bc0   0x00000010   Code   RO         1320    i.app_util_disable_irq  app_util_platform.o
    0x00000bd0   0x00000014   Code   RO         1321    i.app_util_enable_irq  app_util_platform.o
    0x00000be4   0x000000b8   Code   RO          625    i.apply_config      nrf_drv_uart.o
    0x00000c9c   0x00000060   Code   RO         2613    i.buf_prealloc      nrf_log_frontend.o
    0x00000cfc   0x0000001e   Code   RO         2001    i.buffer_add        nrf_fprintf_format.o
    0x00000d1a   0x00000002   PAD
    0x00000d1c   0x00000014   Code   RO         2614    i.buffer_is_empty   nrf_log_frontend.o
    0x00000d30   0x000000b8   Code   RO         1448    i.char_backspace    nrf_cli.o
    0x00000de8   0x00000094   Code   RO         1449    i.char_delete       nrf_cli.o
    0x00000e7c   0x00000140   Code   RO         1450    i.char_insert       nrf_cli.o
    0x00000fbc   0x00000014   Code   RO         1451    i.cli_clear_eos     nrf_cli.o
    0x00000fd0   0x00000014   Code   RO         1452    i.cli_cursor_restore  nrf_cli.o
    0x00000fe4   0x00000014   Code   RO         1453    i.cli_cursor_save   nrf_cli.o
    0x00000ff8   0x00000200   Code   RO         1454    i.cli_execute       nrf_cli.o
    0x000011f8   0x00000170   Code   RO         1455    i.cli_log_entry_process  nrf_cli.o
    0x00001368   0x0000000e   Code   RO         1456    i.cli_read          nrf_cli.o
    0x00001376   0x000001d6   Code   RO         1457    i.cli_state_collect  nrf_cli.o
    0x0000154c   0x00000028   Code   RO         1458    i.cli_state_set     nrf_cli.o
    0x00001574   0x0000000a   Code   RO         1459    i.cli_strlen        nrf_cli.o
    0x0000157e   0x00000002   PAD
    0x00001580   0x0000030c   Code   RO         1460    i.cli_tab_handle    nrf_cli.o
    0x0000188c   0x0000000e   Code   RO         1461    i.cli_transport_evt_handler  nrf_cli.o
    0x0000189a   0x00000002   PAD
    0x0000189c   0x0000006c   Code   RO         1894    i.cli_uart_enable   nrf_cli_uart.o
    0x00001908   0x0000004c   Code   RO         1895    i.cli_uart_init     nrf_cli_uart.o
    0x00001954   0x0000000a   Code   RO         1896    i.cli_uart_read     nrf_cli_uart.o
    0x0000195e   0x00000016   Code   RO         1897    i.cli_uart_uninit   nrf_cli_uart.o
    0x00001974   0x00000050   Code   RO         1898    i.cli_uart_write    nrf_cli_uart.o
    0x000019c4   0x00000052   Code   RO         1462    i.cli_write         nrf_cli.o
    0x00001a16   0x00000002   PAD
    0x00001a18   0x00000028   Code   RO          409    i.clock_clk_started_notify  nrf_drv_clock.o
    0x00001a40   0x00000088   Code   RO         1463    i.cmd_get           nrf_cli.o
    0x00001ac8   0x0000009a   Code   RO         1464    i.cmd_trim          nrf_cli.o
    0x00001b62   0x00000002   PAD
    0x00001b64   0x000000ac   Code   RO         1164    i.compare_reg_update  app_timer.o
    0x00001c10   0x00000094   Code   RO         1465    i.completion_insert  nrf_cli.o
    0x00001ca4   0x00000018   Code   RO         1466    i.cursor_down_move  nrf_cli.o
    0x00001cbc   0x00000052   Code   RO         1467    i.cursor_end_position_move  nrf_cli.o
    0x00001d0e   0x00000054   Code   RO         1468    i.cursor_home_position_move  nrf_cli.o
    0x00001d62   0x00000026   Code   RO         1469    i.cursor_in_empty_line  nrf_cli.o
    0x00001d88   0x00000018   Code   RO         1470    i.cursor_left_move  nrf_cli.o
    0x00001da0   0x00000014   Code   RO         1471    i.cursor_next_line_move  nrf_cli.o
    0x00001db4   0x00000128   Code   RO         1472    i.cursor_position_get  nrf_cli.o
    0x00001edc   0x0000006a   Code   RO         1473    i.cursor_position_synchronize  nrf_cli.o
    0x00001f46   0x00000002   PAD
    0x00001f48   0x00000018   Code   RO         1474    i.cursor_right_move  nrf_cli.o
    0x00001f60   0x00000018   Code   RO         1475    i.cursor_up_move    nrf_cli.o
    0x00001f78   0x00000040   Code   RO         1165    i.elapsed_ticks_acquire  app_timer.o
    0x00001fb8   0x00000048   Code   RO            5    i.flash_page_init   main.o
    0x00002000   0x00000058   Code   RO            6    i.flashwrite_cmd    main.o
    0x00002058   0x00000014   Code   RO            7    i.flashwrite_erase_cmd  main.o
    0x0000206c   0x000000b8   Code   RO            8    i.flashwrite_read_cmd  main.o
    0x00002124   0x000001d4   Code   RO            9    i.flashwrite_write_cmd  main.o
    0x000022f8   0x000000f2   Code   RO         1476    i.format_offset_string_print  nrf_cli.o
    0x000023ea   0x00000026   Code   RO         1477    i.full_line_cmd     nrf_cli.o
    0x00002410   0x00000144   Code   RO         1478    i.history_handle    nrf_cli.o
    0x00002554   0x00000078   Code   RO         1479    i.history_list_element_add  nrf_cli.o
    0x000025cc   0x00000068   Code   RO         1480    i.history_list_element_oldest_remove  nrf_cli.o
    0x00002634   0x00000086   Code   RO         1481    i.history_save      nrf_cli.o
    0x000026ba   0x00000002   PAD
    0x000026bc   0x000000a6   Code   RO         2002    i.int_print         nrf_fprintf_format.o
    0x00002762   0x00000002   PAD
    0x00002764   0x00000078   Code   RO          626    i.interrupts_enable  nrf_drv_uart.o
    0x000027dc   0x00000016   Code   RO          411    i.item_enqueue      nrf_drv_clock.o
    0x000027f2   0x00000002   PAD
    0x000027f4   0x000000f8   Code   RO         1166    i.list_insertions_handler  app_timer.o
    0x000028ec   0x00000058   Code   RO         2616    i.log_cmd           nrf_log_frontend.o
    0x00002944   0x000001d8   Code   RO         2617    i.log_ctrl          nrf_log_frontend.o
    0x00002b1c   0x00000008   Code   RO         2618    i.log_go            nrf_log_frontend.o
    0x00002b24   0x00000008   Code   RO         2619    i.log_halt          nrf_log_frontend.o
    0x00002b2c   0x00000094   Code   RO         2620    i.log_skip          nrf_log_frontend.o
    0x00002bc0   0x00000128   Code   RO         2621    i.log_status        nrf_log_frontend.o
    0x00002ce8   0x000000c8   Code   RO           10    i.main              main.o
    0x00002db0   0x0000015a   Code   RO         1482    i.make_argv         nrf_cli.o
    0x00002f0a   0x00000076   Code   RO         2042    i.memobj_op         nrf_memobj.o
    0x00002f80   0x00000026   Code   RO         2622    i.module_id_filter_set  nrf_log_frontend.o
    0x00002fa6   0x00000002   PAD
    0x00002fa8   0x00000034   Code   RO         2623    i.module_idx_get    nrf_log_frontend.o
    0x00002fdc   0x0000001c   Code   RO         2624    i.module_name_get   nrf_log_frontend.o
    0x00002ff8   0x00000050   Code   RO         1483    i.multiline_console_data_check  nrf_cli.o
    0x00003048   0x0000000e   Code   RO         2314    i.nrf_atomic_flag_clear  nrf_ringbuf.o
    0x00003056   0x0000000e   Code   RO         2625    i.nrf_atomic_flag_set  nrf_log_frontend.o
    0x00003064   0x0000000c   Code   RO         2315    i.nrf_atomic_flag_set_fetch  nrf_ringbuf.o
    0x00003070   0x0000003e   Code   RO         1407    i.nrf_balloc_alloc  nrf_balloc.o
    0x000030ae   0x0000002a   Code   RO         1408    i.nrf_balloc_free   nrf_balloc.o
    0x000030d8   0x00000030   Code   RO         1409    i.nrf_balloc_init   nrf_balloc.o
    0x00003108   0x0000004c   Code   RO         1484    i.nrf_cli_build_in_cmd_common_executed  nrf_cli.o
    0x00003154   0x00000044   Code   RO         1485    i.nrf_cli_cmd_clear  nrf_cli.o
    0x00003198   0x00000058   Code   RO         1486    i.nrf_cli_cmd_cli_stats  nrf_cli.o
    0x000031f0   0x0000008c   Code   RO         1487    i.nrf_cli_cmd_cli_stats_get  nrf_cli.o
    0x0000327c   0x0000002e   Code   RO         1488    i.nrf_cli_cmd_cli_stats_reset  nrf_cli.o
    0x000032aa   0x00000002   PAD
    0x000032ac   0x00000054   Code   RO         1489    i.nrf_cli_cmd_colors  nrf_cli.o
    0x00003300   0x0000002a   Code   RO         1490    i.nrf_cli_cmd_colors_off  nrf_cli.o
    0x0000332a   0x0000002a   Code   RO         1491    i.nrf_cli_cmd_colors_on  nrf_cli.o
    0x00003354   0x00000084   Code   RO         1492    i.nrf_cli_cmd_echo  nrf_cli.o
    0x000033d8   0x0000002a   Code   RO         1493    i.nrf_cli_cmd_echo_off  nrf_cli.o
    0x00003402   0x0000002a   Code   RO         1494    i.nrf_cli_cmd_echo_on  nrf_cli.o
    0x0000342c   0x00000078   Code   RO         1495    i.nrf_cli_cmd_history  nrf_cli.o
    0x000034a4   0x000000b4   Code   RO         1496    i.nrf_cli_cmd_resize  nrf_cli.o
    0x00003558   0x0000003c   Code   RO         1497    i.nrf_cli_cmd_resize_default  nrf_cli.o
    0x00003594   0x00000050   Code   RO         1498    i.nrf_cli_fprintf   nrf_cli.o
    0x000035e4   0x00000288   Code   RO         1499    i.nrf_cli_help_print  nrf_cli.o
    0x0000386c   0x00000030   Code   RO         1500    i.nrf_cli_init      nrf_cli.o
    0x0000389c   0x000000b4   Code   RO         1501    i.nrf_cli_instance_init  nrf_cli.o
    0x00003950   0x00000006   Code   RO         1502    i.nrf_cli_print_stream  nrf_cli.o
    0x00003956   0x00000002   PAD
    0x00003958   0x00000050   Code   RO         1503    i.nrf_cli_process   nrf_cli.o
    0x000039a8   0x00000048   Code   RO         1504    i.nrf_cli_start     nrf_cli.o
    0x000039f0   0x0000000e   Code   RO          413    i.nrf_clock_event_check  nrf_drv_clock.o
    0x000039fe   0x00000010   Code   RO          414    i.nrf_clock_event_clear  nrf_drv_clock.o
    0x00003a0e   0x00000002   PAD
    0x00003a10   0x0000008c   Code   RO         1167    i.nrf_delay_us      app_timer.o
    0x00003a9c   0x0000008c   Code   RO         1508    i.nrf_delay_us      nrf_cli.o
    0x00003b28   0x00000044   Code   RO          421    i.nrf_drv_clock_init  nrf_drv_clock.o
    0x00003b6c   0x00000060   Code   RO          426    i.nrf_drv_clock_lfclk_request  nrf_drv_clock.o
    0x00003bcc   0x00000016   Code   RO          627    i.nrf_drv_common_irq_disable  nrf_drv_uart.o
    0x00003be2   0x00000038   Code   RO          578    i.nrf_drv_common_irq_enable  nrf_drv_common.o
    0x00003c1a   0x00000006   Code   RO          628    i.nrf_drv_get_IRQn  nrf_drv_uart.o
    0x00003c20   0x00000010   Code   RO          629    i.nrf_drv_is_in_RAM  nrf_drv_uart.o
    0x00003c30   0x00000068   Code   RO          631    i.nrf_drv_uart_init  nrf_drv_uart.o
    0x00003c98   0x000000b0   Code   RO          632    i.nrf_drv_uart_rx   nrf_drv_uart.o
    0x00003d48   0x00000028   Code   RO          633    i.nrf_drv_uart_rx_abort  nrf_drv_uart.o
    0x00003d70   0x000000a8   Code   RO          636    i.nrf_drv_uart_rx_for_uart  nrf_drv_uart.o
    0x00003e18   0x000000b0   Code   RO          637    i.nrf_drv_uart_rx_for_uarte  nrf_drv_uart.o
    0x00003ec8   0x0000010c   Code   RO          639    i.nrf_drv_uart_tx   nrf_drv_uart.o
    0x00003fd4   0x00000018   Code   RO          641    i.nrf_drv_uart_tx_in_progress  nrf_drv_uart.o
    0x00003fec   0x00000054   Code   RO          642    i.nrf_drv_uart_uninit  nrf_drv_uart.o
    0x00004040   0x0000001a   Code   RO         1971    i.nrf_fprintf       nrf_fprintf.o
    0x0000405a   0x00000018   Code   RO         1972    i.nrf_fprintf_buffer_flush  nrf_fprintf.o
    0x00004072   0x000001da   Code   RO         2003    i.nrf_fprintf_fmt   nrf_fprintf_format.o
    0x0000424c   0x00000024   Code   RO          643    i.nrf_gpio_cfg      nrf_drv_uart.o
    0x00004270   0x00000012   Code   RO          644    i.nrf_gpio_cfg_default  nrf_drv_uart.o
    0x00004282   0x00000012   Code   RO          645    i.nrf_gpio_cfg_input  nrf_drv_uart.o
    0x00004294   0x00000014   Code   RO          646    i.nrf_gpio_cfg_output  nrf_drv_uart.o
    0x000042a8   0x00000080   Code   RO         2626    i.nrf_log_backend_add  nrf_log_frontend.o
    0x00004328   0x00000002   Code   RO         1509    i.nrf_log_backend_cli_flush  nrf_cli.o
    0x0000432a   0x0000001c   Code   RO         1510    i.nrf_log_backend_cli_panic_set  nrf_cli.o
    0x00004346   0x00000052   Code   RO         1511    i.nrf_log_backend_cli_put  nrf_cli.o
    0x00004398   0x00000030   Code   RO         2628    i.nrf_log_color_id_get  nrf_log_frontend.o
    0x000043c8   0x00000214   Code   RO         2629    i.nrf_log_frontend_dequeue  nrf_log_frontend.o
    0x000045dc   0x00000008   Code   RO         2631    i.nrf_log_frontend_std_0  nrf_log_frontend.o
    0x000045e4   0x000000ac   Code   RO         2857    i.nrf_log_hexdump_entry_process  nrf_log_str_formatter.o
    0x00004690   0x00000090   Code   RO         2638    i.nrf_log_init      nrf_log_frontend.o
    0x00004720   0x00000014   Code   RO         2639    i.nrf_log_module_cnt_get  nrf_log_frontend.o
    0x00004734   0x0000004c   Code   RO         2640    i.nrf_log_module_filter_get  nrf_log_frontend.o
    0x00004780   0x00000044   Code   RO         2641    i.nrf_log_module_filter_set  nrf_log_frontend.o
    0x000047c4   0x0000001c   Code   RO         2642    i.nrf_log_module_name_get  nrf_log_frontend.o
    0x000047e0   0x00000028   Code   RO         2643    i.nrf_log_panic     nrf_log_frontend.o
    0x00004808   0x000000b6   Code   RO         2858    i.nrf_log_std_entry_process  nrf_log_str_formatter.o
    0x000048be   0x00000060   Code   RO         2043    i.nrf_memobj_alloc  nrf_memobj.o
    0x0000491e   0x00000032   Code   RO         2044    i.nrf_memobj_free   nrf_memobj.o
    0x00004950   0x0000000e   Code   RO         2045    i.nrf_memobj_get    nrf_memobj.o
    0x0000495e   0x00000004   Code   RO         2046    i.nrf_memobj_pool_init  nrf_memobj.o
    0x00004962   0x00000022   Code   RO         2047    i.nrf_memobj_put    nrf_memobj.o
    0x00004984   0x0000000c   Code   RO         2048    i.nrf_memobj_read   nrf_memobj.o
    0x00004990   0x0000000c   Code   RO         2049    i.nrf_memobj_write  nrf_memobj.o
    0x0000499c   0x00000030   Code   RO          952    i.nrf_nvmc_page_erase  nrf_nvmc.o
    0x000049cc   0x00000030   Code   RO          955    i.nrf_nvmc_write_word  nrf_nvmc.o
    0x000049fc   0x00000002   Code   RO         2124    i.nrf_pwr_mgmt_feed  nrf_pwr_mgmt.o
    0x000049fe   0x00000088   Code   RO         2201    i.nrf_queue_generic_pop  nrf_queue.o
    0x00004a86   0x00000012   Code   RO         2203    i.nrf_queue_is_empty  nrf_queue.o
    0x00004a98   0x0000001e   Code   RO         2204    i.nrf_queue_is_full  nrf_queue.o
    0x00004ab6   0x00000006   Code   RO         2205    i.nrf_queue_max_utilization_get  nrf_queue.o
    0x00004abc   0x00000008   Code   RO         2206    i.nrf_queue_max_utilization_reset  nrf_queue.o
    0x00004ac4   0x0000000e   Code   RO         2207    i.nrf_queue_next_idx  nrf_queue.o
    0x00004ad2   0x000000ac   Code   RO         2209    i.nrf_queue_push    nrf_queue.o
    0x00004b7e   0x0000006e   Code   RO         2316    i.nrf_ringbuf_alloc  nrf_ringbuf.o
    0x00004bec   0x0000007c   Code   RO         2317    i.nrf_ringbuf_cpy_get  nrf_ringbuf.o
    0x00004c68   0x00000072   Code   RO         2318    i.nrf_ringbuf_cpy_put  nrf_ringbuf.o
    0x00004cda   0x00000026   Code   RO         2319    i.nrf_ringbuf_free  nrf_ringbuf.o
    0x00004d00   0x00000070   Code   RO         2320    i.nrf_ringbuf_get   nrf_ringbuf.o
    0x00004d70   0x0000001c   Code   RO         2321    i.nrf_ringbuf_init  nrf_ringbuf.o
    0x00004d8c   0x00000034   Code   RO         2322    i.nrf_ringbuf_put   nrf_ringbuf.o
    0x00004dc0   0x0000000a   Code   RO          647    i.nrf_uart_event_check  nrf_drv_uart.o
    0x00004dca   0x0000000c   Code   RO          648    i.nrf_uart_event_clear  nrf_drv_uart.o
    0x00004dd6   0x0000000c   Code   RO          649    i.nrf_uart_int_enable_check  nrf_drv_uart.o
    0x00004de2   0x0000000a   Code   RO          650    i.nrf_uarte_event_check  nrf_drv_uart.o
    0x00004dec   0x0000000c   Code   RO          651    i.nrf_uarte_event_clear  nrf_drv_uart.o
    0x00004df8   0x00000090   Code   RO         1512    i.option_print      nrf_cli.o
    0x00004e88   0x00000078   Code   RO          652    i.pins_to_default   nrf_drv_uart.o
    0x00004f00   0x0000003c   Code   RO         2859    i.postfix_process   nrf_log_str_formatter.o
    0x00004f3c   0x0000005c   Code   RO         2860    i.prefix_process    nrf_log_str_formatter.o
    0x00004f98   0x00000018   Code   RO         2215    i.queue_utilization_get  nrf_queue.o
    0x00004fb0   0x0000003c   Code   RO         1168    i.rtc1_stop         app_timer.o
    0x00004fec   0x00000032   Code   RO          653    i.rx_byte           nrf_drv_uart.o
    0x0000501e   0x00000018   Code   RO          654    i.rx_done_event     nrf_drv_uart.o
    0x00005036   0x00000020   Code   RO          655    i.rx_enable         nrf_drv_uart.o
    0x00005056   0x0000003c   Code   RO         1899    i.rx_try            nrf_cli_uart.o
    0x00005092   0x00000002   PAD
    0x00005094   0x00000024   Code   RO         2645    i.severity_lvl_get  nrf_log_frontend.o
    0x000050b8   0x00000090   Code   RO         2646    i.std_n             nrf_log_frontend.o
    0x00005148   0x00000008   Code   RO         1513    i.string_cmp        nrf_cli.o
    0x00005150   0x00000060   Code   RO         1514    i.terminal_size_get  nrf_cli.o
    0x000051b0   0x00000006   Code   RO         1900    i.timer_handler     nrf_cli_uart.o
    0x000051b6   0x00000002   PAD
    0x000051b8   0x00000080   Code   RO         1169    i.timer_list_handler  app_timer.o
    0x00005238   0x0000003c   Code   RO         1170    i.timer_list_insert  app_timer.o
    0x00005274   0x00000060   Code   RO         1171    i.timer_list_remove  app_timer.o
    0x000052d4   0x00000040   Code   RO         1172    i.timer_stop_op_schedule  app_timer.o
    0x00005314   0x00000074   Code   RO         1173    i.timer_timeouts_check  app_timer.o
    0x00005388   0x00000020   Code   RO          656    i.tx_byte           nrf_drv_uart.o
    0x000053a8   0x0000001c   Code   RO          657    i.tx_done_event     nrf_drv_uart.o
    0x000053c4   0x0000006e   Code   RO         1901    i.uart_event_handler  nrf_cli_uart.o
    0x00005432   0x0000011e   Code   RO          658    i.uart_irq_handler  nrf_drv_uart.o
    0x00005550   0x000000f0   Code   RO          659    i.uarte_irq_handler  nrf_drv_uart.o
    0x00005640   0x000000b4   Code   RO         2004    i.unsigned_print    nrf_fprintf_format.o
    0x000056f4   0x00000030   Code   RO         1174    i.user_op_alloc     app_timer.o
    0x00005724   0x0000003c   Code   RO         1515    i.vt100_bgcolor_set  nrf_cli.o
    0x00005760   0x00000050   Code   RO         1516    i.vt100_color_set   nrf_cli.o
    0x000057b0   0x00000004   Data   RO           22    .constdata          main.o
    0x000057b4   0x0000000c   Data   RO           23    .constdata          main.o
    0x000057c0   0x0000000c   Data   RO           24    .constdata          main.o
    0x000057cc   0x00000008   Data   RO           25    .constdata          main.o
    0x000057d4   0x00000018   Data   RO           26    .constdata          main.o
    0x000057ec   0x00000014   Data   RO           27    .constdata          main.o
    0x00005800   0x00000014   Data   RO           28    .constdata          main.o
    0x00005814   0x0000003c   Data   RO           29    .constdata          main.o
    0x00005850   0x00000008   Data   RO           30    .constdata          main.o
    0x00005858   0x00000040   Data   RO           31    .constdata          main.o
    0x00005898   0x00000010   Data   RO           32    .constdata          main.o
    0x000058a8   0x00000068   Data   RO         1517    .constdata          nrf_cli.o
    0x00005910   0x0000000c   Data   RO         1518    .constdata          nrf_cli.o
    0x0000591c   0x00000010   Data   RO         1519    .constdata          nrf_cli.o
    0x0000592c   0x00000008   Data   RO         1520    .constdata          nrf_cli.o
    0x00005934   0x00000030   Data   RO         1521    .constdata          nrf_cli.o
    0x00005964   0x00000010   Data   RO         1522    .constdata          nrf_cli.o
    0x00005974   0x00000008   Data   RO         1523    .constdata          nrf_cli.o
    0x0000597c   0x00000030   Data   RO         1524    .constdata          nrf_cli.o
    0x000059ac   0x00000010   Data   RO         1525    .constdata          nrf_cli.o
    0x000059bc   0x00000010   Data   RO         1526    .constdata          nrf_cli.o
    0x000059cc   0x00000008   Data   RO         1527    .constdata          nrf_cli.o
    0x000059d4   0x00000020   Data   RO         1528    .constdata          nrf_cli.o
    0x000059f4   0x00000010   Data   RO         1529    .constdata          nrf_cli.o
    0x00005a04   0x00000008   Data   RO         1530    .constdata          nrf_cli.o
    0x00005a0c   0x00000030   Data   RO         1531    .constdata          nrf_cli.o
    0x00005a3c   0x00000010   Data   RO         1532    .constdata          nrf_cli.o
    0x00005a4c   0x00000014   Data   RO         1902    .constdata          nrf_cli_uart.o
    0x00005a60   0x00000010   Data   RO         2005    .constdata          nrf_fprintf_format.o
    0x00005a70   0x0000001c   Data   RO         2649    .constdata          nrf_log_frontend.o
    0x00005a8c   0x00000008   Data   RO         2650    .constdata          nrf_log_frontend.o
    0x00005a94   0x00000008   Data   RO         2651    .constdata          nrf_log_frontend.o
    0x00005a9c   0x00000060   Data   RO         2652    .constdata          nrf_log_frontend.o
    0x00005afc   0x00000010   Data   RO         2653    .constdata          nrf_log_frontend.o
    0x00005b0c   0x00000081   Data   RO         3300    .constdata          mc_w.l(ctype_o.o)
    0x00005b8d   0x00000003   PAD
    0x00005b90   0x00000004   Data   RO         3301    .constdata          mc_w.l(ctype_o.o)
    0x00005b94   0x00000071   Data   RO           33    .conststring        main.o
    0x00005c05   0x00000003   PAD
    0x00005c08   0x0000009e   Data   RO           34    .conststring        main.o
    0x00005ca6   0x00000002   PAD
    0x00005ca8   0x0000001e   Data   RO           35    .conststring        main.o
    0x00005cc6   0x00000002   PAD
    0x00005cc8   0x00000016   Data   RO         1533    .conststring        nrf_cli.o
    0x00005cde   0x00000002   PAD
    0x00005ce0   0x00000037   Data   RO         1534    .conststring        nrf_cli.o
    0x00005d17   0x00000001   PAD
    0x00005d18   0x0000001f   Data   RO         1535    .conststring        nrf_cli.o
    0x00005d37   0x00000001   PAD
    0x00005d38   0x0000005c   Data   RO         1536    .conststring        nrf_cli.o
    0x00005d94   0x00000019   Data   RO         1537    .conststring        nrf_cli.o
    0x00005dad   0x00000003   PAD
    0x00005db0   0x0000001c   Data   RO         1538    .conststring        nrf_cli.o
    0x00005dcc   0x00000050   Data   RO         1539    .conststring        nrf_cli.o
    0x00005e1c   0x000000a3   Data   RO         1540    .conststring        nrf_cli.o
    0x00005ebf   0x00000001   PAD
    0x00005ec0   0x00000056   Data   RO         1541    .conststring        nrf_cli.o
    0x00005f16   0x00000002   PAD
    0x00005f18   0x0000001a   Data   RO         1542    .conststring        nrf_cli.o
    0x00005f32   0x00000002   PAD
    0x00005f34   0x00000003   Data   RO         1543    .conststring        nrf_cli.o
    0x00005f37   0x00000001   PAD
    0x00005f38   0x00000026   Data   RO         2655    .conststring        nrf_log_frontend.o
    0x00005f5e   0x00000002   PAD
    0x00005f60   0x00000141   Data   RO         2656    .conststring        nrf_log_frontend.o
    0x000060a1   0x00000003   PAD
    0x000060a4   0x00000024   Data   RO         2657    .conststring        nrf_log_frontend.o
    0x000060c8   0x00000048   Data   RO         2861    .conststring        nrf_log_str_formatter.o
    0x00006110   0x00000006   Data   RO          433    .conststrlit        nrf_drv_clock.o
    0x00006116   0x00000002   PAD
    0x00006118   0x00000005   Data   RO          661    .conststrlit        nrf_drv_uart.o
    0x0000611d   0x00000003   PAD
    0x00006120   0x00000007   Data   RO         1410    .conststrlit        nrf_balloc.o
    0x00006127   0x00000001   PAD
    0x00006128   0x00000009   Data   RO         1903    .conststrlit        nrf_cli_uart.o
    0x00006131   0x00000003   PAD
    0x00006134   0x00000009   Data   RO         2132    .conststrlit        nrf_pwr_mgmt.o
    0x0000613d   0x00000003   PAD
    0x00006140   0x00000004   Data   RO         2658    .conststrlit        nrf_log_frontend.o
    0x00006144   0x00000020   Data   RO         3365    Region$$Table       anon$$obj.o
    0x00006164   0x00000008   Data   RO           40    cli_command         main.o
    0x0000616c   0x00000030   Data   RO         1545    cli_command         nrf_cli.o
    0x0000619c   0x00000008   Data   RO         2663    cli_command         nrf_log_frontend.o
    0x000061a4   0x00000008   Data   RO          434    log_const_data      nrf_drv_clock.o
    0x000061ac   0x00000008   Data   RO          662    log_const_data      nrf_drv_uart.o
    0x000061b4   0x00000008   Data   RO         1411    log_const_data      nrf_balloc.o
    0x000061bc   0x00000008   Data   RO         1904    log_const_data      nrf_cli_uart.o
    0x000061c4   0x00000008   Data   RO         2134    log_const_data      nrf_pwr_mgmt.o
    0x000061cc   0x00000008   Data   RO         2665    log_const_data      nrf_log_frontend.o


    Execution Region RW_IRAM1 (Base: 0x20000000, Size: 0x00002b18, Max: 0x00010000, ABSOLUTE, COMPRESSED[0x00000054])

    Base Addr    Size         Type   Attr      Idx    E Section Name        Object

    0x20000000   0x00000018   Data   RW           36    .data               main.o
    0x20000018   0x00000018   Data   RW           37    .data               main.o
    0x20000030   0x00000008   Data   RW           38    .data               main.o
    0x20000038   0x00000008   Data   RW           39    .data               main.o
    0x20000040   0x00000014   Data   RW         1176    .data               app_timer.o
    0x20000054   0x00000004   Data   RW         1324    .data               app_util_platform.o
    0x20000058   0x00000004   Data   RW         1544    .data               nrf_cli.o
    0x2000005c   0x00000028   Data   RW         2660    .data               nrf_log_frontend.o
    0x20000084   0x00000008   Data   RW         2661    .data               nrf_log_frontend.o
    0x2000008c   0x00000008   Data   RW         2662    .data               nrf_log_frontend.o
    0x20000094   0x00000038   Data   RW         2862    .data               nrf_log_str_formatter.o
    0x200000cc   0x00000004   Data   RW         3260    .data               system_nrf52.o
    0x200000d0   0x00000004   Data   RW           41    cli_sorted_cmd_ptrs  main.o
    0x200000d4   0x00000018   Data   RW         1546    cli_sorted_cmd_ptrs  nrf_cli.o
    0x200000ec   0x00000004   Data   RW         2664    cli_sorted_cmd_ptrs  nrf_log_frontend.o
    0x200000f0   0x0000000c   Data   RW          435    log_dynamic_data    nrf_drv_clock.o
    0x200000fc   0x0000000c   Data   RW          663    log_dynamic_data    nrf_drv_uart.o
    0x20000108   0x0000000c   Data   RW         1412    log_dynamic_data    nrf_balloc.o
    0x20000114   0x0000000c   Data   RW         1905    log_dynamic_data    nrf_cli_uart.o
    0x20000120   0x0000000c   Data   RW         2135    log_dynamic_data    nrf_pwr_mgmt.o
    0x2000012c   0x0000000c   Data   RW         2666    log_dynamic_data    nrf_log_frontend.o
    0x20000138   0x00000020   Zero   RW           11    .bss                main.o
    0x20000158   0x00000040   Zero   RW           12    .bss                main.o
    0x20000198   0x00000018   Zero   RW           13    .bss                main.o
    0x200001b0   0x00000010   Zero   RW           14    .bss                main.o
    0x200001c0   0x00000018   Zero   RW           15    .bss                main.o
    0x200001d8   0x0000002c   Zero   RW           16    .bss                main.o
    0x20000204   0x00000140   Zero   RW           17    .bss                main.o
    0x20000344   0x00000014   Zero   RW           18    .bss                main.o
    0x20000358   0x0000000c   Zero   RW           19    .bss                main.o
    0x20000364   0x00000180   Zero   RW           20    .bss                main.o
    0x200004e4   0x00000010   Zero   RW           21    .bss                main.o
    0x200004f4   0x00000014   Zero   RW          428    .bss                nrf_drv_clock.o
    0x20000508   0x00000020   Zero   RW          660    .bss                nrf_drv_uart.o
    0x20000528   0x0000010c   Zero   RW         1175    .bss                app_timer.o
    0x20000634   0x000000c0   Zero   RW         2647    .bss                nrf_log_frontend.o
    0x200006f4   0x00000420   Zero   RW         2648    .bss                nrf_log_frontend.o
    0x20000b14   0x00000004   PAD
    0x20000b18   0x00002000   Zero   RW         3248    STACK               arm_startup_nrf52.o


==============================================================================

Image component sizes


      Code (inc. data)   RO Data    RW Data    ZI Data      Debug   Object Name

        22          0          0          0          0       2093   app_error.o
       132         42          0          0          0      27389   app_error_weak.o
      1614        122          0         20        268      45967   app_timer.o
        44         10          0          4          0       3332   app_util_platform.o
        36          8        512          0       8192        924   arm_startup_nrf52.o
      1032        416        557         68        956      85990   main.o
       152          0         15         12          0       3753   nrf_balloc.o
      8466        812       1079         28          0      75408   nrf_cli.o
       472         10         37         12          0      22579   nrf_cli_uart.o
       344         30         14         12         20      20224   nrf_drv_clock.o
        56          0          0          0          0      27467   nrf_drv_common.o
      2376         82         13         12         32      70335   nrf_drv_uart.o
        50          0          0          0          0       1917   nrf_fprintf.o
       850          4         16          0          0       4678   nrf_fprintf_format.o
      2694        452        571         72       1248      43707   nrf_log_frontend.o
       506         66         72         56          0       4936   nrf_log_str_formatter.o
       494          0          0          0          0      10803   nrf_memobj.o
         0          0          0          0          0       1472   nrf_nvic.o
        96         18          0          0          0       2004   nrf_nvmc.o
         2          0         17         12          0       6337   nrf_pwr_mgmt.o
       408          0          0          0          0       6800   nrf_queue.o
       758          0          0          0          0      12490   nrf_ringbuf.o
       764         64          0          4          0       2951   system_nrf52.o

    ----------------------------------------------------------------------
     21406       2136       2972        312      10720     483556   Object Totals
         0          0         32          0          0          0   (incl. Generated)
        38          0         37          0          4          0   (incl. Padding)

    ----------------------------------------------------------------------

      Code (inc. data)   RO Data    RW Data    ZI Data      Debug   Library Member Name

        86          0          0          0          0          0   __dczerorl2.o
         8          4        133          0          0         68   ctype_o.o
         0          0          0          0          0          0   entry.o
         0          0          0          0          0          0   entry10a.o
         0          0          0          0          0          0   entry11a.o
         8          4          0          0          0          0   entry2.o
         4          0          0          0          0          0   entry5.o
         0          0          0          0          0          0   entry7b.o
         0          0          0          0          0          0   entry8b.o
         8          4          0          0          0          0   entry9a.o
        30          0          0          0          0          0   handlers.o
        36          8          0          0          0         68   init.o
        64          0          0          0          0         76   memmovea.o
        36          0          0          0          0        108   memseta.o
       156          0          0          0          0         88   qsort.o
        28          0          0          0          0         76   strcmp.o
        18          0          0          0          0         68   strcpy.o
        14          0          0          0          0         68   strlen.o
        30          0          0          0          0         80   strncmp.o

    ----------------------------------------------------------------------
       530         20        136          0          0        700   Library Totals
         4          0          3          0          0          0   (incl. Padding)

    ----------------------------------------------------------------------

      Code (inc. data)   RO Data    RW Data    ZI Data      Debug   Library Name

       526         20        133          0          0        700   mc_w.l

    ----------------------------------------------------------------------
       530         20        136          0          0        700   Library Totals

    ----------------------------------------------------------------------

==============================================================================


      Code (inc. data)   RO Data    RW Data    ZI Data      Debug   

     21936       2156       3108        312      10720     463532   Grand Totals
     21936       2156       3108         84      10720     463532   ELF Image Totals (compressed)
     21936       2156       3108         84          0          0   ROM Totals

==============================================================================

    Total RO  Size (Code + RO Data)                25044 (  24.46kB)
    Total RW  Size (RW Data + ZI Data)             11032 (  10.77kB)
    Total ROM Size (Code + RO Data + RW Data)      25128 (  24.54kB)

==============================================================================

