Component: ARM Compiler 5.05 update 1 (build 106) Tool: armlink [4d0efa]

==============================================================================

Section Cross References

    main.o(i.XYZ_I2C_register_read) refers to nrf_drv_twi.o(i.nrf_drv_twi_tx) for nrf_drv_twi_tx
    main.o(i.XYZ_I2C_register_read) refers to nrf_drv_twi.o(i.nrf_drv_twi_rx) for nrf_drv_twi_rx
    main.o(i.XYZ_I2C_register_read) refers to main.o(.constdata) for .constdata
    main.o(i.XYZ_I2C_register_write) refers to nrf_log_frontend.o(i.nrf_log_frontend_std_1) for nrf_log_frontend_std_1
    main.o(i.XYZ_I2C_register_write) refers to malloc.o(i.malloc) for malloc
    main.o(i.XYZ_I2C_register_write) refers to nrf_drv_twi.o(i.nrf_drv_twi_tx) for nrf_drv_twi_tx
    main.o(i.XYZ_I2C_register_write) refers to malloc.o(i.free) for free
    main.o(i.XYZ_I2C_register_write) refers to nrf_log_frontend.o(log_dynamic_data) for m_nrf_log_app_logs_data_dynamic
    main.o(i.XYZ_I2C_register_write) refers to main.o(.constdata) for .constdata
    main.o(i.main) refers to nrf_log_frontend.o(i.nrf_log_init) for nrf_log_init
    main.o(i.main) refers to app_error.o(i.app_error_handler_bare) for app_error_handler_bare
    main.o(i.main) refers to nrf_log_default_backends.o(i.nrf_log_default_backends_init) for nrf_log_default_backends_init
    main.o(i.main) refers to nrf_log_frontend.o(i.nrf_log_frontend_std_0) for nrf_log_frontend_std_0
    main.o(i.main) refers to nrf_log_frontend.o(i.nrf_log_frontend_dequeue) for nrf_log_frontend_dequeue
    main.o(i.main) refers to main.o(i.twi_init) for twi_init
    main.o(i.main) refers to main.o(i.XYZ_I2C_register_read) for XYZ_I2C_register_read
    main.o(i.main) refers to main.o(i.nrf_delay_ms) for nrf_delay_ms
    main.o(i.main) refers to nrf_log_frontend.o(i.nrf_log_frontend_std_1) for nrf_log_frontend_std_1
    main.o(i.main) refers to nrf_log_frontend.o(log_dynamic_data) for m_nrf_log_app_logs_data_dynamic
    main.o(i.nrf_delay_ms) refers to main.o(i.nrf_delay_us) for nrf_delay_us
    main.o(i.nrf_delay_us) refers to system_nrf52.o(.data) for SystemCoreClock
    main.o(i.twi_handler) refers to nrf_log_frontend.o(i.nrf_log_frontend_std_1) for nrf_log_frontend_std_1
    main.o(i.twi_handler) refers to main.o(.data) for .data
    main.o(i.twi_handler) refers to nrf_log_frontend.o(log_dynamic_data) for m_nrf_log_app_logs_data_dynamic
    main.o(i.twi_init) refers to nrf_log_frontend.o(i.nrf_log_frontend_std_0) for nrf_log_frontend_std_0
    main.o(i.twi_init) refers to nrf_drv_twi.o(i.nrf_drv_twi_init) for nrf_drv_twi_init
    main.o(i.twi_init) refers to app_error.o(i.app_error_handler_bare) for app_error_handler_bare
    main.o(i.twi_init) refers to nrf_drv_twi.o(i.nrf_drv_twi_enable) for nrf_drv_twi_enable
    main.o(i.twi_init) refers to nrf_log_frontend.o(log_dynamic_data) for m_nrf_log_app_logs_data_dynamic
    main.o(i.twi_init) refers to main.o(.constdata) for .constdata
    boards.o(i.bsp_board_button_idx_to_pin) refers to boards.o(.constdata) for .constdata
    boards.o(i.bsp_board_button_state_get) refers to boards.o(.constdata) for .constdata
    boards.o(i.bsp_board_buttons_init) refers to boards.o(i.nrf_gpio_cfg) for nrf_gpio_cfg
    boards.o(i.bsp_board_buttons_init) refers to boards.o(.constdata) for .constdata
    boards.o(i.bsp_board_led_idx_to_pin) refers to boards.o(.constdata) for .constdata
    boards.o(i.bsp_board_led_invert) refers to boards.o(.constdata) for .constdata
    boards.o(i.bsp_board_led_off) refers to boards.o(i.nrf_gpio_pin_write) for nrf_gpio_pin_write
    boards.o(i.bsp_board_led_off) refers to boards.o(.constdata) for .constdata
    boards.o(i.bsp_board_led_on) refers to boards.o(i.nrf_gpio_pin_write) for nrf_gpio_pin_write
    boards.o(i.bsp_board_led_on) refers to boards.o(.constdata) for .constdata
    boards.o(i.bsp_board_led_state_get) refers to boards.o(.constdata) for .constdata
    boards.o(i.bsp_board_leds_init) refers to boards.o(i.nrf_gpio_cfg) for nrf_gpio_cfg
    boards.o(i.bsp_board_leds_init) refers to boards.o(i.bsp_board_leds_off) for bsp_board_leds_off
    boards.o(i.bsp_board_leds_init) refers to boards.o(.constdata) for .constdata
    boards.o(i.bsp_board_leds_off) refers to boards.o(i.bsp_board_led_off) for bsp_board_led_off
    boards.o(i.bsp_board_leds_on) refers to boards.o(i.bsp_board_led_on) for bsp_board_led_on
    boards.o(i.bsp_board_pin_to_button_idx) refers to boards.o(.constdata) for .constdata
    boards.o(i.bsp_board_pin_to_led_idx) refers to boards.o(.constdata) for .constdata
    nrf_drv_twi.o(i.SPIM0_SPIS0_TWIM0_TWIS0_SPI0_TWI0_IRQHandler) refers to nrf_drv_twi.o(i.irq_handler_twim) for irq_handler_twim
    nrf_drv_twi.o(i.SPIM0_SPIS0_TWIM0_TWIS0_SPI0_TWI0_IRQHandler) refers to nrf_drv_twi.o(.bss) for .bss
    nrf_drv_twi.o(i.irq_handler_twim) refers to nrf_drv_twi.o(i.nrf_twim_event_check) for nrf_twim_event_check
[...]
    segger_rtt_printf.o(i.SEGGER_RTT_vprintf) refers to segger_rtt_printf.o(i._StoreChar) for _StoreChar
    segger_rtt_printf.o(i.SEGGER_RTT_vprintf) refers to segger_rtt_printf.o(i._PrintInt) for _PrintInt
    segger_rtt_printf.o(i.SEGGER_RTT_vprintf) refers to segger_rtt_printf.o(i._PrintUnsigned) for _PrintUnsigned
    segger_rtt_printf.o(i.SEGGER_RTT_vprintf) refers to segger_rtt.o(i.SEGGER_RTT_Write) for SEGGER_RTT_Write
    segger_rtt_printf.o(i._PrintInt) refers to segger_rtt_printf.o(i._StoreChar) for _StoreChar
    segger_rtt_printf.o(i._PrintInt) refers to segger_rtt_printf.o(i._PrintUnsigned) for _PrintUnsigned
    segger_rtt_printf.o(i._PrintUnsigned) refers to segger_rtt_printf.o(i._StoreChar) for _StoreChar
    segger_rtt_printf.o(i._PrintUnsigned) refers to segger_rtt_printf.o(.constdata) for .constdata
    segger_rtt_printf.o(i._StoreChar) refers to segger_rtt.o(i.SEGGER_RTT_Write) for SEGGER_RTT_Write
    arm_startup_nrf52.o(RESET) refers to arm_startup_nrf52.o(STACK) for __initial_sp
    arm_startup_nrf52.o(RESET) refers to arm_startup_nrf52.o(.text) for Reset_Handler
    arm_startup_nrf52.o(RESET) refers to nrf_drv_uart.o(i.UARTE0_UART0_IRQHandler) for UARTE0_UART0_IRQHandler
    arm_startup_nrf52.o(RESET) refers to nrf_drv_twi.o(i.SPIM0_SPIS0_TWIM0_TWIS0_SPI0_TWI0_IRQHandler) for SPIM0_SPIS0_TWIM0_TWIS0_SPI0_TWI0_IRQHandler
    arm_startup_nrf52.o(.text) refers to system_nrf52.o(i.SystemInit) for SystemInit
    arm_startup_nrf52.o(.text) refers to entry.o(.ARM.Collect$$$$00000000) for __main
    system_nrf52.o(i.SystemCoreClockUpdate) refers to system_nrf52.o(.data) for .data
    system_nrf52.o(i.SystemInit) refers to system_nrf52.o(.data) for .data
    entry.o(.ARM.Collect$$$$00000000) refers (Special) to entry10a.o(.ARM.Collect$$$$0000000D) for __rt_final_cpp
    entry.o(.ARM.Collect$$$$00000000) refers (Special) to entry11a.o(.ARM.Collect$$$$0000000F) for __rt_final_exit
    entry.o(.ARM.Collect$$$$00000000) refers (Special) to entry7b.o(.ARM.Collect$$$$00000008) for _main_clock
    entry.o(.ARM.Collect$$$$00000000) refers (Special) to entry8b.o(.ARM.Collect$$$$0000000A) for _main_cpp_init
    entry.o(.ARM.Collect$$$$00000000) refers (Special) to entry9a.o(.ARM.Collect$$$$0000000B) for _main_init
    entry.o(.ARM.Collect$$$$00000000) refers (Special) to entry5.o(.ARM.Collect$$$$00000004) for _main_scatterload
    entry.o(.ARM.Collect$$$$00000000) refers (Special) to entry2.o(.ARM.Collect$$$$00000001) for _main_stk
    fputc.o(i.fputc) refers (Special) to iusesemip.o(.text) for __I$use$semihosting$fputc
    fputc.o(i.fputc) refers (Special) to semi.o(.text) for __semihosting_library_function
    ctype_o.o(.text) refers to ctype_o.o(.constdata) for .constdata
    ctype_o.o(.constdata) refers to ctype_o.o(.constdata) for __ctype_table
    isalnum_o.o(.text) refers to ctype_o.o(.text) for __rt_ctype_table
    isalpha_o.o(.text) refers to ctype_o.o(.text) for __rt_ctype_table
    isblank_o.o(.text) refers to ctype_o.o(.constdata) for __ctype_table
    iscntrl_o.o(.text) refers to ctype_o.o(.text) for __rt_ctype_table
    isdigit_o.o(.text) refers to ctype_o.o(.text) for __rt_ctype_table
    isgraph_o.o(.text) refers to ctype_o.o(.text) for __rt_ctype_table
    islower_o.o(.text) refers to ctype_o.o(.text) for __rt_ctype_table
    isprint_o.o(.text) refers to ctype_o.o(.text) for __rt_ctype_table
    ispunct_o.o(.text) refers to ctype_o.o(.text) for __rt_ctype_table
    isspace_o.o(.text) refers to ctype_o.o(.text) for __rt_ctype_table
    isupper_o.o(.text) refers to ctype_o.o(.text) for __rt_ctype_table
    isxdigit_o.o(.text) refers to ctype_o.o(.text) for __rt_ctype_table
    malloc.o(i.free) refers to mvars.o(.data) for __microlib_freelist
    malloc.o(i.malloc) refers to mvars.o(.data) for __microlib_freelist_initialised
    malloc.o(i.malloc) refers to mvars.o(.data) for __microlib_freelist
    malloc.o(i.malloc) refers to arm_startup_nrf52.o(HEAP) for __heap_base
    mallocr.o(i.__free$realloc) refers to mvars.o(.data) for __microlib_freelist
    mallocr.o(i.__malloc$realloc) refers to mallocr.o(i.internal_alloc) for internal_alloc
    mallocr.o(i.__malloc$realloc) refers to mvars.o(.data) for __microlib_freelist_initialised
    mallocr.o(i.__malloc$realloc) refers to arm_startup_nrf52.o(HEAP) for __heap_base
    mallocr.o(i.__malloc$realloc) refers to mvars.o(.data) for __microlib_freelist
    mallocr.o(i.internal_alloc) refers to memcpya.o(.text) for __aeabi_memcpy
    mallocr.o(i.internal_alloc) refers to mvars.o(.data) for __microlib_freelist
    mallocr.o(i.realloc) refers to mallocr.o(i.__free$realloc) for __free$realloc
    mallocr.o(i.realloc) refers to mallocr.o(i.internal_alloc) for internal_alloc
    mallocr.o(i.realloc) refers to mallocr.o(i.__malloc$realloc) for __malloc$realloc
    mallocr.o(i.realloc) refers to mvars.o(.data) for __microlib_freelist
    malloca.o(i.__aligned_malloc) refers to mvars.o(.data) for __microlib_freelist_initialised
    malloca.o(i.__aligned_malloc) refers to mvars.o(.data) for __microlib_freelist
    malloca.o(i.__aligned_malloc) refers to arm_startup_nrf52.o(HEAP) for __heap_base
    malloca.o(i.__free$memalign) refers to mvars.o(.data) for __microlib_freelist
    malloca.o(i.__malloc$memalign) refers to malloca.o(i.__aligned_malloc) for __aligned_malloc
    mallocra.o(i.__aligned_malloc$realloc) refers to mallocra.o(i.internal_alloc) for internal_alloc
    mallocra.o(i.__aligned_malloc$realloc) refers to mvars.o(.data) for __microlib_freelist_initialised
    mallocra.o(i.__aligned_malloc$realloc) refers to arm_startup_nrf52.o(HEAP) for __heap_base
    mallocra.o(i.__aligned_malloc$realloc) refers to mvars.o(.data) for __microlib_freelist
    mallocra.o(i.__free$realloc$memalign) refers to mvars.o(.data) for __microlib_freelist
    mallocra.o(i.__malloc$realloc$memalign) refers to mallocra.o(i.__aligned_malloc$realloc) for __aligned_malloc$realloc
    mallocra.o(i.__realloc$memalign) refers to mallocra.o(i.__free$realloc$memalign) for __free$realloc$memalign
    mallocra.o(i.__realloc$memalign) refers to mallocra.o(i.internal_alloc) for internal_alloc
    mallocra.o(i.__realloc$memalign) refers to mallocra.o(i.__malloc$realloc$memalign) for __malloc$realloc$memalign
    mallocra.o(i.__realloc$memalign) refers to mvars.o(.data) for __microlib_freelist
    mallocra.o(i.internal_alloc) refers to memcpya.o(.text) for __aeabi_memcpy
    mallocra.o(i.internal_alloc) refers to mvars.o(.data) for __microlib_freelist
    entry2.o(.ARM.Collect$$$$00000001) refers to entry2.o(.ARM.Collect$$$$00002712) for __lit__00000000
    entry2.o(.ARM.Collect$$$$00002712) refers to arm_startup_nrf52.o(STACK) for __initial_sp
    entry2.o(__vectab_stack_and_reset_area) refers to arm_startup_nrf52.o(STACK) for __initial_sp
    entry2.o(__vectab_stack_and_reset_area) refers to entry.o(.ARM.Collect$$$$00000000) for __main
    entry5.o(.ARM.Collect$$$$00000004) refers to init.o(.text) for __scatterload
    entry9a.o(.ARM.Collect$$$$0000000B) refers to main.o(i.main) for main
    entry9b.o(.ARM.Collect$$$$0000000C) refers to main.o(i.main) for main
    init.o(.text) refers to entry5.o(.ARM.Collect$$$$00000004) for __main_after_scatterload


==============================================================================

Removing Unused input sections from the image.

    Removing main.o(.rev16_text), (4 bytes).
    Removing main.o(.revsh_text), (4 bytes).
    Removing main.o(.rrx_text), (6 bytes).
    Removing main.o(i.XYZ_I2C_register_write), (156 bytes).
    Removing main.o(i.twi_handler), (84 bytes).
    Removing main.o(.data), (2 bytes).
    Removing boards.o(.rev16_text), (4 bytes).
    Removing boards.o(.revsh_text), (4 bytes).
    Removing boards.o(.rrx_text), (6 bytes).
    Removing boards.o(i.bsp_board_button_idx_to_pin), (12 bytes).
    Removing boards.o(i.bsp_board_button_state_get), (32 bytes).
    Removing boards.o(i.bsp_board_buttons_init), (36 bytes).
    Removing boards.o(i.bsp_board_led_idx_to_pin), (12 bytes).
    Removing boards.o(i.bsp_board_led_invert), (36 bytes).
    Removing boards.o(i.bsp_board_led_off), (16 bytes).
    Removing boards.o(i.bsp_board_led_on), (16 bytes).
    Removing boards.o(i.bsp_board_led_state_get), (32 bytes).
    Removing boards.o(i.bsp_board_leds_init), (44 bytes).
    Removing boards.o(i.bsp_board_leds_off), (18 bytes).
    Removing boards.o(i.bsp_board_leds_on), (18 bytes).
    Removing boards.o(i.bsp_board_pin_to_button_idx), (36 bytes).
    Removing boards.o(i.bsp_board_pin_to_led_idx), (36 bytes).
    Removing boards.o(i.nrf_gpio_cfg), (36 bytes).
    Removing boards.o(i.nrf_gpio_pin_write), (22 bytes).
    Removing boards.o(.constdata), (7 bytes).
    Removing nrf_drv_common.o(.rev16_text), (4 bytes).
    Removing nrf_drv_common.o(.revsh_text), (4 bytes).
    Removing nrf_drv_common.o(.rrx_text), (6 bytes).
    Removing nrf_drv_twi.o(.rev16_text), (4 bytes).
    Removing nrf_drv_twi.o(.revsh_text), (4 bytes).
    Removing nrf_drv_twi.o(.rrx_text), (6 bytes).
    Removing nrf_drv_twi.o(i.nrf_drv_twi_data_count_get), (4 bytes).
    Removing nrf_drv_twi.o(i.nrf_drv_twi_disable), (48 bytes).
    Removing nrf_drv_twi.o(i.nrf_drv_twi_is_busy), (24 bytes).
    Removing nrf_drv_twi.o(i.nrf_drv_twi_start_task_get), (16 bytes).
    Removing nrf_drv_twi.o(i.nrf_drv_twi_stopped_event_get), (8 bytes).
    Removing nrf_drv_twi.o(i.nrf_drv_twi_uninit), (108 bytes).
    Removing nrf_drv_twi.o(.constdata), (17 bytes).
    Removing nrf_drv_twi.o(.constdata), (10 bytes).
    Removing nrf_drv_twi.o(.constdata), (17 bytes).
    Removing nrf_drv_uart.o(.rev16_text), (4 bytes).
    Removing nrf_drv_uart.o(.revsh_text), (4 bytes).
    Removing nrf_drv_uart.o(.rrx_text), (6 bytes).
    Removing nrf_drv_uart.o(i.nrf_drv_uart_errorsrc_get), (48 bytes).
    Removing nrf_drv_uart.o(i.nrf_drv_uart_rx), (176 bytes).
    Removing nrf_drv_uart.o(i.nrf_drv_uart_rx_abort), (40 bytes).
    Removing nrf_drv_uart.o(i.nrf_drv_uart_rx_disable), (36 bytes).
    Removing nrf_drv_uart.o(i.nrf_drv_uart_rx_enable), (48 bytes).
    Removing nrf_drv_uart.o(i.nrf_drv_uart_rx_for_uart), (168 bytes).
    Removing nrf_drv_uart.o(i.nrf_drv_uart_rx_for_uarte), (176 bytes).
    Removing nrf_drv_uart.o(i.nrf_drv_uart_rx_ready), (36 bytes).
    Removing nrf_drv_uart.o(i.nrf_drv_uart_tx_abort), (88 bytes).
    Removing nrf_drv_uart.o(i.rx_enable), (32 bytes).
    Removing app_error.o(.rev16_text), (4 bytes).
    Removing app_error.o(.revsh_text), (4 bytes).
    Removing app_error.o(.rrx_text), (6 bytes).
    Removing app_error.o(i.app_error_handler), (24 bytes).
    Removing app_error.o(i.app_error_save_and_stop), (100 bytes).
    Removing app_error.o(.bss), (32 bytes).
    Removing app_error_weak.o(.rev16_text), (4 bytes).
    Removing app_error_weak.o(.revsh_text), (4 bytes).
    Removing app_error_weak.o(.rrx_text), (6 bytes).
    Removing app_util_platform.o(.rev16_text), (4 bytes).
    Removing app_util_platform.o(.revsh_text), (4 bytes).
    Removing app_util_platform.o(.rrx_text), (6 bytes).
    Removing app_util_platform.o(i.current_int_priority_get), (48 bytes).
    Removing app_util_platform.o(i.privilege_level_get), (26 bytes).
    Removing nrf_assert.o(.rev16_text), (4 bytes).
    Removing nrf_assert.o(.revsh_text), (4 bytes).
    Removing nrf_assert.o(.rrx_text), (6 bytes).
    Removing nrf_assert.o(i.assert_nrf_callback), (22 bytes).
    Removing nrf_balloc.o(.rev16_text), (4 bytes).
    Removing nrf_balloc.o(.revsh_text), (4 bytes).
    Removing nrf_balloc.o(.rrx_text), (6 bytes).
    Removing nrf_fprintf.o(.rev16_text), (4 bytes).
    Removing nrf_fprintf.o(.revsh_text), (4 bytes).
    Removing nrf_fprintf.o(.rrx_text), (6 bytes).
    Removing nrf_fprintf_format.o(.rev16_text), (4 bytes).
    Removing nrf_fprintf_format.o(.revsh_text), (4 bytes).
    Removing nrf_fprintf_format.o(.rrx_text), (6 bytes).
    Removing nrf_memobj.o(.rev16_text), (4 bytes).
    Removing nrf_memobj.o(.revsh_text), (4 bytes).
    Removing nrf_memobj.o(.rrx_text), (6 bytes).
    Removing nrf_strerror.o(.rev16_text), (4 bytes).
    Removing nrf_strerror.o(.revsh_text), (4 bytes).
    Removing nrf_strerror.o(.rrx_text), (6 bytes).
    Removing nrf_strerror.o(i.nrf_strerror_find), (56 bytes).
    Removing nrf_strerror.o(i.nrf_strerror_get), (20 bytes).
    Removing nrf_strerror.o(.constdata), (260 bytes).
    Removing nrf_strerror.o(.conststring), (776 bytes).
    Removing nrf_log_backend_rtt.o(.rev16_text), (4 bytes).
    Removing nrf_log_backend_rtt.o(.revsh_text), (4 bytes).
    Removing nrf_log_backend_rtt.o(.rrx_text), (6 bytes).
    Removing nrf_log_backend_serial.o(.rev16_text), (4 bytes).
    Removing nrf_log_backend_serial.o(.revsh_text), (4 bytes).
    Removing nrf_log_backend_serial.o(.rrx_text), (6 bytes).
    Removing nrf_log_backend_uart.o(.rev16_text), (4 bytes).
    Removing nrf_log_backend_uart.o(.revsh_text), (4 bytes).
    Removing nrf_log_backend_uart.o(.rrx_text), (6 bytes).
    Removing nrf_log_default_backends.o(.rev16_text), (4 bytes).
    Removing nrf_log_default_backends.o(.revsh_text), (4 bytes).
    Removing nrf_log_default_backends.o(.rrx_text), (6 bytes).
    Removing nrf_log_frontend.o(.rev16_text), (4 bytes).
    Removing nrf_log_frontend.o(.revsh_text), (4 bytes).
    Removing nrf_log_frontend.o(.rrx_text), (6 bytes).
    Removing nrf_log_frontend.o(i.cont_buf_prealloc), (116 bytes).
    Removing nrf_log_frontend.o(i.nrf_log_backend_remove), (40 bytes).
    Removing nrf_log_frontend.o(i.nrf_log_frontend_hexdump), (180 bytes).
    Removing nrf_log_frontend.o(i.nrf_log_frontend_std_2), (16 bytes).
    Removing nrf_log_frontend.o(i.nrf_log_frontend_std_3), (18 bytes).
    Removing nrf_log_frontend.o(i.nrf_log_frontend_std_4), (20 bytes).
    Removing nrf_log_frontend.o(i.nrf_log_frontend_std_5), (28 bytes).
    Removing nrf_log_frontend.o(i.nrf_log_frontend_std_6), (28 bytes).
    Removing nrf_log_frontend.o(i.nrf_log_module_filter_get), (36 bytes).
    Removing nrf_log_frontend.o(i.nrf_log_module_filter_set), (2 bytes).
    Removing nrf_log_frontend.o(i.nrf_log_push), (104 bytes).
    Removing nrf_log_frontend.o(.conststring), (9 bytes).
    Removing nrf_log_frontend.o(.data), (4 bytes).
    Removing nrf_log_str_formatter.o(.rev16_text), (4 bytes).
    Removing nrf_log_str_formatter.o(.revsh_text), (4 bytes).
    Removing nrf_log_str_formatter.o(.rrx_text), (6 bytes).
    Removing segger_rtt.o(.rev16_text), (4 bytes).
    Removing segger_rtt.o(.revsh_text), (4 bytes).
    Removing segger_rtt.o(.rrx_text), (6 bytes).
    Removing segger_rtt.o(i.SEGGER_RTT_AllocDownBuffer), (104 bytes).
    Removing segger_rtt.o(i.SEGGER_RTT_AllocUpBuffer), (104 bytes).
    Removing segger_rtt.o(i.SEGGER_RTT_ConfigDownBuffer), (92 bytes).
    Removing segger_rtt.o(i.SEGGER_RTT_ConfigUpBuffer), (92 bytes).
    Removing segger_rtt.o(i.SEGGER_RTT_GetKey), (28 bytes).
    Removing segger_rtt.o(i.SEGGER_RTT_HasData), (24 bytes).
    Removing segger_rtt.o(i.SEGGER_RTT_HasKey), (32 bytes).
    Removing segger_rtt.o(i.SEGGER_RTT_Init), (4 bytes).
    Removing segger_rtt.o(i.SEGGER_RTT_PutChar), (88 bytes).
    Removing segger_rtt.o(i.SEGGER_RTT_PutCharSkip), (76 bytes).
    Removing segger_rtt.o(i.SEGGER_RTT_PutCharSkipNoLock), (52 bytes).
    Removing segger_rtt.o(i.SEGGER_RTT_Read), (36 bytes).
    Removing segger_rtt.o(i.SEGGER_RTT_ReadNoLock), (120 bytes).
    Removing segger_rtt.o(i.SEGGER_RTT_SetFlagsDownBuffer), (60 bytes).
    Removing segger_rtt.o(i.SEGGER_RTT_SetFlagsUpBuffer), (60 bytes).
    Removing segger_rtt.o(i.SEGGER_RTT_SetNameDownBuffer), (60 bytes).
    Removing segger_rtt.o(i.SEGGER_RTT_SetNameUpBuffer), (60 bytes).
    Removing segger_rtt.o(i.SEGGER_RTT_SetTerminal), (128 bytes).
    Removing segger_rtt.o(i.SEGGER_RTT_TerminalOut), (168 bytes).
    Removing segger_rtt.o(i.SEGGER_RTT_WaitKey), (14 bytes).
    Removing segger_rtt.o(i.SEGGER_RTT_Write), (52 bytes).
    Removing segger_rtt.o(i.SEGGER_RTT_WriteNoLock), (92 bytes).
    Removing segger_rtt.o(i.SEGGER_RTT_WriteSkipNoLock), (116 bytes).
    Removing segger_rtt.o(i.SEGGER_RTT_WriteString), (26 bytes).
    Removing segger_rtt.o(i.SEGGER_RTT_WriteWithOverwriteNoLock), (148 bytes).
    Removing segger_rtt.o(i._DoInit), (104 bytes).
    Removing segger_rtt.o(i._GetAvailWriteSpace), (22 bytes).
    Removing segger_rtt.o(i._PostTerminalSwitch), (32 bytes).
    Removing segger_rtt.o(i._WriteBlocking), (90 bytes).
    Removing segger_rtt.o(i._WriteNoCheck), (66 bytes).
    Removing segger_rtt.o(.bss), (648 bytes).
    Removing segger_rtt.o(.data), (17 bytes).
    Removing segger_rtt_syscalls_keil.o(.rev16_text), (4 bytes).
    Removing segger_rtt_syscalls_keil.o(.revsh_text), (4 bytes).
    Removing segger_rtt_syscalls_keil.o(.rrx_text), (6 bytes).
    Removing segger_rtt_syscalls_keil.o(i._sys_close), (4 bytes).
    Removing segger_rtt_syscalls_keil.o(i._sys_command_string), (2 bytes).
    Removing segger_rtt_syscalls_keil.o(i._sys_ensure), (6 bytes).
    Removing segger_rtt_syscalls_keil.o(i._sys_exit), (2 bytes).
    Removing segger_rtt_syscalls_keil.o(i._sys_flen), (4 bytes).
    Removing segger_rtt_syscalls_keil.o(i._sys_istty), (14 bytes).
    Removing segger_rtt_syscalls_keil.o(i._sys_open), (44 bytes).
    Removing segger_rtt_syscalls_keil.o(i._sys_read), (4 bytes).
    Removing segger_rtt_syscalls_keil.o(i._sys_seek), (4 bytes).
    Removing segger_rtt_syscalls_keil.o(i._sys_tmpnam), (4 bytes).
    Removing segger_rtt_syscalls_keil.o(i._sys_write), (26 bytes).
    Removing segger_rtt_syscalls_keil.o(i._ttywrch), (24 bytes).
    Removing segger_rtt_syscalls_keil.o(.constdata), (14 bytes).
    Removing segger_rtt_printf.o(.rev16_text), (4 bytes).
    Removing segger_rtt_printf.o(.revsh_text), (4 bytes).
    Removing segger_rtt_printf.o(.rrx_text), (6 bytes).
    Removing segger_rtt_printf.o(i.SEGGER_RTT_printf), (22 bytes).
    Removing segger_rtt_printf.o(i.SEGGER_RTT_vprintf), (406 bytes).
    Removing segger_rtt_printf.o(i._PrintInt), (198 bytes).
    Removing segger_rtt_printf.o(i._PrintUnsigned), (212 bytes).
    Removing segger_rtt_printf.o(i._StoreChar), (62 bytes).
    Removing segger_rtt_printf.o(.constdata), (16 bytes).
    Removing arm_startup_nrf52.o(HEAP), (8192 bytes).
    Removing system_nrf52.o(.rev16_text), (4 bytes).
    Removing system_nrf52.o(.revsh_text), (4 bytes).
    Removing system_nrf52.o(.rrx_text), (6 bytes).
    Removing system_nrf52.o(i.SystemCoreClockUpdate), (16 bytes).

186 unused section(s) (total 16143 bytes) removed from the image.

==============================================================================

Image Symbol Table

    Local Symbols

    Symbol Name                              Value     Ov Type        Size  Object(Section)

    RESET                                    0x00000000   Section      512  arm_startup_nrf52.o(RESET)
    ../clib/microlib/ctype/ctype.c           0x00000000   Number         0  ctype_o.o ABSOLUTE
    ../clib/microlib/ctype/ctype.c           0x00000000   Number         0  isalnum_o.o ABSOLUTE
    ../clib/microlib/ctype/ctype.c           0x00000000   Number         0  isgraph_o.o ABSOLUTE
    ../clib/microlib/ctype/ctype.c           0x00000000   Number         0  isalpha_o.o ABSOLUTE
    ../clib/microlib/ctype/ctype.c           0x00000000   Number         0  iscntrl_o.o ABSOLUTE
    ../clib/microlib/ctype/ctype.c           0x00000000   Number         0  isblank_o.o ABSOLUTE
    ../clib/microlib/ctype/ctype.c           0x00000000   Number         0  isupper_o.o ABSOLUTE
    ../clib/microlib/ctype/ctype.c           0x00000000   Number         0  islower_o.o ABSOLUTE
    ../clib/microlib/ctype/ctype.c           0x00000000   Number         0  isdigit_o.o ABSOLUTE
    ../clib/microlib/ctype/ctype.c           0x00000000   Number         0  isspace_o.o ABSOLUTE
    ../clib/microlib/ctype/ctype.c           0x00000000   Number         0  ispunct_o.o ABSOLUTE
    ../clib/microlib/ctype/ctype.c           0x00000000   Number         0  isxdigit_o.o ABSOLUTE
    ../clib/microlib/ctype/ctype.c           0x00000000   Number         0  isprint_o.o ABSOLUTE
    ../clib/microlib/init/entry.s            0x00000000   Number         0  entry2.o ABSOLUTE
    ../clib/microlib/init/entry.s            0x00000000   Number         0  entry7b.o ABSOLUTE
    ../clib/microlib/init/entry.s            0x00000000   Number         0  entry9a.o ABSOLUTE
    ../clib/microlib/init/entry.s            0x00000000   Number         0  entry.o ABSOLUTE
    ../clib/microlib/init/entry.s            0x00000000   Number         0  entry8b.o ABSOLUTE
    ../clib/microlib/init/entry.s            0x00000000   Number         0  entry8a.o ABSOLUTE
    ../clib/microlib/init/entry.s            0x00000000   Number         0  entry9b.o ABSOLUTE
    ../clib/microlib/init/entry.s            0x00000000   Number         0  entry11b.o ABSOLUTE
    ../clib/microlib/init/entry.s            0x00000000   Number         0  entry5.o ABSOLUTE
    ../clib/microlib/init/entry.s            0x00000000   Number         0  entry11a.o ABSOLUTE
    ../clib/microlib/init/entry.s            0x00000000   Number         0  entry10b.o ABSOLUTE
    ../clib/microlib/init/entry.s            0x00000000   Number         0  entry7a.o ABSOLUTE
    ../clib/microlib/init/entry.s            0x00000000   Number         0  entry10a.o ABSOLUTE
    ../clib/microlib/malloc/malloc.c         0x00000000   Number         0  malloc.o ABSOLUTE
    ../clib/microlib/malloc/malloc.c         0x00000000   Number         0  mallocr.o ABSOLUTE
    ../clib/microlib/malloc/malloc.c         0x00000000   Number         0  malloca.o ABSOLUTE
    ../clib/microlib/malloc/malloc.c         0x00000000   Number         0  mallocra.o ABSOLUTE
    ../clib/microlib/malloc/mvars.c          0x00000000   Number         0  mvars.o ABSOLUTE
    ../clib/microlib/stdio/fflush.c          0x00000000   Number         0  fflush.o ABSOLUTE
    ../clib/microlib/stdio/fputc.c           0x00000000   Number         0  fputc.o ABSOLUTE
    ../clib/microlib/stdio/semi.s            0x00000000   Number         0  semi.o ABSOLUTE
    ../clib/microlib/stdio/streams.c         0x00000000   Number         0  stdout.o ABSOLUTE
    ../clib/microlib/string/memcpy.c         0x00000000   Number         0  memcpya.o ABSOLUTE
    ../clib/microlib/string/memcpy.c         0x00000000   Number         0  memcpyb.o ABSOLUTE
    ../clib/microlib/string/memset.c         0x00000000   Number         0  memseta.o ABSOLUTE
    ../clib/microlib/string/strcmp.c         0x00000000   Number         0  strcmp.o ABSOLUTE
    ../clib/microlib/string/strcpy.c         0x00000000   Number         0  strcpy.o ABSOLUTE
    ../clib/microlib/string/strlen.c         0x00000000   Number         0  strlen.o ABSOLUTE
    ../clib/microlib/stubs.s                 0x00000000   Number         0  useno.o ABSOLUTE
    ../clib/microlib/stubs.s                 0x00000000   Number         0  iusesemip.o ABSOLUTE
    ..\..\..\..\..\..\components\boards\boards.c 0x00000000   Number         0  boards.o ABSOLUTE
    ..\..\..\..\..\..\components\drivers_nrf\common\nrf_drv_common.c 0x00000000   Number         0  nrf_drv_common.o ABSOLUTE
    ..\..\..\..\..\..\components\drivers_nrf\twi_master\nrf_drv_twi.c 0x00000000   Number         0  nrf_drv_twi.o ABSOLUTE
    ..\..\..\..\..\..\components\drivers_nrf\uart\nrf_drv_uart.c 0x00000000   Number         0  nrf_drv_uart.o ABSOLUTE
    ..\..\..\..\..\..\components\libraries\balloc\nrf_balloc.c 0x00000000   Number         0  nrf_balloc.o ABSOLUTE
    ..\..\..\..\..\..\components\libraries\experimental_log\src\nrf_log_backend_rtt.c 0x00000000   Number         0  nrf_log_backend_rtt.o ABSOLUTE
    ..\..\..\..\..\..\components\libraries\experimental_log\src\nrf_log_backend_serial.c 0x00000000   Number         0  nrf_log_backend_serial.o ABSOLUTE
    ..\..\..\..\..\..\components\libraries\experimental_log\src\nrf_log_backend_uart.c 0x00000000   Number         0  nrf_log_backend_uart.o ABSOLUTE
    ..\..\..\..\..\..\components\libraries\experimental_log\src\nrf_log_default_backends.c 0x00000000   Number         0  nrf_log_default_backends.o ABSOLUTE
    ..\..\..\..\..\..\components\libraries\experimental_log\src\nrf_log_frontend.c 0x00000000   Number         0  nrf_log_frontend.o ABSOLUTE
    ..\..\..\..\..\..\components\libraries\experimental_log\src\nrf_log_str_formatter.c 0x00000000   Number         0  nrf_log_str_formatter.o ABSOLUTE
    ..\..\..\..\..\..\components\libraries\experimental_memobj\nrf_memobj.c 0x00000000   Number         0  nrf_memobj.o ABSOLUTE
    ..\..\..\..\..\..\components\libraries\strerror\nrf_strerror.c 0x00000000   Number         0  nrf_strerror.o ABSOLUTE
    ..\..\..\..\..\..\components\libraries\util\app_error.c 0x00000000   Number         0  app_error.o ABSOLUTE
    ..\..\..\..\..\..\components\libraries\util\app_error_weak.c 0x00000000   Number         0  app_error_weak.o ABSOLUTE
    ..\..\..\..\..\..\components\libraries\util\app_util_platform.c 0x00000000   Number         0  app_util_platform.o ABSOLUTE
    ..\..\..\..\..\..\components\libraries\util\nrf_assert.c 0x00000000   Number         0  nrf_assert.o ABSOLUTE
    ..\..\..\..\..\..\external\fprintf\nrf_fprintf.c 0x00000000   Number         0  nrf_fprintf.o ABSOLUTE
    ..\..\..\..\..\..\external\fprintf\nrf_fprintf_format.c 0x00000000   Number         0  nrf_fprintf_format.o ABSOLUTE
    ..\..\..\..\..\..\external\segger_rtt\SEGGER_RTT.c 0x00000000   Number         0  segger_rtt.o ABSOLUTE
    ..\..\..\..\..\..\external\segger_rtt\SEGGER_RTT_Syscalls_KEIL.c 0x00000000   Number         0  segger_rtt_syscalls_keil.o ABSOLUTE
    ..\..\..\..\..\..\external\segger_rtt\SEGGER_RTT_printf.c 0x00000000   Number         0  segger_rtt_printf.o ABSOLUTE
    ..\..\..\main.c                          0x00000000   Number         0  main.o ABSOLUTE
    ..\\..\\..\\..\\..\\..\\components\\boards\\boards.c 0x00000000   Number         0  boards.o ABSOLUTE
    ..\\..\\..\\..\\..\\..\\components\\drivers_nrf\\common\\nrf_drv_common.c 0x00000000   Number         0  nrf_drv_common.o ABSOLUTE
    ..\\..\\..\\..\\..\\..\\components\\drivers_nrf\\twi_master\\nrf_drv_twi.c 0x00000000   Number         0  nrf_drv_twi.o ABSOLUTE
    ..\\..\\..\\..\\..\\..\\components\\drivers_nrf\\uart\\nrf_drv_uart.c 0x00000000   Number         0  nrf_drv_uart.o ABSOLUTE
    ..\\..\\..\\..\\..\\..\\components\\libraries\\balloc\\nrf_balloc.c 0x00000000   Number         0  nrf_balloc.o ABSOLUTE
    ..\\..\\..\\..\\..\\..\\components\\libraries\\experimental_log\\src\\nrf_log_backend_rtt.c 0x00000000   Number         0  nrf_log_backend_rtt.o ABSOLUTE
    ..\\..\\..\\..\\..\\..\\components\\libraries\\experimental_log\\src\\nrf_log_backend_serial.c 0x00000000   Number         0  nrf_log_backend_serial.o ABSOLUTE
    ..\\..\\..\\..\\..\\..\\components\\libraries\\experimental_log\\src\\nrf_log_backend_uart.c 0x00000000   Number         0  nrf_log_backend_uart.o ABSOLUTE
    ..\\..\\..\\..\\..\\..\\components\\libraries\\experimental_log\\src\\nrf_log_default_backends.c 0x00000000   Number         0  nrf_log_default_backends.o ABSOLUTE
    ..\\..\\..\\..\\..\\..\\components\\libraries\\experimental_log\\src\\nrf_log_frontend.c 0x00000000   Number         0  nrf_log_frontend.o ABSOLUTE
    ..\\..\\..\\..\\..\\..\\components\\libraries\\experimental_log\\src\\nrf_log_str_formatter.c 0x00000000   Number         0  nrf_log_str_formatter.o ABSOLUTE
    ..\\..\\..\\..\\..\\..\\components\\libraries\\experimental_memobj\\nrf_memobj.c 0x00000000   Number         0  nrf_memobj.o ABSOLUTE
    ..\\..\\..\\..\\..\\..\\components\\libraries\\strerror\\nrf_strerror.c 0x00000000   Number         0  nrf_strerror.o ABSOLUTE
    ..\\..\\..\\..\\..\\..\\components\\libraries\\util\\app_error.c 0x00000000   Number         0  app_error.o ABSOLUTE
    ..\\..\\..\\..\\..\\..\\components\\libraries\\util\\app_error_weak.c 0x00000000   Number         0  app_error_weak.o ABSOLUTE
    ..\\..\\..\\..\\..\\..\\components\\libraries\\util\\app_util_platform.c 0x00000000   Number         0  app_util_platform.o ABSOLUTE
    ..\\..\\..\\..\\..\\..\\components\\libraries\\util\\nrf_assert.c 0x00000000   Number         0  nrf_assert.o ABSOLUTE
    ..\\..\\..\\..\\..\\..\\external\\fprintf\\nrf_fprintf.c 0x00000000   Number         0  nrf_fprintf.o ABSOLUTE
    ..\\..\\..\\..\\..\\..\\external\\fprintf\\nrf_fprintf_format.c 0x00000000   Number         0  nrf_fprintf_format.o ABSOLUTE
    ..\\..\\..\\..\\..\\..\\external\\segger_rtt\\SEGGER_RTT.c 0x00000000   Number         0  segger_rtt.o ABSOLUTE
    ..\\..\\..\\..\\..\\..\\external\\segger_rtt\\SEGGER_RTT_Syscalls_KEIL.c 0x00000000   Number         0  segger_rtt_syscalls_keil.o ABSOLUTE
    ..\\..\\..\\..\\..\\..\\external\\segger_rtt\\SEGGER_RTT_printf.c 0x00000000   Number         0  segger_rtt_printf.o ABSOLUTE
    ..\\..\\..\\main.c                       0x00000000   Number         0  main.o ABSOLUTE
    RTE\Device\nRF52832_xxAA\arm_startup_nrf52.s 0x00000000   Number         0  arm_startup_nrf52.o ABSOLUTE
    RTE\Device\nRF52832_xxAA\system_nrf52.c  0x00000000   Number         0  system_nrf52.o ABSOLUTE
    RTE\\Device\\nRF52832_xxAA\\system_nrf52.c 0x00000000   Number         0  system_nrf52.o ABSOLUTE
    dc.s                                     0x00000000   Number         0  dc.o ABSOLUTE
    handlers.s                               0x00000000   Number         0  handlers.o ABSOLUTE
    init.s                                   0x00000000   Number         0  init.o ABSOLUTE
    .ARM.Collect$$$$00000000                 0x00000200   Section        0  entry.o(.ARM.Collect$$$$00000000)
    .ARM.Collect$$$$00000001                 0x00000200   Section        4  entry2.o(.ARM.Collect$$$$00000001)
    .ARM.Collect$$$$00000004                 0x00000204   Section        4  entry5.o(.ARM.Collect$$$$00000004)
    .ARM.Collect$$$$00000008                 0x00000208   Section        0  entry7b.o(.ARM.Collect$$$$00000008)
    .ARM.Collect$$$$0000000A                 0x00000208   Section        0  entry8b.o(.ARM.Collect$$$$0000000A)
    .ARM.Collect$$$$0000000B                 0x00000208   Section        8  entry9a.o(.ARM.Collect$$$$0000000B)
    .ARM.Collect$$$$0000000D                 0x00000210   Section        0  entry10a.o(.ARM.Collect$$$$0000000D)
    .ARM.Collect$$$$0000000F                 0x00000210   Section        0  entry11a.o(.ARM.Collect$$$$0000000F)
    .ARM.Collect$$$$00002712                 0x00000210   Section        4  entry2.o(.ARM.Collect$$$$00002712)
    __lit__00000000                          0x00000210   Data           4  entry2.o(.ARM.Collect$$$$00002712)
    .emb_text                                0x00000214   Section      154  nrf_memobj.o(.emb_text)
    $v0                                      0x00000214   Number         0  nrf_memobj.o(.emb_text)
    .emb_text                                0x000002b0   Section      154  nrf_log_frontend.o(.emb_text)
    $v0                                      0x000002b0   Number         0  nrf_log_frontend.o(.emb_text)
    .text                                    0x0000034c   Section       36  arm_startup_nrf52.o(.text)
    $v0                                      0x0000034c   Number         0  arm_startup_nrf52.o(.text)
    .text                                    0x00000370   Section        0  ctype_o.o(.text)
    .text                                    0x00000378   Section        0  memcpya.o(.text)
    .text                                    0x0000039c   Section        0  memseta.o(.text)
    .text                                    0x000003c0   Section        0  strlen.o(.text)
    .text                                    0x000003d0   Section       36  init.o(.text)
    i.SPIM0_SPIS0_TWIM0_TWIS0_SPI0_TWI0_IRQHandler 0x000003f4   Section        0  nrf_drv_twi.o(i.SPIM0_SPIS0_TWIM0_TWIS0_SPI0_TWI0_IRQHandler)
    i.SystemInit                             0x00000404   Section        0  system_nrf52.o(i.SystemInit)
    i.UARTE0_UART0_IRQHandler                0x00000700   Section        0  nrf_drv_uart.o(i.UARTE0_UART0_IRQHandler)
    i.XYZ_I2C_register_read                  0x0000071c   Section        0  main.o(i.XYZ_I2C_register_read)
    i.__scatterload_copy                     0x00000754   Section       14  handlers.o(i.__scatterload_copy)
    i.__scatterload_null                     0x00000762   Section        2  handlers.o(i.__scatterload_null)
    i.__scatterload_zeroinit                 0x00000764   Section       14  handlers.o(i.__scatterload_zeroinit)
    i.app_error_fault_handler                0x00000774   Section        0  app_error_weak.o(i.app_error_fault_handler)
    i.app_error_handler_bare                 0x000007ec   Section        0  app_error.o(i.app_error_handler_bare)
    i.app_util_critical_region_enter         0x00000802   Section        0  app_util_platform.o(i.app_util_critical_region_enter)
    i.app_util_critical_region_exit          0x00000806   Section        0  app_util_platform.o(i.app_util_critical_region_exit)
    i.app_util_disable_irq                   0x0000080c   Section        0  app_util_platform.o(i.app_util_disable_irq)
    i.app_util_enable_irq                    0x0000081c   Section        0  app_util_platform.o(i.app_util_enable_irq)
    i.apply_config                           0x00000830   Section        0  nrf_drv_uart.o(i.apply_config)
    apply_config                             0x00000831   Thumb Code   180  nrf_drv_uart.o(i.apply_config)
    i.buf_prealloc                           0x000008e8   Section        0  nrf_log_frontend.o(i.buf_prealloc)
    buf_prealloc                             0x000008e9   Thumb Code    92  nrf_log_frontend.o(i.buf_prealloc)
    i.buffer_add                             0x00000948   Section        0  nrf_fprintf_format.o(i.buffer_add)
    buffer_add                               0x00000949   Thumb Code    30  nrf_fprintf_format.o(i.buffer_add)
    i.buffer_is_empty                        0x00000968   Section        0  nrf_log_frontend.o(i.buffer_is_empty)
    i.int_print                              0x0000097c   Section        0  nrf_fprintf_format.o(i.int_print)
    int_print                                0x0000097d   Thumb Code   166  nrf_fprintf_format.o(i.int_print)
    i.interrupts_enable                      0x00000a24   Section        0  nrf_drv_uart.o(i.interrupts_enable)
    interrupts_enable                        0x00000a25   Thumb Code   106  nrf_drv_uart.o(i.interrupts_enable)
    i.irq_handler_twim                       0x00000a9c   Section        0  nrf_drv_twi.o(i.irq_handler_twim)
    irq_handler_twim                         0x00000a9d   Thumb Code   334  nrf_drv_twi.o(i.irq_handler_twim)
    i.log_skip                               0x00000bec   Section        0  nrf_log_frontend.o(i.log_skip)
    log_skip                                 0x00000bed   Thumb Code   138  nrf_log_frontend.o(i.log_skip)
    i.main                                   0x00000c80   Section        0  main.o(i.main)
    i.memobj_op                              0x00000e14   Section        0  nrf_memobj.o(i.memobj_op)
    memobj_op                                0x00000e15   Thumb Code   118  nrf_memobj.o(i.memobj_op)
    i.module_idx_get                         0x00000e8c   Section        0  nrf_log_frontend.o(i.module_idx_get)
    module_idx_get                           0x00000e8d   Thumb Code    48  nrf_log_frontend.o(i.module_idx_get)
    i.nrf_atomic_flag_set                    0x00000ec0   Section        0  nrf_log_frontend.o(i.nrf_atomic_flag_set)
    nrf_atomic_flag_set                      0x00000ec1   Thumb Code    14  nrf_log_frontend.o(i.nrf_atomic_flag_set)
    i.nrf_balloc_alloc                       0x00000ece   Section        0  nrf_balloc.o(i.nrf_balloc_alloc)
    i.nrf_balloc_free                        0x00000f0c   Section        0  nrf_balloc.o(i.nrf_balloc_free)
    i.nrf_balloc_init                        0x00000f36   Section        0  nrf_balloc.o(i.nrf_balloc_init)
    i.nrf_delay_ms                           0x00000f66   Section        0  main.o(i.nrf_delay_ms)
    nrf_delay_ms                             0x00000f67   Thumb Code    10  main.o(i.nrf_delay_ms)
    i.nrf_delay_us                           0x00000f70   Section        0  main.o(i.nrf_delay_us)
    nrf_delay_us                             0x00000f71   Thumb Code   132  main.o(i.nrf_delay_us)
    i.nrf_delay_us                           0x00000ffc   Section        0  nrf_drv_twi.o(i.nrf_delay_us)
    nrf_delay_us                             0x00000ffd   Thumb Code   132  nrf_drv_twi.o(i.nrf_delay_us)
    i.nrf_drv_common_irq_disable             0x00001088   Section        0  nrf_drv_uart.o(i.nrf_drv_common_irq_disable)
    nrf_drv_common_irq_disable               0x00001089   Thumb Code    22  nrf_drv_uart.o(i.nrf_drv_common_irq_disable)
    i.nrf_drv_common_irq_enable              0x0000109e   Section        0  nrf_drv_common.o(i.nrf_drv_common_irq_enable)
    i.nrf_drv_get_IRQn                       0x000010d6   Section        0  nrf_drv_uart.o(i.nrf_drv_get_IRQn)
    nrf_drv_get_IRQn                         0x000010d7   Thumb Code     6  nrf_drv_uart.o(i.nrf_drv_get_IRQn)
    i.nrf_drv_is_in_RAM                      0x000010dc   Section        0  nrf_drv_twi.o(i.nrf_drv_is_in_RAM)
    nrf_drv_is_in_RAM                        0x000010dd   Thumb Code    16  nrf_drv_twi.o(i.nrf_drv_is_in_RAM)
    i.nrf_drv_is_in_RAM                      0x000010ec   Section        0  nrf_drv_uart.o(i.nrf_drv_is_in_RAM)
    nrf_drv_is_in_RAM                        0x000010ed   Thumb Code    16  nrf_drv_uart.o(i.nrf_drv_is_in_RAM)
    i.nrf_drv_twi_enable                     0x000010fc   Section        0  nrf_drv_twi.o(i.nrf_drv_twi_enable)
    i.nrf_drv_twi_init                       0x0000111c   Section        0  nrf_drv_twi.o(i.nrf_drv_twi_init)
    i.nrf_drv_twi_rx                         0x000011a8   Section        0  nrf_drv_twi.o(i.nrf_drv_twi_rx)
    i.nrf_drv_twi_tx                         0x000011cc   Section        0  nrf_drv_twi.o(i.nrf_drv_twi_tx)
    i.nrf_drv_twi_xfer                       0x000011f0   Section        0  nrf_drv_twi.o(i.nrf_drv_twi_xfer)
    i.nrf_drv_uart_init                      0x00001214   Section        0  nrf_drv_uart.o(i.nrf_drv_uart_init)
    i.nrf_drv_uart_tx                        0x0000127c   Section        0  nrf_drv_uart.o(i.nrf_drv_uart_tx)
    i.nrf_drv_uart_tx_in_progress            0x00001388   Section        0  nrf_drv_uart.o(i.nrf_drv_uart_tx_in_progress)
    i.nrf_drv_uart_uninit                    0x000013a0   Section        0  nrf_drv_uart.o(i.nrf_drv_uart_uninit)
    i.nrf_fprintf                            0x000013f4   Section        0  nrf_fprintf.o(i.nrf_fprintf)
    i.nrf_fprintf_buffer_flush               0x0000140e   Section        0  nrf_fprintf.o(i.nrf_fprintf_buffer_flush)
    i.nrf_fprintf_fmt                        0x00001426   Section        0  nrf_fprintf_format.o(i.nrf_fprintf_fmt)
    i.nrf_gpio_cfg                           0x00001600   Section        0  nrf_drv_uart.o(i.nrf_gpio_cfg)
    nrf_gpio_cfg                             0x00001601   Thumb Code    36  nrf_drv_uart.o(i.nrf_gpio_cfg)
    i.nrf_gpio_cfg_default                   0x00001624   Section        0  nrf_drv_uart.o(i.nrf_gpio_cfg_default)
    nrf_gpio_cfg_default                     0x00001625   Thumb Code    18  nrf_drv_uart.o(i.nrf_gpio_cfg_default)
    i.nrf_gpio_cfg_input                     0x00001636   Section        0  nrf_drv_uart.o(i.nrf_gpio_cfg_input)
    nrf_gpio_cfg_input                       0x00001637   Thumb Code    18  nrf_drv_uart.o(i.nrf_gpio_cfg_input)
    i.nrf_gpio_cfg_output                    0x00001648   Section        0  nrf_drv_uart.o(i.nrf_gpio_cfg_output)
    nrf_gpio_cfg_output                      0x00001649   Thumb Code    20  nrf_drv_uart.o(i.nrf_gpio_cfg_output)
    i.nrf_gpio_pin_set                       0x0000165c   Section        0  nrf_drv_twi.o(i.nrf_gpio_pin_set)
    nrf_gpio_pin_set                         0x0000165d   Thumb Code    14  nrf_drv_twi.o(i.nrf_gpio_pin_set)
    i.nrf_log_backend_add                    0x0000166c   Section        0  nrf_log_frontend.o(i.nrf_log_backend_add)
    i.nrf_log_backend_serial_put             0x000016bc   Section        0  nrf_log_backend_serial.o(i.nrf_log_backend_serial_put)
    i.nrf_log_backend_uart_flush             0x0000178e   Section        0  nrf_log_backend_uart.o(i.nrf_log_backend_uart_flush)
    nrf_log_backend_uart_flush               0x0000178f   Thumb Code     2  nrf_log_backend_uart.o(i.nrf_log_backend_uart_flush)
    i.nrf_log_backend_uart_init              0x00001790   Section        0  nrf_log_backend_uart.o(i.nrf_log_backend_uart_init)
    i.nrf_log_backend_uart_panic_set         0x00001798   Section        0  nrf_log_backend_uart.o(i.nrf_log_backend_uart_panic_set)
    nrf_log_backend_uart_panic_set           0x00001799   Thumb Code    18  nrf_log_backend_uart.o(i.nrf_log_backend_uart_panic_set)
    i.nrf_log_backend_uart_put               0x000017b0   Section        0  nrf_log_backend_uart.o(i.nrf_log_backend_uart_put)
    nrf_log_backend_uart_put                 0x000017b1   Thumb Code    16  nrf_log_backend_uart.o(i.nrf_log_backend_uart_put)
    i.nrf_log_color_id_get                   0x000017c8   Section        0  nrf_log_frontend.o(i.nrf_log_color_id_get)
    i.nrf_log_default_backends_init          0x000017f8   Section        0  nrf_log_default_backends.o(i.nrf_log_default_backends_init)
    i.nrf_log_frontend_dequeue               0x00001814   Section        0  nrf_log_frontend.o(i.nrf_log_frontend_dequeue)
    i.nrf_log_frontend_std_0                 0x000019f8   Section        0  nrf_log_frontend.o(i.nrf_log_frontend_std_0)
    i.nrf_log_frontend_std_1                 0x00001a00   Section        0  nrf_log_frontend.o(i.nrf_log_frontend_std_1)
    i.nrf_log_hexdump_entry_process          0x00001a10   Section        0  nrf_log_str_formatter.o(i.nrf_log_hexdump_entry_process)
    i.nrf_log_init                           0x00001abc   Section        0  nrf_log_frontend.o(i.nrf_log_init)
    i.nrf_log_module_cnt_get                 0x00001b18   Section        0  nrf_log_frontend.o(i.nrf_log_module_cnt_get)
    i.nrf_log_module_name_get                0x00001b2c   Section        0  nrf_log_frontend.o(i.nrf_log_module_name_get)
    i.nrf_log_panic                          0x00001b48   Section        0  nrf_log_frontend.o(i.nrf_log_panic)
    i.nrf_log_std_entry_process              0x00001b70   Section        0  nrf_log_str_formatter.o(i.nrf_log_std_entry_process)
    i.nrf_memobj_alloc                       0x00001c26   Section        0  nrf_memobj.o(i.nrf_memobj_alloc)
    i.nrf_memobj_free                        0x00001c86   Section        0  nrf_memobj.o(i.nrf_memobj_free)
    i.nrf_memobj_get                         0x00001cb8   Section        0  nrf_memobj.o(i.nrf_memobj_get)
    i.nrf_memobj_pool_init                   0x00001cc6   Section        0  nrf_memobj.o(i.nrf_memobj_pool_init)
    i.nrf_memobj_put                         0x00001cca   Section        0  nrf_memobj.o(i.nrf_memobj_put)
    i.nrf_memobj_read                        0x00001cec   Section        0  nrf_memobj.o(i.nrf_memobj_read)
    i.nrf_memobj_write                       0x00001cf8   Section        0  nrf_memobj.o(i.nrf_memobj_write)
    i.nrf_twim_event_check                   0x00001d04   Section        0  nrf_drv_twi.o(i.nrf_twim_event_check)
    nrf_twim_event_check                     0x00001d05   Thumb Code    10  nrf_drv_twi.o(i.nrf_twim_event_check)
    i.nrf_twim_event_clear                   0x00001d0e   Section        0  nrf_drv_twi.o(i.nrf_twim_event_clear)
    nrf_twim_event_clear                     0x00001d0f   Thumb Code    12  nrf_drv_twi.o(i.nrf_twim_event_clear)
    i.nrf_uart_event_check                   0x00001d1a   Section        0  nrf_drv_uart.o(i.nrf_uart_event_check)
    nrf_uart_event_check                     0x00001d1b   Thumb Code    10  nrf_drv_uart.o(i.nrf_uart_event_check)
    i.nrf_uart_event_clear                   0x00001d24   Section        0  nrf_drv_uart.o(i.nrf_uart_event_clear)
    nrf_uart_event_clear                     0x00001d25   Thumb Code    12  nrf_drv_uart.o(i.nrf_uart_event_clear)
    i.nrf_uart_int_enable_check              0x00001d30   Section        0  nrf_drv_uart.o(i.nrf_uart_int_enable_check)
    nrf_uart_int_enable_check                0x00001d31   Thumb Code    12  nrf_drv_uart.o(i.nrf_uart_int_enable_check)
    i.nrf_uarte_event_check                  0x00001d3c   Section        0  nrf_drv_uart.o(i.nrf_uarte_event_check)
    nrf_uarte_event_check                    0x00001d3d   Thumb Code    10  nrf_drv_uart.o(i.nrf_uarte_event_check)
    i.nrf_uarte_event_clear                  0x00001d46   Section        0  nrf_drv_uart.o(i.nrf_uarte_event_clear)
    nrf_uarte_event_clear                    0x00001d47   Thumb Code    12  nrf_drv_uart.o(i.nrf_uarte_event_clear)
    i.pins_to_default                        0x00001d54   Section        0  nrf_drv_uart.o(i.pins_to_default)
    pins_to_default                          0x00001d55   Thumb Code   114  nrf_drv_uart.o(i.pins_to_default)
    i.postfix_process                        0x00001dcc   Section        0  nrf_log_str_formatter.o(i.postfix_process)
    postfix_process                          0x00001dcd   Thumb Code    48  nrf_log_str_formatter.o(i.postfix_process)
    i.prefix_process                         0x00001e08   Section        0  nrf_log_str_formatter.o(i.prefix_process)
    prefix_process                           0x00001e09   Thumb Code    72  nrf_log_str_formatter.o(i.prefix_process)
    i.rx_byte                                0x00001e64   Section        0  nrf_drv_uart.o(i.rx_byte)
    rx_byte                                  0x00001e65   Thumb Code    50  nrf_drv_uart.o(i.rx_byte)
    i.rx_done_event                          0x00001e96   Section        0  nrf_drv_uart.o(i.rx_done_event)
    rx_done_event                            0x00001e97   Thumb Code    24  nrf_drv_uart.o(i.rx_done_event)
    i.serial_tx                              0x00001eb0   Section        0  nrf_log_backend_uart.o(i.serial_tx)
    serial_tx                                0x00001eb1   Thumb Code    36  nrf_log_backend_uart.o(i.serial_tx)
    i.std_n                                  0x00001ed8   Section        0  nrf_log_frontend.o(i.std_n)
    std_n                                    0x00001ed9   Thumb Code   140  nrf_log_frontend.o(i.std_n)
    i.twi_clear_bus                          0x00001f68   Section        0  nrf_drv_twi.o(i.twi_clear_bus)
    twi_clear_bus                            0x00001f69   Thumb Code   170  nrf_drv_twi.o(i.twi_clear_bus)
    i.twi_init                               0x00002014   Section        0  main.o(i.twi_init)
    i.twim_xfer                              0x00002064   Section        0  nrf_drv_twi.o(i.twim_xfer)
    twim_xfer                                0x00002065   Thumb Code   562  nrf_drv_twi.o(i.twim_xfer)
    i.tx_byte                                0x0000229c   Section        0  nrf_drv_uart.o(i.tx_byte)
    tx_byte                                  0x0000229d   Thumb Code    32  nrf_drv_uart.o(i.tx_byte)
    i.tx_done_event                          0x000022bc   Section        0  nrf_drv_uart.o(i.tx_done_event)
    tx_done_event                            0x000022bd   Thumb Code    28  nrf_drv_uart.o(i.tx_done_event)
    i.uart_evt_handler                       0x000022d8   Section        0  nrf_log_backend_uart.o(i.uart_evt_handler)
    uart_evt_handler                         0x000022d9   Thumb Code     8  nrf_log_backend_uart.o(i.uart_evt_handler)
    i.uart_init                              0x000022e4   Section        0  nrf_log_backend_uart.o(i.uart_init)
    uart_init                                0x000022e5   Thumb Code    66  nrf_log_backend_uart.o(i.uart_init)
    i.uart_irq_handler                       0x00002334   Section        0  nrf_drv_uart.o(i.uart_irq_handler)
    uart_irq_handler                         0x00002335   Thumb Code   286  nrf_drv_uart.o(i.uart_irq_handler)
    i.uarte_irq_handler                      0x00002452   Section        0  nrf_drv_uart.o(i.uarte_irq_handler)
    uarte_irq_handler                        0x00002453   Thumb Code   240  nrf_drv_uart.o(i.uarte_irq_handler)
    i.unsigned_print                         0x00002544   Section        0  nrf_fprintf_format.o(i.unsigned_print)
    unsigned_print                           0x00002545   Thumb Code   176  nrf_fprintf_format.o(i.unsigned_print)
    .constdata                               0x000025f8   Section       40  main.o(.constdata)
    m_twi                                    0x000025f8   Data           8  main.o(.constdata)
    .constdata                               0x00002620   Section       12  nrf_drv_twi.o(.constdata)
    .constdata                               0x0000262c   Section       16  nrf_fprintf_format.o(.constdata)
    _aV2C                                    0x0000262c   Data          16  nrf_fprintf_format.o(.constdata)
    .constdata                               0x0000263c   Section       12  nrf_log_backend_uart.o(.constdata)
    .constdata                               0x00002648   Section       32  nrf_log_backend_uart.o(.constdata)
    .constdata                               0x00002668   Section       20  nrf_log_frontend.o(.constdata)
    mempool                                  0x00002668   Data          20  nrf_log_frontend.o(.constdata)
    .constdata                               0x0000267c   Section      129  ctype_o.o(.constdata)
    .constdata                               0x00002700   Section        4  ctype_o.o(.constdata)
    table                                    0x00002700   Data           4  ctype_o.o(.constdata)
    .conststring                             0x00002704   Section      102  nrf_log_str_formatter.o(.conststring)
    .conststrlit                             0x0000276c   Section        4  nrf_drv_twi.o(.conststrlit)
    .conststrlit                             0x00002770   Section        5  nrf_drv_uart.o(.conststrlit)
    .conststrlit                             0x00002778   Section        7  nrf_balloc.o(.conststrlit)
    .conststrlit                             0x00002780   Section        4  nrf_log_frontend.o(.conststrlit)
    log_const_data                           0x000027a4   Section        8  nrf_drv_twi.o(log_const_data)
    __tagsym$$used                           0x000027a4   Number         0  nrf_drv_twi.o(log_const_data)
    log_const_data                           0x000027ac   Section        8  nrf_drv_uart.o(log_const_data)
    __tagsym$$used                           0x000027ac   Number         0  nrf_drv_uart.o(log_const_data)
    log_const_data                           0x000027b4   Section        8  nrf_balloc.o(log_const_data)
    __tagsym$$used                           0x000027b4   Number         0  nrf_balloc.o(log_const_data)
    log_const_data                           0x000027bc   Section        8  nrf_log_frontend.o(log_const_data)
    __tagsym$$used                           0x000027bc   Number         0  nrf_log_frontend.o(log_const_data)
    .data                                    0x20000000   Section        4  app_util_platform.o(.data)
    m_in_critical_region                     0x20000000   Data           4  app_util_platform.o(.data)
    .data                                    0x20000004   Section       12  nrf_log_backend_uart.o(.data)
    m_xfer_done                              0x20000004   Data           1  nrf_log_backend_uart.o(.data)
    m_async_mode                             0x20000005   Data           1  nrf_log_backend_uart.o(.data)
    .data                                    0x20000010   Section       12  nrf_log_default_backends.o(.data)
    uart_log_backend                         0x20000010   Data          12  nrf_log_default_backends.o(.data)
    .data                                    0x2000001c   Section        8  nrf_log_frontend.o(.data)
    mempool_nrf_balloc_pool_stack            0x2000001c   Data           8  nrf_log_frontend.o(.data)
    .data                                    0x20000024   Section        8  nrf_log_frontend.o(.data)
    mempool_nrf_balloc_cb                    0x20000024   Data           8  nrf_log_frontend.o(.data)
    .data                                    0x2000002c   Section       56  nrf_log_str_formatter.o(.data)
    severity_names                           0x2000002c   Data          20  nrf_log_str_formatter.o(.data)
    m_colors                                 0x20000040   Data          36  nrf_log_str_formatter.o(.data)
    .data                                    0x20000064   Section        4  system_nrf52.o(.data)
    __tagsym$$used                           0x20000064   Number         0  system_nrf52.o(.data)
    log_dynamic_data                         0x20000068   Section       12  nrf_drv_twi.o(log_dynamic_data)
    __tagsym$$used                           0x20000068   Number         0  nrf_drv_twi.o(log_dynamic_data)
    log_dynamic_data                         0x20000074   Section       12  nrf_drv_uart.o(log_dynamic_data)
    __tagsym$$used                           0x20000074   Number         0  nrf_drv_uart.o(log_dynamic_data)
    log_dynamic_data                         0x20000080   Section       12  nrf_balloc.o(log_dynamic_data)
    __tagsym$$used                           0x20000080   Number         0  nrf_balloc.o(log_dynamic_data)
    log_dynamic_data                         0x2000008c   Section       12  nrf_log_frontend.o(log_dynamic_data)
    __tagsym$$used                           0x2000008c   Number         0  nrf_log_frontend.o(log_dynamic_data)
    .bss                                     0x20000098   Section       40  nrf_drv_twi.o(.bss)
    m_cb                                     0x20000098   Data          40  nrf_drv_twi.o(.bss)
    .bss                                     0x200000c0   Section       32  nrf_drv_uart.o(.bss)
    m_cb                                     0x200000c0   Data          32  nrf_drv_uart.o(.bss)
    .bss                                     0x200000e0   Section       64  nrf_log_backend_uart.o(.bss)
    m_string_buff                            0x200000e0   Data          64  nrf_log_backend_uart.o(.bss)
    .bss                                     0x20000120   Section      192  nrf_log_frontend.o(.bss)
    mempool_nrf_balloc_pool_mem              0x20000120   Data         192  nrf_log_frontend.o(.bss)
    .bss                                     0x200001e0   Section     1056  nrf_log_frontend.o(.bss)
    m_log_data                               0x200001e0   Data        1056  nrf_log_frontend.o(.bss)
    STACK                                    0x20000600   Section     8192  arm_startup_nrf52.o(STACK)

    Global Symbols

    Symbol Name                              Value     Ov Type        Size  Object(Section)

    BuildAttributes$$THM_ISAv4$E$P$D$K$B$S$7EM$VFPi3$EXTD16$VFPS$VFMA$PE$A:L22UL41UL21$X:L11$S22US41US21$IEEE1$IW$USESV6$~STKCKD$USESV7$~SHL$OSPACE$EBA8$MICROLIB$REQ8$PRES8$EABIv2 0x00000000   Number         0  anon$$obj.o ABSOLUTE
    __ARM_use_no_argv                        0x00000000   Number         0  main.o ABSOLUTE
    __Vectors                                0x00000000   Data           4  arm_startup_nrf52.o(RESET)
    __use_no_errno                           0x00000000   Number         0  useno.o ABSOLUTE
    __use_no_exception_handling              0x00000000   Number         0  useno.o ABSOLUTE
    __use_no_fp                              0x00000000   Number         0  useno.o ABSOLUTE
    __use_no_heap                            0x00000000   Number         0  useno.o ABSOLUTE
    __use_no_heap_region                     0x00000000   Number         0  useno.o ABSOLUTE
    __use_no_semihosting                     0x00000000   Number         0  useno.o ABSOLUTE
    __use_no_semihosting_swi                 0x00000000   Number         0  useno.o ABSOLUTE
    __use_no_signal_handling                 0x00000000   Number         0  useno.o ABSOLUTE
    __cpp_initialize__aeabi_                  - Undefined Weak Reference
    __cxa_finalize                            - Undefined Weak Reference
    __decompress                              - Undefined Weak Reference
    _clock_init                               - Undefined Weak Reference
    _microlib_exit                            - Undefined Weak Reference
    __Vectors_End                            0x00000200   Data           0  arm_startup_nrf52.o(RESET)
    __Vectors_Size                           0x00000200   Number         0  arm_startup_nrf52.o ABSOLUTE
    __main                                   0x00000201   Thumb Code     0  entry.o(.ARM.Collect$$$$00000000)
    _main_stk                                0x00000201   Thumb Code     0  entry2.o(.ARM.Collect$$$$00000001)
    _main_scatterload                        0x00000205   Thumb Code     0  entry5.o(.ARM.Collect$$$$00000004)
    __main_after_scatterload                 0x00000209   Thumb Code     0  entry5.o(.ARM.Collect$$$$00000004)
    _main_clock                              0x00000209   Thumb Code     0  entry7b.o(.ARM.Collect$$$$00000008)
    _main_cpp_init                           0x00000209   Thumb Code     0  entry8b.o(.ARM.Collect$$$$0000000A)
    _main_init                               0x00000209   Thumb Code     0  entry9a.o(.ARM.Collect$$$$0000000B)
    __rt_final_cpp                           0x00000211   Thumb Code     0  entry10a.o(.ARM.Collect$$$$0000000D)
    __rt_final_exit                          0x00000211   Thumb Code     0  entry11a.o(.ARM.Collect$$$$0000000F)
    __asm___12_nrf_memobj_c_9bb9f865__nrf_atomic_internal_mov 0x00000215   Thumb Code    24  nrf_memobj.o(.emb_text)
    __asm___12_nrf_memobj_c_9bb9f865__nrf_atomic_internal_orr 0x0000022d   Thumb Code    26  nrf_memobj.o(.emb_text)
    __asm___12_nrf_memobj_c_9bb9f865__nrf_atomic_internal_and 0x00000247   Thumb Code    26  nrf_memobj.o(.emb_text)
    __asm___12_nrf_memobj_c_9bb9f865__nrf_atomic_internal_eor 0x00000261   Thumb Code    26  nrf_memobj.o(.emb_text)
    __asm___12_nrf_memobj_c_9bb9f865__nrf_atomic_internal_add 0x0000027b   Thumb Code    26  nrf_memobj.o(.emb_text)
    __asm___12_nrf_memobj_c_9bb9f865__nrf_atomic_internal_sub 0x00000295   Thumb Code    26  nrf_memobj.o(.emb_text)
    __asm___18_nrf_log_frontend_c_bc460776__nrf_atomic_internal_mov 0x000002b1   Thumb Code    24  nrf_log_frontend.o(.emb_text)
    __asm___18_nrf_log_frontend_c_bc460776__nrf_atomic_internal_orr 0x000002c9   Thumb Code    26  nrf_log_frontend.o(.emb_text)
    __asm___18_nrf_log_frontend_c_bc460776__nrf_atomic_internal_and 0x000002e3   Thumb Code    26  nrf_log_frontend.o(.emb_text)
    __asm___18_nrf_log_frontend_c_bc460776__nrf_atomic_internal_eor 0x000002fd   Thumb Code    26  nrf_log_frontend.o(.emb_text)
    __asm___18_nrf_log_frontend_c_bc460776__nrf_atomic_internal_add 0x00000317   Thumb Code    26  nrf_log_frontend.o(.emb_text)
    __asm___18_nrf_log_frontend_c_bc460776__nrf_atomic_internal_sub 0x00000331   Thumb Code    26  nrf_log_frontend.o(.emb_text)
    Reset_Handler                            0x0000034d   Thumb Code     8  arm_startup_nrf52.o(.text)
    NMI_Handler                              0x00000355   Thumb Code     2  arm_startup_nrf52.o(.text)
    HardFault_Handler                        0x00000357   Thumb Code     2  arm_startup_nrf52.o(.text)
    MemoryManagement_Handler                 0x00000359   Thumb Code     2  arm_startup_nrf52.o(.text)
    BusFault_Handler                         0x0000035b   Thumb Code     2  arm_startup_nrf52.o(.text)
    UsageFault_Handler                       0x0000035d   Thumb Code     2  arm_startup_nrf52.o(.text)
    SVC_Handler                              0x0000035f   Thumb Code     2  arm_startup_nrf52.o(.text)
    DebugMon_Handler                         0x00000361   Thumb Code     2  arm_startup_nrf52.o(.text)
    PendSV_Handler                           0x00000363   Thumb Code     2  arm_startup_nrf52.o(.text)
    SysTick_Handler                          0x00000365   Thumb Code     2  arm_startup_nrf52.o(.text)
    CCM_AAR_IRQHandler                       0x00000367   Thumb Code     0  arm_startup_nrf52.o(.text)
    COMP_LPCOMP_IRQHandler                   0x00000367   Thumb Code     0  arm_startup_nrf52.o(.text)
    ECB_IRQHandler                           0x00000367   Thumb Code     0  arm_startup_nrf52.o(.text)
    FPU_IRQHandler                           0x00000367   Thumb Code     0  arm_startup_nrf52.o(.text)
    GPIOTE_IRQHandler                        0x00000367   Thumb Code     0  arm_startup_nrf52.o(.text)
    I2S_IRQHandler                           0x00000367   Thumb Code     0  arm_startup_nrf52.o(.text)
    MWU_IRQHandler                           0x00000367   Thumb Code     0  arm_startup_nrf52.o(.text)
    NFCT_IRQHandler                          0x00000367   Thumb Code     0  arm_startup_nrf52.o(.text)
    PDM_IRQHandler                           0x00000367   Thumb Code     0  arm_startup_nrf52.o(.text)
    POWER_CLOCK_IRQHandler                   0x00000367   Thumb Code     0  arm_startup_nrf52.o(.text)
    PWM0_IRQHandler                          0x00000367   Thumb Code     0  arm_startup_nrf52.o(.text)
    PWM1_IRQHandler                          0x00000367   Thumb Code     0  arm_startup_nrf52.o(.text)
    PWM2_IRQHandler                          0x00000367   Thumb Code     0  arm_startup_nrf52.o(.text)
    QDEC_IRQHandler                          0x00000367   Thumb Code     0  arm_startup_nrf52.o(.text)
    RADIO_IRQHandler                         0x00000367   Thumb Code     0  arm_startup_nrf52.o(.text)
    RNG_IRQHandler                           0x00000367   Thumb Code     0  arm_startup_nrf52.o(.text)
    RTC0_IRQHandler                          0x00000367   Thumb Code     0  arm_startup_nrf52.o(.text)
    RTC1_IRQHandler                          0x00000367   Thumb Code     0  arm_startup_nrf52.o(.text)
    RTC2_IRQHandler                          0x00000367   Thumb Code     0  arm_startup_nrf52.o(.text)
    SAADC_IRQHandler                         0x00000367   Thumb Code     0  arm_startup_nrf52.o(.text)
    SPIM1_SPIS1_TWIM1_TWIS1_SPI1_TWI1_IRQHandler 0x00000367   Thumb Code     0  arm_startup_nrf52.o(.text)
    SPIM2_SPIS2_SPI2_IRQHandler              0x00000367   Thumb Code     0  arm_startup_nrf52.o(.text)
    SWI0_EGU0_IRQHandler                     0x00000367   Thumb Code     0  arm_startup_nrf52.o(.text)
    SWI1_EGU1_IRQHandler                     0x00000367   Thumb Code     0  arm_startup_nrf52.o(.text)
    SWI2_EGU2_IRQHandler                     0x00000367   Thumb Code     0  arm_startup_nrf52.o(.text)
    SWI3_EGU3_IRQHandler                     0x00000367   Thumb Code     0  arm_startup_nrf52.o(.text)
    SWI4_EGU4_IRQHandler                     0x00000367   Thumb Code     0  arm_startup_nrf52.o(.text)
    SWI5_EGU5_IRQHandler                     0x00000367   Thumb Code     0  arm_startup_nrf52.o(.text)
    TEMP_IRQHandler                          0x00000367   Thumb Code     0  arm_startup_nrf52.o(.text)
    TIMER0_IRQHandler                        0x00000367   Thumb Code     0  arm_startup_nrf52.o(.text)
    TIMER1_IRQHandler                        0x00000367   Thumb Code     0  arm_startup_nrf52.o(.text)
    TIMER2_IRQHandler                        0x00000367   Thumb Code     0  arm_startup_nrf52.o(.text)
    TIMER3_IRQHandler                        0x00000367   Thumb Code     0  arm_startup_nrf52.o(.text)
    TIMER4_IRQHandler                        0x00000367   Thumb Code     0  arm_startup_nrf52.o(.text)
    WDT_IRQHandler                           0x00000367   Thumb Code     0  arm_startup_nrf52.o(.text)
    __rt_ctype_table                         0x00000371   Thumb Code     4  ctype_o.o(.text)
    __aeabi_memcpy                           0x00000379   Thumb Code    36  memcpya.o(.text)
    __aeabi_memcpy4                          0x00000379   Thumb Code     0  memcpya.o(.text)
    __aeabi_memcpy8                          0x00000379   Thumb Code     0  memcpya.o(.text)
    __aeabi_memset                           0x0000039d   Thumb Code    14  memseta.o(.text)
    __aeabi_memset4                          0x0000039d   Thumb Code     0  memseta.o(.text)
    __aeabi_memset8                          0x0000039d   Thumb Code     0  memseta.o(.text)
    __aeabi_memclr                           0x000003ab   Thumb Code     4  memseta.o(.text)
    __aeabi_memclr4                          0x000003ab   Thumb Code     0  memseta.o(.text)
    __aeabi_memclr8                          0x000003ab   Thumb Code     0  memseta.o(.text)
    _memset$wrapper                          0x000003af   Thumb Code    18  memseta.o(.text)
    strlen                                   0x000003c1   Thumb Code    14  strlen.o(.text)
    __scatterload                            0x000003d1   Thumb Code    28  init.o(.text)
    __scatterload_rt2                        0x000003d1   Thumb Code     0  init.o(.text)
    SPIM0_SPIS0_TWIM0_TWIS0_SPI0_TWI0_IRQHandler 0x000003f5   Thumb Code     8  nrf_drv_twi.o(i.SPIM0_SPIS0_TWIM0_TWIS0_SPI0_TWI0_IRQHandler)
    SystemInit                               0x00000405   Thumb Code   700  system_nrf52.o(i.SystemInit)
    UARTE0_UART0_IRQHandler                  0x00000701   Thumb Code    20  nrf_drv_uart.o(i.UARTE0_UART0_IRQHandler)
    XYZ_I2C_register_read                    0x0000071d   Thumb Code    52  main.o(i.XYZ_I2C_register_read)
    __scatterload_copy                       0x00000755   Thumb Code    14  handlers.o(i.__scatterload_copy)
    __scatterload_null                       0x00000763   Thumb Code     2  handlers.o(i.__scatterload_null)
    __scatterload_zeroinit                   0x00000765   Thumb Code    14  handlers.o(i.__scatterload_zeroinit)
    app_error_fault_handler                  0x00000775   Thumb Code    80  app_error_weak.o(i.app_error_fault_handler)
    app_error_handler_bare                   0x000007ed   Thumb Code    22  app_error.o(i.app_error_handler_bare)
    app_util_critical_region_enter           0x00000803   Thumb Code     4  app_util_platform.o(i.app_util_critical_region_enter)
    app_util_critical_region_exit            0x00000807   Thumb Code     4  app_util_platform.o(i.app_util_critical_region_exit)
    app_util_disable_irq                     0x0000080d   Thumb Code    12  app_util_platform.o(i.app_util_disable_irq)
    app_util_enable_irq                      0x0000081d   Thumb Code    14  app_util_platform.o(i.app_util_enable_irq)
    buffer_is_empty                          0x00000969   Thumb Code    16  nrf_log_frontend.o(i.buffer_is_empty)
    main                                     0x00000c81   Thumb Code   220  main.o(i.main)
    nrf_balloc_alloc                         0x00000ecf   Thumb Code    62  nrf_balloc.o(i.nrf_balloc_alloc)
    nrf_balloc_free                          0x00000f0d   Thumb Code    42  nrf_balloc.o(i.nrf_balloc_free)
    nrf_balloc_init                          0x00000f37   Thumb Code    48  nrf_balloc.o(i.nrf_balloc_init)
    nrf_drv_common_irq_enable                0x0000109f   Thumb Code    56  nrf_drv_common.o(i.nrf_drv_common_irq_enable)
    nrf_drv_twi_enable                       0x000010fd   Thumb Code    28  nrf_drv_twi.o(i.nrf_drv_twi_enable)
    nrf_drv_twi_init                         0x0000111d   Thumb Code   134  nrf_drv_twi.o(i.nrf_drv_twi_init)
    nrf_drv_twi_rx                           0x000011a9   Thumb Code    32  nrf_drv_twi.o(i.nrf_drv_twi_rx)
    nrf_drv_twi_tx                           0x000011cd   Thumb Code    36  nrf_drv_twi.o(i.nrf_drv_twi_tx)
    nrf_drv_twi_xfer                         0x000011f1   Thumb Code    30  nrf_drv_twi.o(i.nrf_drv_twi_xfer)
    nrf_drv_uart_init                        0x00001215   Thumb Code    98  nrf_drv_uart.o(i.nrf_drv_uart_init)
    nrf_drv_uart_tx                          0x0000127d   Thumb Code   262  nrf_drv_uart.o(i.nrf_drv_uart_tx)
    nrf_drv_uart_tx_in_progress              0x00001389   Thumb Code    18  nrf_drv_uart.o(i.nrf_drv_uart_tx_in_progress)
    nrf_drv_uart_uninit                      0x000013a1   Thumb Code    74  nrf_drv_uart.o(i.nrf_drv_uart_uninit)
    nrf_fprintf                              0x000013f5   Thumb Code    26  nrf_fprintf.o(i.nrf_fprintf)
    nrf_fprintf_buffer_flush                 0x0000140f   Thumb Code    24  nrf_fprintf.o(i.nrf_fprintf_buffer_flush)
    nrf_fprintf_fmt                          0x00001427   Thumb Code   474  nrf_fprintf_format.o(i.nrf_fprintf_fmt)
    nrf_log_backend_add                      0x0000166d   Thumb Code    74  nrf_log_frontend.o(i.nrf_log_backend_add)
    nrf_log_backend_serial_put               0x000016bd   Thumb Code   210  nrf_log_backend_serial.o(i.nrf_log_backend_serial_put)
    nrf_log_backend_uart_init                0x00001791   Thumb Code     6  nrf_log_backend_uart.o(i.nrf_log_backend_uart_init)
    nrf_log_color_id_get                     0x000017c9   Thumb Code    42  nrf_log_frontend.o(i.nrf_log_color_id_get)
    nrf_log_default_backends_init            0x000017f9   Thumb Code    22  nrf_log_default_backends.o(i.nrf_log_default_backends_init)
    nrf_log_frontend_dequeue                 0x00001815   Thumb Code   476  nrf_log_frontend.o(i.nrf_log_frontend_dequeue)
    nrf_log_frontend_std_0                   0x000019f9   Thumb Code     8  nrf_log_frontend.o(i.nrf_log_frontend_std_0)
    nrf_log_frontend_std_1                   0x00001a01   Thumb Code    14  nrf_log_frontend.o(i.nrf_log_frontend_std_1)
    nrf_log_hexdump_entry_process            0x00001a11   Thumb Code   146  nrf_log_str_formatter.o(i.nrf_log_hexdump_entry_process)
    nrf_log_init                             0x00001abd   Thumb Code    70  nrf_log_frontend.o(i.nrf_log_init)
    nrf_log_module_cnt_get                   0x00001b19   Thumb Code    10  nrf_log_frontend.o(i.nrf_log_module_cnt_get)
    nrf_log_module_name_get                  0x00001b2d   Thumb Code    24  nrf_log_frontend.o(i.nrf_log_module_name_get)
    nrf_log_panic                            0x00001b49   Thumb Code    34  nrf_log_frontend.o(i.nrf_log_panic)
    nrf_log_std_entry_process                0x00001b71   Thumb Code   182  nrf_log_str_formatter.o(i.nrf_log_std_entry_process)
    nrf_memobj_alloc                         0x00001c27   Thumb Code    96  nrf_memobj.o(i.nrf_memobj_alloc)
    nrf_memobj_free                          0x00001c87   Thumb Code    50  nrf_memobj.o(i.nrf_memobj_free)
    nrf_memobj_get                           0x00001cb9   Thumb Code    14  nrf_memobj.o(i.nrf_memobj_get)
    nrf_memobj_pool_init                     0x00001cc7   Thumb Code     4  nrf_memobj.o(i.nrf_memobj_pool_init)
    nrf_memobj_put                           0x00001ccb   Thumb Code    34  nrf_memobj.o(i.nrf_memobj_put)
    nrf_memobj_read                          0x00001ced   Thumb Code    12  nrf_memobj.o(i.nrf_memobj_read)
    nrf_memobj_write                         0x00001cf9   Thumb Code    12  nrf_memobj.o(i.nrf_memobj_write)
    twi_init                                 0x00002015   Thumb Code    56  main.o(i.twi_init)
    nrf_log_backend_uart_api                 0x0000263c   Data          12  nrf_log_backend_uart.o(.constdata)
    __ctype_table                            0x0000267c   Data         129  ctype_o.o(.constdata)
    Region$$Table$$Base                      0x00002784   Number         0  anon$$obj.o(Region$$Table)
    Region$$Table$$Limit                     0x000027a4   Number         0  anon$$obj.o(Region$$Table)
    log_const_data$$Base                     0x000027a4   Number         0  nrf_drv_twi.o(log_const_data)
    m_nrf_log_twi_logs_data_const            0x000027a4   Data           8  nrf_drv_twi.o(log_const_data)
    m_nrf_log_uart_logs_data_const           0x000027ac   Data           8  nrf_drv_uart.o(log_const_data)
    m_nrf_log_balloc_logs_data_const         0x000027b4   Data           8  nrf_balloc.o(log_const_data)
    m_nrf_log_app_logs_data_const            0x000027bc   Data           8  nrf_log_frontend.o(log_const_data)
    log_const_data$$Limit                    0x000027c4   Number         0  nrf_log_frontend.o(log_const_data)
    m_uart                                   0x20000008   Data           8  nrf_log_backend_uart.o(.data)
    SystemCoreClock                          0x20000064   Data           4  system_nrf52.o(.data)
    log_dynamic_data$$Base                   0x20000068   Number         0  nrf_drv_twi.o(log_dynamic_data)
    m_nrf_log_twi_logs_data_dynamic          0x20000068   Data          12  nrf_drv_twi.o(log_dynamic_data)
    m_nrf_log_uart_logs_data_dynamic         0x20000074   Data          12  nrf_drv_uart.o(log_dynamic_data)
    m_nrf_log_balloc_logs_data_dynamic       0x20000080   Data          12  nrf_balloc.o(log_dynamic_data)
    m_nrf_log_app_logs_data_dynamic          0x2000008c   Data          12  nrf_log_frontend.o(log_dynamic_data)
    __initial_sp                             0x20002600   Data           0  arm_startup_nrf52.o(STACK)



==============================================================================

Memory Map of the image

  Image Entry point : 0x00000201

  Load Region LR_IROM1 (Base: 0x00000000, Size: 0x0000285c, Max: 0x00080000, ABSOLUTE)

    Execution Region ER_IROM1 (Base: 0x00000000, Size: 0x000027c4, Max: 0x00080000, ABSOLUTE)

    Base Addr    Size         Type   Attr      Idx    E Section Name        Object

    0x00000000   0x00000200   Data   RO         1941    RESET               arm_startup_nrf52.o
    0x00000200   0x00000000   Code   RO         1982  * .ARM.Collect$$$$00000000  mc_w.l(entry.o)
    0x00000200   0x00000004   Code   RO         2058    .ARM.Collect$$$$00000001  mc_w.l(entry2.o)
    0x00000204   0x00000004   Code   RO         2061    .ARM.Collect$$$$00000004  mc_w.l(entry5.o)
    0x00000208   0x00000000   Code   RO         2063    .ARM.Collect$$$$00000008  mc_w.l(entry7b.o)
    0x00000208   0x00000000   Code   RO         2065    .ARM.Collect$$$$0000000A  mc_w.l(entry8b.o)
    0x00000208   0x00000008   Code   RO         2066    .ARM.Collect$$$$0000000B  mc_w.l(entry9a.o)
    0x00000210   0x00000000   Code   RO         2068    .ARM.Collect$$$$0000000D  mc_w.l(entry10a.o)
    0x00000210   0x00000000   Code   RO         2070    .ARM.Collect$$$$0000000F  mc_w.l(entry11a.o)
    0x00000210   0x00000004   Code   RO         2059    .ARM.Collect$$$$00002712  mc_w.l(entry2.o)
    0x00000214   0x0000009a   Code   RO         1065    .emb_text           nrf_memobj.o
    0x000002ae   0x00000002   PAD
    0x000002b0   0x0000009a   Code   RO         1349    .emb_text           nrf_log_frontend.o
    0x0000034a   0x00000002   PAD
    0x0000034c   0x00000024   Code   RO         1942    .text               arm_startup_nrf52.o
    0x00000370   0x00000008   Code   RO         1990    .text               mc_w.l(ctype_o.o)
    0x00000378   0x00000024   Code   RO         2018    .text               mc_w.l(memcpya.o)
    0x0000039c   0x00000024   Code   RO         2020    .text               mc_w.l(memseta.o)
    0x000003c0   0x0000000e   Code   RO         2022    .text               mc_w.l(strlen.o)
    0x000003ce   0x00000002   PAD
    0x000003d0   0x00000024   Code   RO         2076    .text               mc_w.l(init.o)
    0x000003f4   0x00000010   Code   RO          370    i.SPIM0_SPIS0_TWIM0_TWIS0_SPI0_TWI0_IRQHandler  nrf_drv_twi.o
    0x00000404   0x000002fc   Code   RO         1950    i.SystemInit        system_nrf52.o
    0x00000700   0x0000001c   Code   RO          550    i.UARTE0_UART0_IRQHandler  nrf_drv_uart.o
    0x0000071c   0x00000038   Code   RO            4    i.XYZ_I2C_register_read  main.o
    0x00000754   0x0000000e   Code   RO         2080    i.__scatterload_copy  mc_w.l(handlers.o)
    0x00000762   0x00000002   Code   RO         2081    i.__scatterload_null  mc_w.l(handlers.o)
    0x00000764   0x0000000e   Code   RO         2082    i.__scatterload_zeroinit  mc_w.l(handlers.o)
    0x00000772   0x00000002   PAD
    0x00000774   0x00000078   Code   RO          818    i.app_error_fault_handler  app_error_weak.o
    0x000007ec   0x00000016   Code   RO          779    i.app_error_handler_bare  app_error.o
    0x00000802   0x00000004   Code   RO          852    i.app_util_critical_region_enter  app_util_platform.o
    0x00000806   0x00000004   Code   RO          853    i.app_util_critical_region_exit  app_util_platform.o
    0x0000080a   0x00000002   PAD
    0x0000080c   0x00000010   Code   RO          854    i.app_util_disable_irq  app_util_platform.o
    0x0000081c   0x00000014   Code   RO          855    i.app_util_enable_irq  app_util_platform.o
    0x00000830   0x000000b8   Code   RO          551    i.apply_config      nrf_drv_uart.o
    0x000008e8   0x00000060   Code   RO         1350    i.buf_prealloc      nrf_log_frontend.o
    0x00000948   0x0000001e   Code   RO         1025    i.buffer_add        nrf_fprintf_format.o
    0x00000966   0x00000002   PAD
    0x00000968   0x00000014   Code   RO         1351    i.buffer_is_empty   nrf_log_frontend.o
    0x0000097c   0x000000a6   Code   RO         1026    i.int_print         nrf_fprintf_format.o
    0x00000a22   0x00000002   PAD
    0x00000a24   0x00000078   Code   RO          552    i.interrupts_enable  nrf_drv_uart.o
    0x00000a9c   0x0000014e   Code   RO          371    i.irq_handler_twim  nrf_drv_twi.o
    0x00000bea   0x00000002   PAD
    0x00000bec   0x00000094   Code   RO         1353    i.log_skip          nrf_log_frontend.o
    0x00000c80   0x00000194   Code   RO            6    i.main              main.o
    0x00000e14   0x00000076   Code   RO         1066    i.memobj_op         nrf_memobj.o
    0x00000e8a   0x00000002   PAD
    0x00000e8c   0x00000034   Code   RO         1354    i.module_idx_get    nrf_log_frontend.o
    0x00000ec0   0x0000000e   Code   RO         1355    i.nrf_atomic_flag_set  nrf_log_frontend.o
    0x00000ece   0x0000003e   Code   RO          941    i.nrf_balloc_alloc  nrf_balloc.o
    0x00000f0c   0x0000002a   Code   RO          942    i.nrf_balloc_free   nrf_balloc.o
    0x00000f36   0x00000030   Code   RO          943    i.nrf_balloc_init   nrf_balloc.o
    0x00000f66   0x0000000a   Code   RO            7    i.nrf_delay_ms      main.o
    0x00000f70   0x0000008c   Code   RO            8    i.nrf_delay_us      main.o
    0x00000ffc   0x0000008c   Code   RO          372    i.nrf_delay_us      nrf_drv_twi.o
    0x00001088   0x00000016   Code   RO          553    i.nrf_drv_common_irq_disable  nrf_drv_uart.o
    0x0000109e   0x00000038   Code   RO          329    i.nrf_drv_common_irq_enable  nrf_drv_common.o
    0x000010d6   0x00000006   Code   RO          554    i.nrf_drv_get_IRQn  nrf_drv_uart.o
    0x000010dc   0x00000010   Code   RO          373    i.nrf_drv_is_in_RAM  nrf_drv_twi.o
    0x000010ec   0x00000010   Code   RO          555    i.nrf_drv_is_in_RAM  nrf_drv_uart.o
    0x000010fc   0x00000020   Code   RO          376    i.nrf_drv_twi_enable  nrf_drv_twi.o
    0x0000111c   0x0000008c   Code   RO          377    i.nrf_drv_twi_init  nrf_drv_twi.o
    0x000011a8   0x00000024   Code   RO          379    i.nrf_drv_twi_rx    nrf_drv_twi.o
    0x000011cc   0x00000024   Code   RO          382    i.nrf_drv_twi_tx    nrf_drv_twi.o
    0x000011f0   0x00000024   Code   RO          384    i.nrf_drv_twi_xfer  nrf_drv_twi.o
    0x00001214   0x00000068   Code   RO          557    i.nrf_drv_uart_init  nrf_drv_uart.o
    0x0000127c   0x0000010c   Code   RO          565    i.nrf_drv_uart_tx   nrf_drv_uart.o
    0x00001388   0x00000018   Code   RO          567    i.nrf_drv_uart_tx_in_progress  nrf_drv_uart.o
    0x000013a0   0x00000054   Code   RO          568    i.nrf_drv_uart_uninit  nrf_drv_uart.o
    0x000013f4   0x0000001a   Code   RO          982    i.nrf_fprintf       nrf_fprintf.o
    0x0000140e   0x00000018   Code   RO          983    i.nrf_fprintf_buffer_flush  nrf_fprintf.o
    0x00001426   0x000001da   Code   RO         1027    i.nrf_fprintf_fmt   nrf_fprintf_format.o
    0x00001600   0x00000024   Code   RO          569    i.nrf_gpio_cfg      nrf_drv_uart.o
    0x00001624   0x00000012   Code   RO          570    i.nrf_gpio_cfg_default  nrf_drv_uart.o
    0x00001636   0x00000012   Code   RO          571    i.nrf_gpio_cfg_input  nrf_drv_uart.o
    0x00001648   0x00000014   Code   RO          572    i.nrf_gpio_cfg_output  nrf_drv_uart.o
    0x0000165c   0x0000000e   Code   RO          385    i.nrf_gpio_pin_set  nrf_drv_twi.o
    0x0000166a   0x00000002   PAD
    0x0000166c   0x00000050   Code   RO         1356    i.nrf_log_backend_add  nrf_log_frontend.o
    0x000016bc   0x000000d2   Code   RO         1204    i.nrf_log_backend_serial_put  nrf_log_backend_serial.o
    0x0000178e   0x00000002   Code   RO         1244    i.nrf_log_backend_uart_flush  nrf_log_backend_uart.o
    0x00001790   0x00000006   Code   RO         1245    i.nrf_log_backend_uart_init  nrf_log_backend_uart.o
    0x00001796   0x00000002   PAD
    0x00001798   0x00000018   Code   RO         1246    i.nrf_log_backend_uart_panic_set  nrf_log_backend_uart.o
    0x000017b0   0x00000018   Code   RO         1247    i.nrf_log_backend_uart_put  nrf_log_backend_uart.o
    0x000017c8   0x00000030   Code   RO         1358    i.nrf_log_color_id_get  nrf_log_frontend.o
    0x000017f8   0x0000001c   Code   RO         1316    i.nrf_log_default_backends_init  nrf_log_default_backends.o
    0x00001814   0x000001e4   Code   RO         1359    i.nrf_log_frontend_dequeue  nrf_log_frontend.o
    0x000019f8   0x00000008   Code   RO         1361    i.nrf_log_frontend_std_0  nrf_log_frontend.o
    0x00001a00   0x0000000e   Code   RO         1362    i.nrf_log_frontend_std_1  nrf_log_frontend.o
    0x00001a0e   0x00000002   PAD
    0x00001a10   0x000000ac   Code   RO         1541    i.nrf_log_hexdump_entry_process  nrf_log_str_formatter.o
    0x00001abc   0x0000005c   Code   RO         1368    i.nrf_log_init      nrf_log_frontend.o
    0x00001b18   0x00000014   Code   RO         1369    i.nrf_log_module_cnt_get  nrf_log_frontend.o
    0x00001b2c   0x0000001c   Code   RO         1372    i.nrf_log_module_name_get  nrf_log_frontend.o
    0x00001b48   0x00000028   Code   RO         1373    i.nrf_log_panic     nrf_log_frontend.o
    0x00001b70   0x000000b6   Code   RO         1542    i.nrf_log_std_entry_process  nrf_log_str_formatter.o
    0x00001c26   0x00000060   Code   RO         1067    i.nrf_memobj_alloc  nrf_memobj.o
    0x00001c86   0x00000032   Code   RO         1068    i.nrf_memobj_free   nrf_memobj.o
    0x00001cb8   0x0000000e   Code   RO         1069    i.nrf_memobj_get    nrf_memobj.o
    0x00001cc6   0x00000004   Code   RO         1070    i.nrf_memobj_pool_init  nrf_memobj.o
    0x00001cca   0x00000022   Code   RO         1071    i.nrf_memobj_put    nrf_memobj.o
    0x00001cec   0x0000000c   Code   RO         1072    i.nrf_memobj_read   nrf_memobj.o
    0x00001cf8   0x0000000c   Code   RO         1073    i.nrf_memobj_write  nrf_memobj.o
    0x00001d04   0x0000000a   Code   RO          386    i.nrf_twim_event_check  nrf_drv_twi.o
    0x00001d0e   0x0000000c   Code   RO          387    i.nrf_twim_event_clear  nrf_drv_twi.o
    0x00001d1a   0x0000000a   Code   RO          573    i.nrf_uart_event_check  nrf_drv_uart.o
    0x00001d24   0x0000000c   Code   RO          574    i.nrf_uart_event_clear  nrf_drv_uart.o
    0x00001d30   0x0000000c   Code   RO          575    i.nrf_uart_int_enable_check  nrf_drv_uart.o
    0x00001d3c   0x0000000a   Code   RO          576    i.nrf_uarte_event_check  nrf_drv_uart.o
    0x00001d46   0x0000000c   Code   RO          577    i.nrf_uarte_event_clear  nrf_drv_uart.o
    0x00001d52   0x00000002   PAD
    0x00001d54   0x00000078   Code   RO          578    i.pins_to_default   nrf_drv_uart.o
    0x00001dcc   0x0000003c   Code   RO         1543    i.postfix_process   nrf_log_str_formatter.o
    0x00001e08   0x0000005c   Code   RO         1544    i.prefix_process    nrf_log_str_formatter.o
    0x00001e64   0x00000032   Code   RO          579    i.rx_byte           nrf_drv_uart.o
    0x00001e96   0x00000018   Code   RO          580    i.rx_done_event     nrf_drv_uart.o
    0x00001eae   0x00000002   PAD
    0x00001eb0   0x00000028   Code   RO         1248    i.serial_tx         nrf_log_backend_uart.o
    0x00001ed8   0x00000090   Code   RO         1375    i.std_n             nrf_log_frontend.o
    0x00001f68   0x000000aa   Code   RO          388    i.twi_clear_bus     nrf_drv_twi.o
    0x00002012   0x00000002   PAD
    0x00002014   0x00000050   Code   RO           10    i.twi_init          main.o
    0x00002064   0x00000238   Code   RO          389    i.twim_xfer         nrf_drv_twi.o
    0x0000229c   0x00000020   Code   RO          582    i.tx_byte           nrf_drv_uart.o
    0x000022bc   0x0000001c   Code   RO          583    i.tx_done_event     nrf_drv_uart.o
    0x000022d8   0x0000000c   Code   RO         1249    i.uart_evt_handler  nrf_log_backend_uart.o
    0x000022e4   0x00000050   Code   RO         1250    i.uart_init         nrf_log_backend_uart.o
    0x00002334   0x0000011e   Code   RO          584    i.uart_irq_handler  nrf_drv_uart.o
    0x00002452   0x000000f0   Code   RO          585    i.uarte_irq_handler  nrf_drv_uart.o
    0x00002542   0x00000002   PAD
    0x00002544   0x000000b4   Code   RO         1028    i.unsigned_print    nrf_fprintf_format.o
    0x000025f8   0x00000028   Data   RO           11    .constdata          main.o
    0x00002620   0x0000000c   Data   RO          394    .constdata          nrf_drv_twi.o
    0x0000262c   0x00000010   Data   RO         1029    .constdata          nrf_fprintf_format.o
    0x0000263c   0x0000000c   Data   RO         1252    .constdata          nrf_log_backend_uart.o
    0x00002648   0x00000020   Data   RO         1253    .constdata          nrf_log_backend_uart.o
    0x00002668   0x00000014   Data   RO         1378    .constdata          nrf_log_frontend.o
    0x0000267c   0x00000081   Data   RO         1991    .constdata          mc_w.l(ctype_o.o)
    0x000026fd   0x00000003   PAD
    0x00002700   0x00000004   Data   RO         1992    .constdata          mc_w.l(ctype_o.o)
    0x00002704   0x00000066   Data   RO         1545    .conststring        nrf_log_str_formatter.o
    0x0000276a   0x00000002   PAD
    0x0000276c   0x00000004   Data   RO          395    .conststrlit        nrf_drv_twi.o
    0x00002770   0x00000005   Data   RO          587    .conststrlit        nrf_drv_uart.o
    0x00002775   0x00000003   PAD
    0x00002778   0x00000007   Data   RO          944    .conststrlit        nrf_balloc.o
    0x0000277f   0x00000001   PAD
    0x00002780   0x00000004   Data   RO         1380    .conststrlit        nrf_log_frontend.o
    0x00002784   0x00000020   Data   RO         2078    Region$$Table       anon$$obj.o
    0x000027a4   0x00000008   Data   RO          396    log_const_data      nrf_drv_twi.o
    0x000027ac   0x00000008   Data   RO          588    log_const_data      nrf_drv_uart.o
    0x000027b4   0x00000008   Data   RO          945    log_const_data      nrf_balloc.o
    0x000027bc   0x00000008   Data   RO         1384    log_const_data      nrf_log_frontend.o


    Execution Region RW_IRAM1 (Base: 0x20000000, Size: 0x00002600, Max: 0x00010000, ABSOLUTE)

    Base Addr    Size         Type   Attr      Idx    E Section Name        Object

    0x20000000   0x00000004   Data   RW          858    .data               app_util_platform.o
    0x20000004   0x0000000c   Data   RW         1254    .data               nrf_log_backend_uart.o
    0x20000010   0x0000000c   Data   RW         1317    .data               nrf_log_default_backends.o
    0x2000001c   0x00000008   Data   RW         1382    .data               nrf_log_frontend.o
    0x20000024   0x00000008   Data   RW         1383    .data               nrf_log_frontend.o
    0x2000002c   0x00000038   Data   RW         1546    .data               nrf_log_str_formatter.o
    0x20000064   0x00000004   Data   RW         1951    .data               system_nrf52.o
    0x20000068   0x0000000c   Data   RW          397    log_dynamic_data    nrf_drv_twi.o
    0x20000074   0x0000000c   Data   RW          589    log_dynamic_data    nrf_drv_uart.o
    0x20000080   0x0000000c   Data   RW          946    log_dynamic_data    nrf_balloc.o
    0x2000008c   0x0000000c   Data   RW         1385    log_dynamic_data    nrf_log_frontend.o
    0x20000098   0x00000028   Zero   RW          390    .bss                nrf_drv_twi.o
    0x200000c0   0x00000020   Zero   RW          586    .bss                nrf_drv_uart.o
    0x200000e0   0x00000040   Zero   RW         1251    .bss                nrf_log_backend_uart.o
    0x20000120   0x000000c0   Zero   RW         1376    .bss                nrf_log_frontend.o
    0x200001e0   0x00000420   Zero   RW         1377    .bss                nrf_log_frontend.o
    0x20000600   0x00002000   Zero   RW         1939    STACK               arm_startup_nrf52.o


==============================================================================

Image component sizes


      Code (inc. data)   RO Data    RW Data    ZI Data      Debug   Object Name

        22          0          0          0          0       2101   app_error.o
       120         40          0          0          0      27393   app_error_weak.o
        44         10          0          4          0       3356   app_util_platform.o
        36          8        512          0       8192        928   arm_startup_nrf52.o
       690        220         40          0          0      54310   main.o
       152          0         15         12          0       3773   nrf_balloc.o
        56          0          0          0          0      27471   nrf_drv_common.o
      1560         42         24         12         40      63315   nrf_drv_twi.o
      1784         60         13         12         32      37238   nrf_drv_uart.o
        50          0          0          0          0       3481   nrf_fprintf.o
       850          4         16          0          0       4698   nrf_fprintf_format.o
       210          0          0          0          0      10979   nrf_log_backend_serial.o
       188         36         44         12         64      12182   nrf_log_backend_uart.o
        28          6          0         12          0       3207   nrf_log_default_backends.o
      1442         88         32         28       1248      28882   nrf_log_frontend.o
       506         66        102         56          0       4960   nrf_log_str_formatter.o
       494          0          0          0          0      12319   nrf_memobj.o
       764         64          0          4          0       2963   system_nrf52.o

    ----------------------------------------------------------------------
      9024        644        836        152       9576     303556   Object Totals
         0          0         32          0          0          0   (incl. Generated)
        28          0          6          0          0          0   (incl. Padding)

    ----------------------------------------------------------------------

      Code (inc. data)   RO Data    RW Data    ZI Data      Debug   Library Member Name

         8          4        133          0          0         68   ctype_o.o
         0          0          0          0          0          0   entry.o
         0          0          0          0          0          0   entry10a.o
         0          0          0          0          0          0   entry11a.o
         8          4          0          0          0          0   entry2.o
         4          0          0          0          0          0   entry5.o
         0          0          0          0          0          0   entry7b.o
         0          0          0          0          0          0   entry8b.o
         8          4          0          0          0          0   entry9a.o
        30          0          0          0          0          0   handlers.o
        36          8          0          0          0         68   init.o
        36          0          0          0          0         68   memcpya.o
        36          0          0          0          0        108   memseta.o
        14          0          0          0          0         68   strlen.o

    ----------------------------------------------------------------------
       184         20        136          0          0        380   Library Totals
         4          0          3          0          0          0   (incl. Padding)

    ----------------------------------------------------------------------

      Code (inc. data)   RO Data    RW Data    ZI Data      Debug   Library Name

       180         20        133          0          0        380   mc_w.l

    ----------------------------------------------------------------------
       184         20        136          0          0        380   Library Totals

    ----------------------------------------------------------------------

==============================================================================


      Code (inc. data)   RO Data    RW Data    ZI Data      Debug   

      9208        664        972        152       9576     294588   Grand Totals
      9208        664        972        152       9576     294588   ELF Image Totals
      9208        664        972        152          0          0   ROM Totals

==============================================================================

    Total RO  Size (Code + RO Data)                10180 (   9.94kB)
    Total RW  Size (RW Data + ZI Data)              9728 (   9.50kB)
    Total ROM Size (Code + RO Data + RW Data)      10332 (  10.09kB)

==============================================================================

