<html>
<body>
<pre>
<h1>µVision Build Log</h1>
<h2>Tool Versions:</h2>
IDE-Version: •ÏVision V5.14.0.0
Copyright (C) 2015 ARM Ltd and ARM Germany GmbH. All rights reserved.
License Information: soyu jung, mates, LIC=JGXEV-PBQ4B-UX4UE-56XG8-XTR5Z-CH3W9
 
Tool Versions:
Toolchain:       MDK-ARM Basic (256K)  Version: 5.14.0.0
Toolchain Path:  C:\Keil_v5\ARM\ARMCC\Bin
C Compiler:      Armcc.exe V5.05 update 1 (build 106)
Assembler:       Armasm.exe V5.05 update 1 (build 106)
Linker/Locator:  ArmLink.exe V5.05 update 1 (build 106)
Library Manager: ArmAr.exe V5.05 update 1 (build 106)
Hex Converter:   FromElf.exe V5.05 update 1 (build 106)
CPU DLL:         
Dialog DLL:      
Target DLL:      Segger\JL2CM3.dll V2.99.13.0
Dialog DLL:      TCM.DLL V1.14.4.0
 
<h2>Project:</h2>
C:\Matescorp_Project\04. Zaigle\source\Zaigle\Device\SDK\examples\peripheral\twi_sensor\pca10040\blank\arm5_no_packs\twi_sensor_pca10040.uvprojx
Project File Date:  11/22/2017

<h2>Output:</h2>
Build target 'nrf52832_xxaa'
compiling main.c...
..\..\..\..\..\..\components\boards\pca10040.h(69): warning:  #9-D: nested comment is not allowed
  //*/
..\..\..\main.c(126): warning:  #177-D: variable "twi_config" was declared but never referenced
      const nrf_drv_twi_config_t twi_config = {
..\..\..\main.c(176): warning:  #177-D: variable "err_code" was declared but never referenced
                        ret_code_t err_code;
..\..\..\main.c(177): warning:  #177-D: variable "data_write" was declared but never referenced
        uint8_t data_write;
..\..\..\main.c(189): warning:  #177-D: variable "i" was declared but never referenced
  uint32_t i=0;
..\..\..\main.c: 5 warnings, 0 errors
linking...
Program Size: Code=9208 RO-data=972 RW-data=152 ZI-data=9576  
FromELF: creating hex file...
".\_build\nrf52832_xxaa.axf" - 0 Error(s), 5 Warning(s).

<h2>Software Packages used:</h2>

Package Vendor: ARM
                http://www.keil.com/pack/ARM.CMSIS.4.5.0.pack
                ARM::CMSIS:CORE:4.3.0
                CMSIS (Cortex Microcontroller Software Interface Standard)
   * Component: CORE Version: 4.3.0

Package Vendor: NordicSemiconductor
                http://developer.nordicsemi.com/nRF5_SDK/pieces/nRF_DeviceFamilyPack/NordicSemiconductor.nRF_DeviceFamilyPack.8.15.0.pack
                NordicSemiconductor::Device:Startup:8.15.0
                Nordic Semiconductor nRF ARM devices Device Family Pack.
   * Component: Startup Version: 8.15.0

<h2>Collection of Component include folders:</h2>
  C:\Matescorp_Project\04. Zaigle\source\Zaigle\Device\SDK\examples\peripheral\twi_sensor\pca10040\blank\arm5_no_packs\RTE
  C:\Keil_v5\ARM\PACK\ARM\CMSIS\4.5.0\CMSIS\Include
  C:\Keil_v5\ARM\PACK\NordicSemiconductor\nRF_DeviceFamilyPack\8.15.0\Device\Include

<h2>Collection of Component Files used:</h2>

   * Component: ARM::CMSIS:CORE:4.3.0

   * Component: NordicSemiconductor::Device:Startup:8.15.0
      Source file:   Device\Source\arm\arm_startup_nrf52.s
      Source file:   Device\Source\system_nrf52.c
      Include file:  Device\Include\system_nrf52.h
</pre>
</body>
</html>
